D:/vibration_sensor/Vibration_LoRa/Vibration_LoRa/NFC7/custom_nfc07a1_nfctag.c:1035:9:NFC07A1_GetTick	0	static
D:/vibration_sensor/Vibration_LoRa/Vibration_LoRa/NFC7/custom_nfc07a1_nfctag.c:53:9:CUSTOM_NFCTAG_Init	40	static
D:/vibration_sensor/Vibration_LoRa/Vibration_LoRa/NFC7/custom_nfc07a1_nfctag.c:92:6:CUSTOM_NFCTAG_DeInit	0	static
D:/vibration_sensor/Vibration_LoRa/Vibration_LoRa/NFC7/custom_nfc07a1_nfctag.c:108:9:CUSTOM_NFCTAG_isInitialized	0	static
D:/vibration_sensor/Vibration_LoRa/Vibration_LoRa/NFC7/custom_nfc07a1_nfctag.c:119:9:CUSTOM_NFCTAG_ReadID	0	static
D:/vibration_sensor/Vibration_LoRa/Vibration_LoRa/NFC7/custom_nfc07a1_nfctag.c:135:9:CUSTOM_NFCTAG_IsDeviceReady	0	static
D:/vibration_sensor/Vibration_LoRa/Vibration_LoRa/NFC7/custom_nfc07a1_nfctag.c:153:9:CUSTOM_NFCTAG_ConfigIT	0	static
D:/vibration_sensor/Vibration_LoRa/Vibration_LoRa/NFC7/custom_nfc07a1_nfctag.c:170:9:CUSTOM_NFCTAG_GetITStatus	0	static
D:/vibration_sensor/Vibration_LoRa/Vibration_LoRa/NFC7/custom_nfc07a1_nfctag.c:188:9:CUSTOM_NFCTAG_ReadData	4	static
D:/vibration_sensor/Vibration_LoRa/Vibration_LoRa/NFC7/custom_nfc07a1_nfctag.c:206:9:CUSTOM_NFCTAG_WriteData	4	static
D:/vibration_sensor/Vibration_LoRa/Vibration_LoRa/NFC7/custom_nfc07a1_nfctag.c:224:9:CUSTOM_NFCTAG_ReadRegister	0	static
D:/vibration_sensor/Vibration_LoRa/Vibration_LoRa/NFC7/custom_nfc07a1_nfctag.c:238:9:CUSTOM_NFCTAG_WriteRegister	16	static
D:/vibration_sensor/Vibration_LoRa/Vibration_LoRa/NFC7/custom_nfc07a1_nfctag.c:257:10:CUSTOM_NFCTAG_GetByteSize	16	static
D:/vibration_sensor/Vibration_LoRa/Vibration_LoRa/NFC7/custom_nfc07a1_nfctag.c:271:9:CUSTOM_NFCTAG_ReadICRev	0	static
D:/vibration_sensor/Vibration_LoRa/Vibration_LoRa/NFC7/custom_nfc07a1_nfctag.c:282:9:CUSTOM_NFCTAG_ReadITPulse	0	static
D:/vibration_sensor/Vibration_LoRa/Vibration_LoRa/NFC7/custom_nfc07a1_nfctag.c:294:9:CUSTOM_NFCTAG_WriteITPulse	0	static
D:/vibration_sensor/Vibration_LoRa/Vibration_LoRa/NFC7/custom_nfc07a1_nfctag.c:305:9:CUSTOM_NFCTAG_ReadUID	0	static
D:/vibration_sensor/Vibration_LoRa/Vibration_LoRa/NFC7/custom_nfc07a1_nfctag.c:316:9:CUSTOM_NFCTAG_ReadDSFID	0	static
D:/vibration_sensor/Vibration_LoRa/Vibration_LoRa/NFC7/custom_nfc07a1_nfctag.c:327:9:CUSTOM_NFCTAG_ReadDsfidRFProtection	0	static
D:/vibration_sensor/Vibration_LoRa/Vibration_LoRa/NFC7/custom_nfc07a1_nfctag.c:338:9:CUSTOM_NFCTAG_ReadAFI	0	static
D:/vibration_sensor/Vibration_LoRa/Vibration_LoRa/NFC7/custom_nfc07a1_nfctag.c:349:9:CUSTOM_NFCTAG_ReadAfiRFProtection	0	static
D:/vibration_sensor/Vibration_LoRa/Vibration_LoRa/NFC7/custom_nfc07a1_nfctag.c:360:9:CUSTOM_NFCTAG_ReadI2CProtectZone	0	static
D:/vibration_sensor/Vibration_LoRa/Vibration_LoRa/NFC7/custom_nfc07a1_nfctag.c:373:9:CUSTOM_NFCTAG_WriteI2CProtectZonex	0	static
D:/vibration_sensor/Vibration_LoRa/Vibration_LoRa/NFC7/custom_nfc07a1_nfctag.c:384:9:CUSTOM_NFCTAG_ReadLockCCFile	0	static
D:/vibration_sensor/Vibration_LoRa/Vibration_LoRa/NFC7/custom_nfc07a1_nfctag.c:397:9:CUSTOM_NFCTAG_WriteLockCCFile	0	static
D:/vibration_sensor/Vibration_LoRa/Vibration_LoRa/NFC7/custom_nfc07a1_nfctag.c:408:9:CUSTOM_NFCTAG_ReadLockCFG	0	static
D:/vibration_sensor/Vibration_LoRa/Vibration_LoRa/NFC7/custom_nfc07a1_nfctag.c:420:9:CUSTOM_NFCTAG_WriteLockCFG	0	static
D:/vibration_sensor/Vibration_LoRa/Vibration_LoRa/NFC7/custom_nfc07a1_nfctag.c:431:9:CUSTOM_NFCTAG_PresentI2CPassword	8	static
D:/vibration_sensor/Vibration_LoRa/Vibration_LoRa/NFC7/custom_nfc07a1_nfctag.c:443:9:CUSTOM_NFCTAG_WriteI2CPassword	8	static
D:/vibration_sensor/Vibration_LoRa/Vibration_LoRa/NFC7/custom_nfc07a1_nfctag.c:455:9:CUSTOM_NFCTAG_ReadRFZxSS	0	static
D:/vibration_sensor/Vibration_LoRa/Vibration_LoRa/NFC7/custom_nfc07a1_nfctag.c:468:9:CUSTOM_NFCTAG_WriteRFZxSS	8	static
D:/vibration_sensor/Vibration_LoRa/Vibration_LoRa/NFC7/custom_nfc07a1_nfctag.c:480:9:CUSTOM_NFCTAG_ReadEndZonex	0	static
D:/vibration_sensor/Vibration_LoRa/Vibration_LoRa/NFC7/custom_nfc07a1_nfctag.c:495:9:CUSTOM_NFCTAG_WriteEndZonex	0	static
D:/vibration_sensor/Vibration_LoRa/Vibration_LoRa/NFC7/custom_nfc07a1_nfctag.c:508:9:CUSTOM_NFCTAG_InitEndZone	0	static
D:/vibration_sensor/Vibration_LoRa/Vibration_LoRa/NFC7/custom_nfc07a1_nfctag.c:523:9:CUSTOM_NFCTAG_CreateUserZone	0	static
D:/vibration_sensor/Vibration_LoRa/Vibration_LoRa/NFC7/custom_nfc07a1_nfctag.c:534:9:CUSTOM_NFCTAG_ReadMemSize	0	static
D:/vibration_sensor/Vibration_LoRa/Vibration_LoRa/NFC7/custom_nfc07a1_nfctag.c:545:9:CUSTOM_NFCTAG_ReadEHMode	0	static
D:/vibration_sensor/Vibration_LoRa/Vibration_LoRa/NFC7/custom_nfc07a1_nfctag.c:557:9:CUSTOM_NFCTAG_WriteEHMode	0	static
D:/vibration_sensor/Vibration_LoRa/Vibration_LoRa/NFC7/custom_nfc07a1_nfctag.c:568:9:CUSTOM_NFCTAG_ReadRFMngt	0	static
D:/vibration_sensor/Vibration_LoRa/Vibration_LoRa/NFC7/custom_nfc07a1_nfctag.c:580:9:CUSTOM_NFCTAG_WriteRFMngt	0	static
D:/vibration_sensor/Vibration_LoRa/Vibration_LoRa/NFC7/custom_nfc07a1_nfctag.c:591:9:CUSTOM_NFCTAG_GetRFDisable	0	static
D:/vibration_sensor/Vibration_LoRa/Vibration_LoRa/NFC7/custom_nfc07a1_nfctag.c:602:9:CUSTOM_NFCTAG_SetRFDisable	0	static
D:/vibration_sensor/Vibration_LoRa/Vibration_LoRa/NFC7/custom_nfc07a1_nfctag.c:613:9:CUSTOM_NFCTAG_ResetRFDisable	0	static
D:/vibration_sensor/Vibration_LoRa/Vibration_LoRa/NFC7/custom_nfc07a1_nfctag.c:624:9:CUSTOM_NFCTAG_GetRFSleep	0	static
D:/vibration_sensor/Vibration_LoRa/Vibration_LoRa/NFC7/custom_nfc07a1_nfctag.c:635:9:CUSTOM_NFCTAG_SetRFSleep	0	static
D:/vibration_sensor/Vibration_LoRa/Vibration_LoRa/NFC7/custom_nfc07a1_nfctag.c:646:9:CUSTOM_NFCTAG_ResetRFSleep	0	static
D:/vibration_sensor/Vibration_LoRa/Vibration_LoRa/NFC7/custom_nfc07a1_nfctag.c:657:9:CUSTOM_NFCTAG_ReadMBMode	0	static
D:/vibration_sensor/Vibration_LoRa/Vibration_LoRa/NFC7/custom_nfc07a1_nfctag.c:669:9:CUSTOM_NFCTAG_WriteMBMode	0	static
D:/vibration_sensor/Vibration_LoRa/Vibration_LoRa/NFC7/custom_nfc07a1_nfctag.c:680:9:CUSTOM_NFCTAG_ReadMBWDG	0	static
D:/vibration_sensor/Vibration_LoRa/Vibration_LoRa/NFC7/custom_nfc07a1_nfctag.c:692:9:CUSTOM_NFCTAG_WriteMBWDG	0	static
D:/vibration_sensor/Vibration_LoRa/Vibration_LoRa/NFC7/custom_nfc07a1_nfctag.c:705:9:CUSTOM_NFCTAG_ReadMailboxData	0	static
D:/vibration_sensor/Vibration_LoRa/Vibration_LoRa/NFC7/custom_nfc07a1_nfctag.c:717:9:CUSTOM_NFCTAG_WriteMailboxData	0	static
D:/vibration_sensor/Vibration_LoRa/Vibration_LoRa/NFC7/custom_nfc07a1_nfctag.c:730:9:CUSTOM_NFCTAG_ReadMailboxRegister	0	static
D:/vibration_sensor/Vibration_LoRa/Vibration_LoRa/NFC7/custom_nfc07a1_nfctag.c:743:9:CUSTOM_NFCTAG_WriteMailboxRegister	0	static
D:/vibration_sensor/Vibration_LoRa/Vibration_LoRa/NFC7/custom_nfc07a1_nfctag.c:754:9:CUSTOM_NFCTAG_ReadI2CSecuritySession_Dyn	0	static
D:/vibration_sensor/Vibration_LoRa/Vibration_LoRa/NFC7/custom_nfc07a1_nfctag.c:774:9:CUSTOM_NFCTAG_ReadITSTStatus_Dyn	0	static
D:/vibration_sensor/Vibration_LoRa/Vibration_LoRa/NFC7/custom_nfc07a1_nfctag.c:785:9:CUSTOM_NFCTAG_ReadGPO_Dyn	0	static
D:/vibration_sensor/Vibration_LoRa/Vibration_LoRa/NFC7/custom_nfc07a1_nfctag.c:796:9:CUSTOM_NFCTAG_GetGPO_en_Dyn	0	static
D:/vibration_sensor/Vibration_LoRa/Vibration_LoRa/NFC7/custom_nfc07a1_nfctag.c:807:9:CUSTOM_NFCTAG_SetGPO_en_Dyn	0	static
D:/vibration_sensor/Vibration_LoRa/Vibration_LoRa/NFC7/custom_nfc07a1_nfctag.c:818:9:CUSTOM_NFCTAG_ResetGPO_en_Dyn	0	static
D:/vibration_sensor/Vibration_LoRa/Vibration_LoRa/NFC7/custom_nfc07a1_nfctag.c:829:9:CUSTOM_NFCTAG_ReadEHCtrl_Dyn	0	static
D:/vibration_sensor/Vibration_LoRa/Vibration_LoRa/NFC7/custom_nfc07a1_nfctag.c:840:9:CUSTOM_NFCTAG_GetEHENMode_Dyn	0	static
D:/vibration_sensor/Vibration_LoRa/Vibration_LoRa/NFC7/custom_nfc07a1_nfctag.c:850:9:CUSTOM_NFCTAG_SetEHENMode_Dyn	0	static
D:/vibration_sensor/Vibration_LoRa/Vibration_LoRa/NFC7/custom_nfc07a1_nfctag.c:860:9:CUSTOM_NFCTAG_ResetEHENMode_Dyn	0	static
D:/vibration_sensor/Vibration_LoRa/Vibration_LoRa/NFC7/custom_nfc07a1_nfctag.c:871:9:CUSTOM_NFCTAG_GetEHON_Dyn	0	static
D:/vibration_sensor/Vibration_LoRa/Vibration_LoRa/NFC7/custom_nfc07a1_nfctag.c:882:9:CUSTOM_NFCTAG_GetRFField_Dyn	0	static
D:/vibration_sensor/Vibration_LoRa/Vibration_LoRa/NFC7/custom_nfc07a1_nfctag.c:893:9:CUSTOM_NFCTAG_GetVCC_Dyn	0	static
D:/vibration_sensor/Vibration_LoRa/Vibration_LoRa/NFC7/custom_nfc07a1_nfctag.c:904:9:CUSTOM_NFCTAG_ReadRFMngt_Dyn	0	static
D:/vibration_sensor/Vibration_LoRa/Vibration_LoRa/NFC7/custom_nfc07a1_nfctag.c:915:9:CUSTOM_NFCTAG_WriteRFMngt_Dyn	0	static
D:/vibration_sensor/Vibration_LoRa/Vibration_LoRa/NFC7/custom_nfc07a1_nfctag.c:926:9:CUSTOM_NFCTAG_GetRFDisable_Dyn	0	static
D:/vibration_sensor/Vibration_LoRa/Vibration_LoRa/NFC7/custom_nfc07a1_nfctag.c:936:9:CUSTOM_NFCTAG_SetRFDisable_Dyn	0	static
D:/vibration_sensor/Vibration_LoRa/Vibration_LoRa/NFC7/custom_nfc07a1_nfctag.c:946:9:CUSTOM_NFCTAG_ResetRFDisable_Dyn	0	static
D:/vibration_sensor/Vibration_LoRa/Vibration_LoRa/NFC7/custom_nfc07a1_nfctag.c:957:9:CUSTOM_NFCTAG_GetRFSleep_Dyn	0	static
D:/vibration_sensor/Vibration_LoRa/Vibration_LoRa/NFC7/custom_nfc07a1_nfctag.c:967:9:CUSTOM_NFCTAG_SetRFSleep_Dyn	0	static
D:/vibration_sensor/Vibration_LoRa/Vibration_LoRa/NFC7/custom_nfc07a1_nfctag.c:977:9:CUSTOM_NFCTAG_ResetRFSleep_Dyn	0	static
D:/vibration_sensor/Vibration_LoRa/Vibration_LoRa/NFC7/custom_nfc07a1_nfctag.c:988:9:CUSTOM_NFCTAG_ReadMBCtrl_Dyn	0	static
D:/vibration_sensor/Vibration_LoRa/Vibration_LoRa/NFC7/custom_nfc07a1_nfctag.c:998:9:CUSTOM_NFCTAG_GetMBEN_Dyn	0	static
D:/vibration_sensor/Vibration_LoRa/Vibration_LoRa/NFC7/custom_nfc07a1_nfctag.c:1008:9:CUSTOM_NFCTAG_SetMBEN_Dyn	0	static
D:/vibration_sensor/Vibration_LoRa/Vibration_LoRa/NFC7/custom_nfc07a1_nfctag.c:1018:9:CUSTOM_NFCTAG_ResetMBEN_Dyn	0	static
D:/vibration_sensor/Vibration_LoRa/Vibration_LoRa/NFC7/custom_nfc07a1_nfctag.c:1029:9:CUSTOM_NFCTAG_ReadMBLength_Dyn	0	static
