D:/vibration_sensor/Vibration_LoRa/Vibration_LoRa/NFC7/custom_nfc07a1_nfctag.c:1036:9:NFC07A1_GetTick	0	static
D:/vibration_sensor/Vibration_LoRa/Vibration_LoRa/NFC7/custom_nfc07a1_nfctag.c:53:9:CUSTOM_NFCTAG_Init	40	static
D:/vibration_sensor/Vibration_LoRa/Vibration_LoRa/NFC7/custom_nfc07a1_nfctag.c:92:6:CUSTOM_NFCTAG_DeInit	0	static
D:/vibration_sensor/Vibration_LoRa/Vibration_LoRa/NFC7/custom_nfc07a1_nfctag.c:108:9:CUSTOM_NFCTAG_isInitialized	0	static
D:/vibration_sensor/Vibration_LoRa/Vibration_LoRa/NFC7/custom_nfc07a1_nfctag.c:119:9:CUSTOM_NFCTAG_ReadID	0	static
D:/vibration_sensor/Vibration_LoRa/Vibration_LoRa/NFC7/custom_nfc07a1_nfctag.c:135:9:CUSTOM_NFCTAG_IsDeviceReady	0	static
D:/vibration_sensor/Vibration_LoRa/Vibration_LoRa/NFC7/custom_nfc07a1_nfctag.c:153:9:CUSTOM_NFCTAG_ConfigIT	0	static
D:/vibration_sensor/Vibration_LoRa/Vibration_LoRa/NFC7/custom_nfc07a1_nfctag.c:170:9:CUSTOM_NFCTAG_GetITStatus	0	static
D:/vibration_sensor/Vibration_LoRa/Vibration_LoRa/NFC7/custom_nfc07a1_nfctag.c:188:9:CUSTOM_NFCTAG_ReadData	4	static
D:/vibration_sensor/Vibration_LoRa/Vibration_LoRa/NFC7/custom_nfc07a1_nfctag.c:206:9:CUSTOM_NFCTAG_WriteData	4	static
D:/vibration_sensor/Vibration_LoRa/Vibration_LoRa/NFC7/custom_nfc07a1_nfctag.c:224:9:CUSTOM_NFCTAG_ReadRegister	0	static
D:/vibration_sensor/Vibration_LoRa/Vibration_LoRa/NFC7/custom_nfc07a1_nfctag.c:238:9:CUSTOM_NFCTAG_WriteRegister	16	static
D:/vibration_sensor/Vibration_LoRa/Vibration_LoRa/NFC7/custom_nfc07a1_nfctag.c:257:10:CUSTOM_NFCTAG_GetByteSize	16	static
D:/vibration_sensor/Vibration_LoRa/Vibration_LoRa/NFC7/custom_nfc07a1_nfctag.c:271:9:CUSTOM_NFCTAG_ReadICRev	0	static
D:/vibration_sensor/Vibration_LoRa/Vibration_LoRa/NFC7/custom_nfc07a1_nfctag.c:282:9:CUSTOM_NFCTAG_ReadITPulse	0	static
D:/vibration_sensor/Vibration_LoRa/Vibration_LoRa/NFC7/custom_nfc07a1_nfctag.c:294:9:CUSTOM_NFCTAG_WriteITPulse	0	static
D:/vibration_sensor/Vibration_LoRa/Vibration_LoRa/NFC7/custom_nfc07a1_nfctag.c:305:9:CUSTOM_NFCTAG_ReadUID	0	static
D:/vibration_sensor/Vibration_LoRa/Vibration_LoRa/NFC7/custom_nfc07a1_nfctag.c:316:9:CUSTOM_NFCTAG_ReadDSFID	0	static
D:/vibration_sensor/Vibration_LoRa/Vibration_LoRa/NFC7/custom_nfc07a1_nfctag.c:327:9:CUSTOM_NFCTAG_ReadDsfidRFProtection	0	static
D:/vibration_sensor/Vibration_LoRa/Vibration_LoRa/NFC7/custom_nfc07a1_nfctag.c:338:9:CUSTOM_NFCTAG_ReadAFI	0	static
D:/vibration_sensor/Vibration_LoRa/Vibration_LoRa/NFC7/custom_nfc07a1_nfctag.c:349:9:CUSTOM_NFCTAG_ReadAfiRFProtection	0	static
D:/vibration_sensor/Vibration_LoRa/Vibration_LoRa/NFC7/custom_nfc07a1_nfctag.c:360:9:CUSTOM_NFCTAG_ReadI2CProtectZone	0	static
D:/vibration_sensor/Vibration_LoRa/Vibration_LoRa/NFC7/custom_nfc07a1_nfctag.c:373:9:CUSTOM_NFCTAG_WriteI2CProtectZonex	0	static
D:/vibration_sensor/Vibration_LoRa/Vibration_LoRa/NFC7/custom_nfc07a1_nfctag.c:384:9:CUSTOM_NFCTAG_ReadLockCCFile	0	static
D:/vibration_sensor/Vibration_LoRa/Vibration_LoRa/NFC7/custom_nfc07a1_nfctag.c:397:9:CUSTOM_NFCTAG_WriteLockCCFile	0	static
D:/vibration_sensor/Vibration_LoRa/Vibration_LoRa/NFC7/custom_nfc07a1_nfctag.c:408:9:CUSTOM_NFCTAG_ReadLockCFG	0	static
D:/vibration_sensor/Vibration_LoRa/Vibration_LoRa/NFC7/custom_nfc07a1_nfctag.c:420:9:CUSTOM_NFCTAG_WriteLockCFG	0	static
D:/vibration_sensor/Vibration_LoRa/Vibration_LoRa/NFC7/custom_nfc07a1_nfctag.c:431:9:CUSTOM_NFCTAG_PresentI2CPassword	8	static
D:/vibration_sensor/Vibration_LoRa/Vibration_LoRa/NFC7/custom_nfc07a1_nfctag.c:443:9:CUSTOM_NFCTAG_WriteI2CPassword	8	static
D:/vibration_sensor/Vibration_LoRa/Vibration_LoRa/NFC7/custom_nfc07a1_nfctag.c:455:9:CUSTOM_NFCTAG_ReadRFZxSS	0	static
D:/vibration_sensor/Vibration_LoRa/Vibration_LoRa/NFC7/custom_nfc07a1_nfctag.c:468:9:CUSTOM_NFCTAG_WriteRFZxSS	8	static
D:/vibration_sensor/Vibration_LoRa/Vibration_LoRa/NFC7/custom_nfc07a1_nfctag.c:480:9:CUSTOM_NFCTAG_ReadEndZonex	0	static
D:/vibration_sensor/Vibration_LoRa/Vibration_LoRa/NFC7/custom_nfc07a1_nfctag.c:495:9:CUSTOM_NFCTAG_WriteEndZonex	0	static
D:/vibration_sensor/Vibration_LoRa/Vibration_LoRa/NFC7/custom_nfc07a1_nfctag.c:508:9:CUSTOM_NFCTAG_InitEndZone	0	static
D:/vibration_sensor/Vibration_LoRa/Vibration_LoRa/NFC7/custom_nfc07a1_nfctag.c:523:9:CUSTOM_NFCTAG_CreateUserZone	0	static
D:/vibration_sensor/Vibration_LoRa/Vibration_LoRa/NFC7/custom_nfc07a1_nfctag.c:534:9:CUSTOM_NFCTAG_ReadMemSize	0	static
D:/vibration_sensor/Vibration_LoRa/Vibration_LoRa/NFC7/custom_nfc07a1_nfctag.c:545:9:CUSTOM_NFCTAG_ReadEHMode	0	static
D:/vibration_sensor/Vibration_LoRa/Vibration_LoRa/NFC7/custom_nfc07a1_nfctag.c:557:9:CUSTOM_NFCTAG_WriteEHMode	0	static
D:/vibration_sensor/Vibration_LoRa/Vibration_LoRa/NFC7/custom_nfc07a1_nfctag.c:569:9:CUSTOM_NFCTAG_ReadRFMngt	0	static
D:/vibration_sensor/Vibration_LoRa/Vibration_LoRa/NFC7/custom_nfc07a1_nfctag.c:581:9:CUSTOM_NFCTAG_WriteRFMngt	0	static
D:/vibration_sensor/Vibration_LoRa/Vibration_LoRa/NFC7/custom_nfc07a1_nfctag.c:592:9:CUSTOM_NFCTAG_GetRFDisable	0	static
D:/vibration_sensor/Vibration_LoRa/Vibration_LoRa/NFC7/custom_nfc07a1_nfctag.c:603:9:CUSTOM_NFCTAG_SetRFDisable	0	static
D:/vibration_sensor/Vibration_LoRa/Vibration_LoRa/NFC7/custom_nfc07a1_nfctag.c:614:9:CUSTOM_NFCTAG_ResetRFDisable	0	static
D:/vibration_sensor/Vibration_LoRa/Vibration_LoRa/NFC7/custom_nfc07a1_nfctag.c:625:9:CUSTOM_NFCTAG_GetRFSleep	0	static
D:/vibration_sensor/Vibration_LoRa/Vibration_LoRa/NFC7/custom_nfc07a1_nfctag.c:636:9:CUSTOM_NFCTAG_SetRFSleep	0	static
D:/vibration_sensor/Vibration_LoRa/Vibration_LoRa/NFC7/custom_nfc07a1_nfctag.c:647:9:CUSTOM_NFCTAG_ResetRFSleep	0	static
D:/vibration_sensor/Vibration_LoRa/Vibration_LoRa/NFC7/custom_nfc07a1_nfctag.c:658:9:CUSTOM_NFCTAG_ReadMBMode	0	static
D:/vibration_sensor/Vibration_LoRa/Vibration_LoRa/NFC7/custom_nfc07a1_nfctag.c:670:9:CUSTOM_NFCTAG_WriteMBMode	0	static
D:/vibration_sensor/Vibration_LoRa/Vibration_LoRa/NFC7/custom_nfc07a1_nfctag.c:681:9:CUSTOM_NFCTAG_ReadMBWDG	0	static
D:/vibration_sensor/Vibration_LoRa/Vibration_LoRa/NFC7/custom_nfc07a1_nfctag.c:693:9:CUSTOM_NFCTAG_WriteMBWDG	0	static
D:/vibration_sensor/Vibration_LoRa/Vibration_LoRa/NFC7/custom_nfc07a1_nfctag.c:706:9:CUSTOM_NFCTAG_ReadMailboxData	0	static
D:/vibration_sensor/Vibration_LoRa/Vibration_LoRa/NFC7/custom_nfc07a1_nfctag.c:718:9:CUSTOM_NFCTAG_WriteMailboxData	0	static
D:/vibration_sensor/Vibration_LoRa/Vibration_LoRa/NFC7/custom_nfc07a1_nfctag.c:731:9:CUSTOM_NFCTAG_ReadMailboxRegister	0	static
D:/vibration_sensor/Vibration_LoRa/Vibration_LoRa/NFC7/custom_nfc07a1_nfctag.c:744:9:CUSTOM_NFCTAG_WriteMailboxRegister	0	static
D:/vibration_sensor/Vibration_LoRa/Vibration_LoRa/NFC7/custom_nfc07a1_nfctag.c:755:9:CUSTOM_NFCTAG_ReadI2CSecuritySession_Dyn	0	static
D:/vibration_sensor/Vibration_LoRa/Vibration_LoRa/NFC7/custom_nfc07a1_nfctag.c:775:9:CUSTOM_NFCTAG_ReadITSTStatus_Dyn	0	static
D:/vibration_sensor/Vibration_LoRa/Vibration_LoRa/NFC7/custom_nfc07a1_nfctag.c:786:9:CUSTOM_NFCTAG_ReadGPO_Dyn	0	static
D:/vibration_sensor/Vibration_LoRa/Vibration_LoRa/NFC7/custom_nfc07a1_nfctag.c:797:9:CUSTOM_NFCTAG_GetGPO_en_Dyn	0	static
D:/vibration_sensor/Vibration_LoRa/Vibration_LoRa/NFC7/custom_nfc07a1_nfctag.c:808:9:CUSTOM_NFCTAG_SetGPO_en_Dyn	0	static
D:/vibration_sensor/Vibration_LoRa/Vibration_LoRa/NFC7/custom_nfc07a1_nfctag.c:819:9:CUSTOM_NFCTAG_ResetGPO_en_Dyn	0	static
D:/vibration_sensor/Vibration_LoRa/Vibration_LoRa/NFC7/custom_nfc07a1_nfctag.c:830:9:CUSTOM_NFCTAG_ReadEHCtrl_Dyn	0	static
D:/vibration_sensor/Vibration_LoRa/Vibration_LoRa/NFC7/custom_nfc07a1_nfctag.c:841:9:CUSTOM_NFCTAG_GetEHENMode_Dyn	0	static
D:/vibration_sensor/Vibration_LoRa/Vibration_LoRa/NFC7/custom_nfc07a1_nfctag.c:851:9:CUSTOM_NFCTAG_SetEHENMode_Dyn	0	static
D:/vibration_sensor/Vibration_LoRa/Vibration_LoRa/NFC7/custom_nfc07a1_nfctag.c:861:9:CUSTOM_NFCTAG_ResetEHENMode_Dyn	0	static
D:/vibration_sensor/Vibration_LoRa/Vibration_LoRa/NFC7/custom_nfc07a1_nfctag.c:872:9:CUSTOM_NFCTAG_GetEHON_Dyn	0	static
D:/vibration_sensor/Vibration_LoRa/Vibration_LoRa/NFC7/custom_nfc07a1_nfctag.c:883:9:CUSTOM_NFCTAG_GetRFField_Dyn	0	static
D:/vibration_sensor/Vibration_LoRa/Vibration_LoRa/NFC7/custom_nfc07a1_nfctag.c:894:9:CUSTOM_NFCTAG_GetVCC_Dyn	0	static
D:/vibration_sensor/Vibration_LoRa/Vibration_LoRa/NFC7/custom_nfc07a1_nfctag.c:905:9:CUSTOM_NFCTAG_ReadRFMngt_Dyn	0	static
D:/vibration_sensor/Vibration_LoRa/Vibration_LoRa/NFC7/custom_nfc07a1_nfctag.c:916:9:CUSTOM_NFCTAG_WriteRFMngt_Dyn	0	static
D:/vibration_sensor/Vibration_LoRa/Vibration_LoRa/NFC7/custom_nfc07a1_nfctag.c:927:9:CUSTOM_NFCTAG_GetRFDisable_Dyn	0	static
D:/vibration_sensor/Vibration_LoRa/Vibration_LoRa/NFC7/custom_nfc07a1_nfctag.c:937:9:CUSTOM_NFCTAG_SetRFDisable_Dyn	0	static
D:/vibration_sensor/Vibration_LoRa/Vibration_LoRa/NFC7/custom_nfc07a1_nfctag.c:947:9:CUSTOM_NFCTAG_ResetRFDisable_Dyn	0	static
D:/vibration_sensor/Vibration_LoRa/Vibration_LoRa/NFC7/custom_nfc07a1_nfctag.c:958:9:CUSTOM_NFCTAG_GetRFSleep_Dyn	0	static
D:/vibration_sensor/Vibration_LoRa/Vibration_LoRa/NFC7/custom_nfc07a1_nfctag.c:968:9:CUSTOM_NFCTAG_SetRFSleep_Dyn	0	static
D:/vibration_sensor/Vibration_LoRa/Vibration_LoRa/NFC7/custom_nfc07a1_nfctag.c:978:9:CUSTOM_NFCTAG_ResetRFSleep_Dyn	0	static
D:/vibration_sensor/Vibration_LoRa/Vibration_LoRa/NFC7/custom_nfc07a1_nfctag.c:989:9:CUSTOM_NFCTAG_ReadMBCtrl_Dyn	0	static
D:/vibration_sensor/Vibration_LoRa/Vibration_LoRa/NFC7/custom_nfc07a1_nfctag.c:999:9:CUSTOM_NFCTAG_GetMBEN_Dyn	0	static
D:/vibration_sensor/Vibration_LoRa/Vibration_LoRa/NFC7/custom_nfc07a1_nfctag.c:1009:9:CUSTOM_NFCTAG_SetMBEN_Dyn	0	static
D:/vibration_sensor/Vibration_LoRa/Vibration_LoRa/NFC7/custom_nfc07a1_nfctag.c:1019:9:CUSTOM_NFCTAG_ResetMBEN_Dyn	0	static
D:/vibration_sensor/Vibration_LoRa/Vibration_LoRa/NFC7/custom_nfc07a1_nfctag.c:1030:9:CUSTOM_NFCTAG_ReadMBLength_Dyn	0	static
