../../Drivers/CMSIS/Include/core_cm4.h:1933:34:__NVIC_SystemReset	4	static,ignoring_inline_asm
D:/Vibration test/HM-010_[VBT]/LoRaWAN/App/lora_app.c:422:6:LoRaWAN_Init	32	static
D:/Vibration test/HM-010_[VBT]/LoRaWAN/App/lora_app.c:521:6:HAL_GPIO_EXTI_Callback	16	static
D:/Vibration test/HM-010_[VBT]/LoRaWAN/App/lora_app.c:546:13:OnRxData	48	static
D:/Vibration test/HM-010_[VBT]/LoRaWAN/App/lora_app.c:633:13:SendTxData	32	static
D:/Vibration test/HM-010_[VBT]/LoRaWAN/App/lora_app.c:750:13:OnTxTimerEvent	16	static
D:/Vibration test/HM-010_[VBT]/LoRaWAN/App/lora_app.c:765:13:OnTxTimerLedEvent	16	static
D:/Vibration test/HM-010_[VBT]/LoRaWAN/App/lora_app.c:772:13:OnRxTimerLedEvent	16	static
D:/Vibration test/HM-010_[VBT]/LoRaWAN/App/lora_app.c:777:13:OnJoinTimerLedEvent	16	static
D:/Vibration test/HM-010_[VBT]/LoRaWAN/App/lora_app.c:784:13:OnTxData	32	static
D:/Vibration test/HM-010_[VBT]/LoRaWAN/App/lora_app.c:828:13:OnJoinRequest	24	static
D:/Vibration test/HM-010_[VBT]/LoRaWAN/App/lora_app.c:862:13:OnBeaconStatusChange	96	static
D:/Vibration test/HM-010_[VBT]/LoRaWAN/App/lora_app.c:897:13:OnSysTimeUpdate	4	static
D:/Vibration test/HM-010_[VBT]/LoRaWAN/App/lora_app.c:904:13:OnClassChange	24	static
D:/Vibration test/HM-010_[VBT]/LoRaWAN/App/lora_app.c:911:13:OnMacProcessNotify	8	static
D:/Vibration test/HM-010_[VBT]/LoRaWAN/App/lora_app.c:923:13:OnTxPeriodicityChanged	16	static
D:/Vibration test/HM-010_[VBT]/LoRaWAN/App/lora_app.c:945:13:OnTxFrameCtrlChanged	16	static
D:/Vibration test/HM-010_[VBT]/LoRaWAN/App/lora_app.c:956:13:OnPingSlotPeriodicityChanged	16	static
D:/Vibration test/HM-010_[VBT]/LoRaWAN/App/lora_app.c:967:13:OnSystemReset	8	static
D:/Vibration test/HM-010_[VBT]/LoRaWAN/App/lora_app.c:981:13:StopJoin	8	static
D:/Vibration test/HM-010_[VBT]/LoRaWAN/App/lora_app.c:1018:13:OnStopJoinTimerEvent	16	static
D:/Vibration test/HM-010_[VBT]/LoRaWAN/App/lora_app.c:1034:13:StoreContext	16	static
D:/Vibration test/HM-010_[VBT]/LoRaWAN/App/lora_app.c:1056:13:OnNvmDataChange	16	static
D:/Vibration test/HM-010_[VBT]/LoRaWAN/App/lora_app.c:1074:13:OnStoreContextRequest	16	static
D:/Vibration test/HM-010_[VBT]/LoRaWAN/App/lora_app.c:1089:13:OnRestoreContextRequest	16	static
