../../Drivers/STM32WLxx_HAL_Driver/Inc/stm32wlxx_ll_bus.h:449:22:LL_AHB2_GRP1_EnableClock	8	static
D:/vibration test123/liclinometer/Drivers/BSP/custom/custom.c:94:9:BSP_GetVersion	0	static
D:/vibration test123/liclinometer/Drivers/BSP/custom/custom.c:106:9:BSP_LED_Init	32	static
D:/vibration test123/liclinometer/Drivers/BSP/custom/custom.c:121:9:BSP_LED_DeInit	8	static
D:/vibration test123/liclinometer/Drivers/BSP/custom/custom.c:144:9:BSP_LED_On	8	static
D:/vibration test123/liclinometer/Drivers/BSP/custom/custom.c:161:9:BSP_LED_Off	8	static
D:/vibration test123/liclinometer/Drivers/BSP/custom/custom.c:178:9:BSP_LED_Toggle	8	static
D:/vibration test123/liclinometer/Drivers/BSP/custom/custom.c:195:9:BSP_LED_GetState	8	static
D:/vibration test123/liclinometer/Drivers/BSP/custom/custom.c:237:9:BSP_PB_Init	40	static
D:/vibration test123/liclinometer/Drivers/BSP/custom/custom.c:277:9:BSP_PB_DeInit	8	static
D:/vibration test123/liclinometer/Drivers/BSP/custom/custom.c:295:9:BSP_PB_GetState	8	static
D:/vibration test123/liclinometer/Drivers/BSP/custom/custom.c:304:6:BSP_PB_IRQHandler	0	static
D:/vibration test123/liclinometer/Drivers/BSP/custom/custom.c:314:13:BSP_PB_Callback	0	static
D:/vibration test123/liclinometer/Drivers/BSP/custom/custom.c:327:13:BUTTON_USER_EXTI_Callback	8	static
D:/vibration test123/liclinometer/Drivers/BSP/custom/custom.c:401:9:BSP_COM_DeInit	8	static
D:/vibration test123/liclinometer/Drivers/BSP/custom/custom.c:438:26:MX_USART2_UART_Init	16	static
D:/vibration test123/liclinometer/Drivers/BSP/custom/custom.c:363:9:BSP_COM_Init	96	static
D:/vibration test123/liclinometer/Drivers/BSP/custom/custom.c:558:9:BSP_COM_SelectLogPort	0	static
D:/vibration test123/liclinometer/Drivers/BSP/custom/custom.c:604:5:__io_putchar	24	static
