../Application/Primus/Application.c:40:6:Function_Init	8	static
../Application/Primus/Application.c:51:6:Function_Tick	24	static
../Application/Primus/Application.c:74:6:Function_Start	8	static
../Application/Primus/Application.c:81:6:Function_Loop	16	static
../Application/Primus/Application.c:99:6:Application_Initial	24	static
../Application/Primus/Application.c:134:6:Application_Run	0	static
../Application/Primus/Application.c:151:6:HAL_IncTick	0	static,ignoring_inline_asm
../Application/Primus/Application.c:160:6:HAL_TIM_PeriodElapsedCallback	0	static
../Application/Primus/Application.c:179:6:Application_GPIO_EXTI_Callback	0	static
../Application/Primus/Application.c:194:6:Application_UART_RxCpltCallback	0	static
../Application/Primus/Application.c:201:6:Application_UART_TxCpltCallback	0	static
