../Application/Primus/Src/Library/app_mems.c:54:6:MX_mem_sensor	16	static
../Application/Primus/Src/Library/app_mems.c:63:6:Accelero_Sensor_Handler	8	static
../Application/Primus/Src/Library/app_mems.c:78:6:Gyro_Sensor_Handler	8	static
../Application/Primus/Src/Library/app_mems.c:95:6:Init_Sensors	8	static
../Application/Primus/Src/Library/app_mems.c:112:6:Mems_Start_req	4	static
../Application/Primus/Src/Library/app_mems.c:121:6:calculateMagnitude	48	static
../Application/Primus/Src/Library/app_mems.c:130:6:Mems_get_sampling_handler	8	static
../Application/Primus/Src/Library/app_mems.c:176:6:Process_FFT_Input_buffer	40	static
../Application/Primus/Src/Library/app_mems.c:200:6:Cal_Rms_value	48	static
../Application/Primus/Src/Library/app_mems.c:222:6:Cal_Rms_velocity	80	static
