../Application/Primus/Interface/Src/Sensor.c:534:6:ODR_FS_setting	0	static
../Application/Primus/Interface/Src/Sensor.c:547:6:offset_working	24	static
../Application/Primus/Interface/Src/Sensor.c:493:6:Full_scale	16	static
../Application/Primus/Interface/Src/Sensor.c:680:6:input_and_Apeak	32	static
../Application/Primus/Interface/Src/Sensor.c:103:10:Sensor_Init	16	static
../Application/Primus/Interface/Src/Sensor.c:130:6:Sensor_DeInit	8	static
../Application/Primus/Interface/Src/Sensor.c:95:6:Sensor_Errors	8	static,ignoring_inline_asm
../Application/Primus/Interface/Src/Sensor.c:198:6:Enable_Temp_STTS22H	8	static
../Application/Primus/Interface/Src/Sensor.c:218:6:Measure_Temp_STTS22H	24	static
../Application/Primus/Interface/Src/Sensor.c:249:6:wake_up_ISM330DHCX	0	static
../Application/Primus/Interface/Src/Sensor.c:255:6:Measure_Acc_ISM330DHCX	24	static
../Application/Primus/Interface/Src/Sensor.c:310:6:calculate_acc	40	static
../Application/Primus/Interface/Src/Sensor.c:324:6:calculate_velocity	48	static
../Application/Primus/Interface/Src/Sensor.c:773:6:velocity	32	static
../Application/Primus/Interface/Src/Sensor.c:390:6:calculateMagnitudeArray	32	static
../Application/Primus/Interface/Src/Sensor.c:397:6:find_top_peaks_3axis	72	dynamic
../Application/Primus/Interface/Src/Sensor.c:725:6:peak	72	static
../Application/Primus/Interface/Src/Sensor.c:454:6:Threshold_E_sse	40	static
../Application/Primus/Interface/Src/Sensor.c:702:6:threshold_noise	24	static
../Application/Primus/Interface/Src/Sensor.c:480:6:Reset	16	static
../Application/Primus/Interface/Src/Sensor.c:784:6:Acc_Calculation	40	static
../Application/Primus/Interface/Src/Sensor.c:593:6:wake_up_now_working	32	static
../Application/Primus/Interface/Src/Sensor.c:630:6:wake_up_working	40	static
../Application/Primus/Interface/Src/Sensor.c:828:6:Sensor_Run	0	static
../Application/Primus/Interface/Src/Sensor.c:834:6:Sensor_Log	8	static
../Application/Primus/Interface/Src/Sensor.c:864:6:ACCELERO_GYRO_INT_RUN	32	static
