../Application/Primus/Interface/Src/Sensor.c:59:10:Sensor_Init	16	static
../Application/Primus/Interface/Src/Sensor.c:86:6:Sensor_DeInit	8	static
../Application/Primus/Interface/Src/Sensor.c:51:6:Sensor_Errors	8	static,ignoring_inline_asm
../Application/Primus/Interface/Src/Sensor.c:165:6:Enable_Temp_STTS22H	8	static
../Application/Primus/Interface/Src/Sensor.c:185:6:Measure_Temp_STTS22H	24	static
../Application/Primus/Interface/Src/Sensor.c:216:6:wake_up_ISM330DHCX	0	static
../Application/Primus/Interface/Src/Sensor.c:310:6:calculate_acc	40	static
../Application/Primus/Interface/Src/Sensor.c:325:6:calculate_velocity	48	static
../Application/Primus/Interface/Src/Sensor.c:342:6:calculateMagnitudeArray	32	static
../Application/Primus/Interface/Src/Sensor.c:350:6:find_top_peaks_3axis	72	dynamic
../Application/Primus/Interface/Src/Sensor.c:404:6:Threshold_noise	4144	static
../Application/Primus/Interface/Src/Sensor.c:438:6:Acc_Calculation	72	static
../Application/Primus/Interface/Src/Sensor.c:221:6:Measure_Acc_ISM330DHCX	56	static
../Application/Primus/Interface/Src/Sensor.c:530:6:Sensor_Run	0	static
../Application/Primus/Interface/Src/Sensor.c:536:6:Sensor_Log	0	static
../Application/Primus/Interface/Src/Sensor.c:541:6:ACCELERO_GYRO_INT_RUN	32	static
