../../Drivers/CMSIS/Include/core_cm4.h:1933:34:__NVIC_SystemReset	0	static,ignoring_inline_asm
../Application/Primus/Interface/Src/LoRa_Support.c:17:10:Random_Time	16	static
../Application/Primus/Interface/Src/LoRa_Support.c:35:6:LoRa_Support_Init	32	static
../Application/Primus/Interface/Src/LoRa_Support.c:79:6:Load_fCntUp	0	static
../Application/Primus/Interface/Src/LoRa_Support.c:84:6:Reset_fCnt_	0	static
../Application/Primus/Interface/Src/LoRa_Support.c:93:6:TransmitionCycle	8	static
../Application/Primus/Interface/Src/LoRa_Support.c:111:6:LogTime_Next_Send	16	static
../Application/Primus/Interface/Src/LoRa_Support.c:115:9:Timer_check	8	static
../Application/Primus/Interface/Src/LoRa_Support.c:125:6:LoRa_Support_Force_Send	8	static
../Application/Primus/Interface/Src/LoRa_Support.c:170:6:LoRa_Support_OnRxData	0	static
../Application/Primus/Interface/Src/LoRa_Support.c:262:6:LoRaSupport_Add_4Byte	16	static
../Application/Primus/Interface/Src/LoRa_Support.c:276:6:LoRaSupport_Add_3Byte	16	static
../Application/Primus/Interface/Src/LoRa_Support.c:289:6:LoRaSupport_Add_2Byte	16	static
../Application/Primus/Interface/Src/LoRa_Support.c:302:6:LoRaSupport_Add_1Byte	16	static
../Application/Primus/Interface/Src/LoRa_Support.c:330:6:SyncPayLoad	8	static
../Application/Primus/Interface/Src/LoRa_Support.c:339:6:Link_LoRa_buff	24	static
../Application/Primus/Interface/Src/LoRa_Support.c:137:6:LoRa_Support_OnJoin	24	static
../Application/Primus/Interface/Src/LoRa_Support.c:177:10:LoRa_Support_OnTxData	24	static
../Application/Primus/Interface/Src/LoRa_Support.c:369:6:LoRaSupport_CayenBuffer	32	static
