../Application/Primus/Interface/Src/Sensor.c:61:10:Sensor_Init	16	static
../Application/Primus/Interface/Src/Sensor.c:88:6:Sensor_DeInit	8	static
../Application/Primus/Interface/Src/Sensor.c:53:6:Sensor_Errors	8	static,ignoring_inline_asm
../Application/Primus/Interface/Src/Sensor.c:155:6:Enable_Temp_STTS22H	8	static
../Application/Primus/Interface/Src/Sensor.c:175:6:Measure_Temp_STTS22H	24	static
../Application/Primus/Interface/Src/Sensor.c:207:6:Measure_Acc_ISM330DHCX	16	static
../Application/Primus/Interface/Src/Sensor.c:246:6:calculate_velocity	40	static
../Application/Primus/Interface/Src/Sensor.c:335:6:calculateMagnitudeArray	32	static
../Application/Primus/Interface/Src/Sensor.c:343:6:find_top_peaks	40	static
../Application/Primus/Interface/Src/Sensor.c:369:6:Acc_Calculation	56	static
../Application/Primus/Interface/Src/Sensor.c:443:6:Sensor_Run	8	static
../Application/Primus/Interface/Src/Sensor.c:450:6:Sensor_Log	0	static
