../Application/Primus/Interface/Src/Sensor.c:62:10:Sensor_Init	16	static
../Application/Primus/Interface/Src/Sensor.c:89:6:Sensor_DeInit	8	static
../Application/Primus/Interface/Src/Sensor.c:54:6:Sensor_Errors	8	static,ignoring_inline_asm
../Application/Primus/Interface/Src/Sensor.c:156:6:Enable_Temp_STTS22H	8	static
../Application/Primus/Interface/Src/Sensor.c:176:6:Measure_Temp_STTS22H	24	static
../Application/Primus/Interface/Src/Sensor.c:208:6:Measure_Acc_ISM330DHCX	16	static
../Application/Primus/Interface/Src/Sensor.c:247:6:calculate_velocity	40	static
../Application/Primus/Interface/Src/Sensor.c:336:6:calculateMagnitudeArray	32	static
../Application/Primus/Interface/Src/Sensor.c:344:6:find_top_peaks	40	static
../Application/Primus/Interface/Src/Sensor.c:370:6:Acc_Calculation	56	static
../Application/Primus/Interface/Src/Sensor.c:444:6:Sensor_Run	8	static
../Application/Primus/Interface/Src/Sensor.c:451:6:Sensor_Log	0	static
