D:/vibration_sensor/Vibration_LoRa/Vibration_LoRa/LoRaWAN/App/lora_app.c:769:13:OnTxTimerLedEvent	0	static
D:/vibration_sensor/Vibration_LoRa/Vibration_LoRa/LoRaWAN/App/lora_app.c:901:13:OnSysTimeUpdate	0	static
D:/vibration_sensor/Vibration_LoRa/Vibration_LoRa/LoRaWAN/App/lora_app.c:949:13:OnTxFrameCtrlChanged	0	static
D:/vibration_sensor/Vibration_LoRa/Vibration_LoRa/LoRaWAN/App/lora_app.c:960:13:OnPingSlotPeriodicityChanged	0	static
D:/vibration_sensor/Vibration_LoRa/Vibration_LoRa/LoRaWAN/App/lora_app.c:908:13:OnClassChange	16	static
D:/vibration_sensor/Vibration_LoRa/Vibration_LoRa/LoRaWAN/App/lora_app.c:754:13:OnTxTimerEvent	8	static
D:/vibration_sensor/Vibration_LoRa/Vibration_LoRa/LoRaWAN/App/lora_app.c:915:13:OnMacProcessNotify	0	static
D:/vibration_sensor/Vibration_LoRa/Vibration_LoRa/LoRaWAN/App/lora_app.c:927:13:OnTxPeriodicityChanged	8	static
D:/vibration_sensor/Vibration_LoRa/Vibration_LoRa/LoRaWAN/App/lora_app.c:788:13:OnTxData	24	static
D:/vibration_sensor/Vibration_LoRa/Vibration_LoRa/LoRaWAN/App/lora_app.c:832:13:OnJoinRequest	24	static
D:/vibration_sensor/Vibration_LoRa/Vibration_LoRa/LoRaWAN/App/lora_app.c:1093:13:OnRestoreContextRequest	0	static
D:/vibration_sensor/Vibration_LoRa/Vibration_LoRa/LoRaWAN/App/lora_app.c:985:13:StopJoin	16	static
D:/vibration_sensor/Vibration_LoRa/Vibration_LoRa/LoRaWAN/App/lora_app.c:866:13:OnBeaconStatusChange	56	static
D:/vibration_sensor/Vibration_LoRa/Vibration_LoRa/LoRaWAN/App/lora_app.c:1060:13:OnNvmDataChange	0	static
D:/vibration_sensor/Vibration_LoRa/Vibration_LoRa/LoRaWAN/App/lora_app.c:1022:13:OnStopJoinTimerEvent	0	static
D:/vibration_sensor/Vibration_LoRa/Vibration_LoRa/LoRaWAN/App/lora_app.c:971:13:OnSystemReset	8	static,ignoring_inline_asm
D:/vibration_sensor/Vibration_LoRa/Vibration_LoRa/LoRaWAN/App/lora_app.c:550:13:OnRxData	40	static
D:/vibration_sensor/Vibration_LoRa/Vibration_LoRa/LoRaWAN/App/lora_app.c:1078:13:OnStoreContextRequest	16	static
D:/vibration_sensor/Vibration_LoRa/Vibration_LoRa/LoRaWAN/App/lora_app.c:1038:13:StoreContext	8	static
D:/vibration_sensor/Vibration_LoRa/Vibration_LoRa/LoRaWAN/App/lora_app.c:637:13:SendTxData	24	static
D:/vibration_sensor/Vibration_LoRa/Vibration_LoRa/LoRaWAN/App/lora_app.c:781:13:OnJoinTimerLedEvent	0	static
D:/vibration_sensor/Vibration_LoRa/Vibration_LoRa/LoRaWAN/App/lora_app.c:776:13:OnRxTimerLedEvent	0	static
D:/vibration_sensor/Vibration_LoRa/Vibration_LoRa/LoRaWAN/App/lora_app.c:422:6:LoRaWAN_Init	48	static
D:/vibration_sensor/Vibration_LoRa/Vibration_LoRa/LoRaWAN/App/lora_app.c:525:6:HAL_GPIO_EXTI_Callback	0	static
