D:/vibration test123/Vibration_LoRa/Vibration_LoRa/Drivers/BSP/Components/stts22h/stts22h.c:198:9:STTS22H_GetCapabilities	0	static
D:/vibration test123/Vibration_LoRa/Vibration_LoRa/Drivers/BSP/Components/stts22h/stts22h.c:576:16:ReadRegWrap	32	static
D:/vibration test123/Vibration_LoRa/Vibration_LoRa/Drivers/BSP/Components/stts22h/stts22h.c:605:16:WriteRegWrap	32	static
D:/vibration test123/Vibration_LoRa/Vibration_LoRa/Drivers/BSP/Components/stts22h/stts22h.c:120:9:STTS22H_Init	16	static
D:/vibration test123/Vibration_LoRa/Vibration_LoRa/Drivers/BSP/Components/stts22h/stts22h.c:344:9:STTS22H_TEMP_SetOutputDataRate	16	static
D:/vibration test123/Vibration_LoRa/Vibration_LoRa/Drivers/BSP/Components/stts22h/stts22h.c:238:9:STTS22H_TEMP_Enable	8	static
D:/vibration test123/Vibration_LoRa/Vibration_LoRa/Drivers/BSP/Components/stts22h/stts22h.c:178:9:STTS22H_ReadID	16	static
D:/vibration test123/Vibration_LoRa/Vibration_LoRa/Drivers/BSP/Components/stts22h/stts22h.c:293:9:STTS22H_TEMP_GetOutputDataRate	16	static
D:/vibration test123/Vibration_LoRa/Vibration_LoRa/Drivers/BSP/Components/stts22h/stts22h.c:262:9:STTS22H_TEMP_Disable	8	static
D:/vibration test123/Vibration_LoRa/Vibration_LoRa/Drivers/BSP/Components/stts22h/stts22h.c:156:9:STTS22H_DeInit	8	static
D:/vibration test123/Vibration_LoRa/Vibration_LoRa/Drivers/BSP/Components/stts22h/stts22h.c:368:9:STTS22H_TEMP_GetTemperature	24	static
D:/vibration test123/Vibration_LoRa/Vibration_LoRa/Drivers/BSP/Components/stts22h/stts22h.c:79:9:STTS22H_RegisterBusIO	0	static
D:/vibration test123/Vibration_LoRa/Vibration_LoRa/Drivers/BSP/Components/stts22h/stts22h.c:221:9:STTS22H_Get_Init_Status	0	static
D:/vibration test123/Vibration_LoRa/Vibration_LoRa/Drivers/BSP/Components/stts22h/stts22h.c:389:9:STTS22H_TEMP_Get_DRDY_Status	16	static
D:/vibration test123/Vibration_LoRa/Vibration_LoRa/Drivers/BSP/Components/stts22h/stts22h.c:416:9:STTS22H_TEMP_SetHighTemperatureThreshold	8	static
D:/vibration test123/Vibration_LoRa/Vibration_LoRa/Drivers/BSP/Components/stts22h/stts22h.c:437:9:STTS22H_TEMP_SetLowTemperatureThreshold	8	static
D:/vibration test123/Vibration_LoRa/Vibration_LoRa/Drivers/BSP/Components/stts22h/stts22h.c:459:9:STTS22H_TEMP_GetTemperatureLimitStatus	24	static
D:/vibration test123/Vibration_LoRa/Vibration_LoRa/Drivers/BSP/Components/stts22h/stts22h.c:489:9:STTS22H_Read_Reg	8	static
D:/vibration test123/Vibration_LoRa/Vibration_LoRa/Drivers/BSP/Components/stts22h/stts22h.c:506:9:STTS22H_Write_Reg	16	static
D:/vibration test123/Vibration_LoRa/Vibration_LoRa/Drivers/BSP/Components/stts22h/stts22h.c:521:9:STTS22H_Set_One_Shot	8	static
D:/vibration test123/Vibration_LoRa/Vibration_LoRa/Drivers/BSP/Components/stts22h/stts22h.c:538:9:STTS22H_Get_One_Shot_Status	16	static
