../../Drivers/CMSIS/Include/core_cm4.h:1933:34:__NVIC_SystemReset	4	static,ignoring_inline_asm
../Application/Primus/Interface/Src/LoRa_Support.c:18:10:Random_Time	32	static
../Application/Primus/Interface/Src/LoRa_Support.c:36:6:LoRa_Support_Init	32	static
../Application/Primus/Interface/Src/LoRa_Support.c:87:6:Load_fCntUp	16	static
../Application/Primus/Interface/Src/LoRa_Support.c:92:6:Reset_fCnt_	8	static
../Application/Primus/Interface/Src/LoRa_Support.c:101:6:TransmitionCycle	16	static
../Application/Primus/Interface/Src/LoRa_Support.c:119:6:LogTime_Next_Send	16	static
../Application/Primus/Interface/Src/LoRa_Support.c:123:9:Timer_check	8	static
../Application/Primus/Interface/Src/LoRa_Support.c:133:6:LoRa_Support_Force_Send	8	static
../Application/Primus/Interface/Src/LoRa_Support.c:145:6:LoRa_Support_OnJoin	24	static
../Application/Primus/Interface/Src/LoRa_Support.c:178:6:LoRa_Support_OnRxData	16	static
../Application/Primus/Interface/Src/LoRa_Support.c:185:10:LoRa_Support_OnTxData	24	static
../Application/Primus/Interface/Src/LoRa_Support.c:270:6:LoRaSupport_Add_4Byte	24	static
../Application/Primus/Interface/Src/LoRa_Support.c:284:6:LoRaSupport_Add_3Byte	24	static
../Application/Primus/Interface/Src/LoRa_Support.c:297:6:LoRaSupport_Add_2Byte	24	static
../Application/Primus/Interface/Src/LoRa_Support.c:310:6:LoRaSupport_Add_1Byte	24	static
../Application/Primus/Interface/Src/LoRa_Support.c:338:6:SyncPayLoad	32	static
../Application/Primus/Interface/Src/LoRa_Support.c:347:6:Link_LoRa_buff	16	static
../Application/Primus/Interface/Src/LoRa_Support.c:377:6:LoRaSupport_CayenBuffer	24	static
