../Application/Primus/Interface/Src/Sensor.c:121:6:Sensor_Errors	24	static,ignoring_inline_asm
../Application/Primus/Interface/Src/Sensor.c:129:10:Sensor_Init	16	static
../Application/Primus/Interface/Src/Sensor.c:191:6:Sensor_DeInit	8	static
../Application/Primus/Interface/Src/Sensor.c:198:10:Sensor_STTS22HInit	16	static
../Application/Primus/Interface/Src/Sensor.c:244:10:Sensor_ISM330DHCXInit	24	static
../Application/Primus/Interface/Src/Sensor.c:276:6:Enable_Temp_STTS22H	8	static
../Application/Primus/Interface/Src/Sensor.c:296:6:Measure_Temp_STTS22H	16	static
../Application/Primus/Interface/Src/Sensor.c:333:6:wake_up_ISM330DHCX	4	static
../Application/Primus/Interface/Src/Sensor.c:338:6:Measure_Acc_ISM330DHCX	16	static
../Application/Primus/Interface/Src/Sensor.c:393:6:calibration1	32	static
../Application/Primus/Interface/Src/Sensor.c:403:6:calculate_acc	40	static
../Application/Primus/Interface/Src/Sensor.c:422:6:calculate_accver2	24	static
../Application/Primus/Interface/Src/Sensor.c:441:6:velocity_and_displacement_FFT	40	static
../Application/Primus/Interface/Src/Sensor.c:479:6:velocity_and_displacement_zero	40	static
../Application/Primus/Interface/Src/Sensor.c:526:6:calculateMagnitudeArray	48	static
../Application/Primus/Interface/Src/Sensor.c:533:6:find_top_peaks_3axis	112	dynamic
../Application/Primus/Interface/Src/Sensor.c:600:6:Threshold_E_sse	80	static
../Application/Primus/Interface/Src/Sensor.c:625:6:Reset	8	static
../Application/Primus/Interface/Src/Sensor.c:637:19:axis_code	16	static
../Application/Primus/Interface/Src/Sensor.c:640:19:pair_code	24	static
../Application/Primus/Interface/Src/Sensor.c:645:6:frequency	88	static
../Application/Primus/Interface/Src/Sensor.c:678:6:ODR_FS_setting	16	static
../Application/Primus/Interface/Src/Sensor.c:705:6:Full_scale	8	static
../Application/Primus/Interface/Src/Sensor.c:733:6:offset_working	24	static
../Application/Primus/Interface/Src/Sensor.c:780:6:Train_working	24	static
../Application/Primus/Interface/Src/Sensor.c:855:6:wake_up_now_working	24	static
../Application/Primus/Interface/Src/Sensor.c:894:6:wake_up_working	16	static
../Application/Primus/Interface/Src/Sensor.c:943:6:input_and_Apeak	32	static
../Application/Primus/Interface/Src/Sensor.c:963:6:threshold_noise	16	static
../Application/Primus/Interface/Src/Sensor.c:985:6:peak	40	static
../Application/Primus/Interface/Src/Sensor.c:1065:6:velocity	32	static
../Application/Primus/Interface/Src/Sensor.c:1076:6:displacement_c	32	static
../Application/Primus/Interface/Src/Sensor.c:1090:6:zerocross	48	static
../Application/Primus/Interface/Src/Sensor.c:1127:6:FFT	40	static
../Application/Primus/Interface/Src/Sensor.c:1159:6:Calibrate_Hann	24	static
../Application/Primus/Interface/Src/Sensor.c:1194:6:Acc_Calculation	40	static
../Application/Primus/Interface/Src/Sensor.c:1250:6:Sensor_Run	4	static
../Application/Primus/Interface/Src/Sensor.c:1256:6:Sensor_Log	8	static
../Application/Primus/Interface/Src/Sensor.c:1296:6:ACCELERO_GYRO_INT_RUN	16	static
