../Application/Primus/Interface/Src/Sensor.c:121:6:Sensor_Errors	24	static,ignoring_inline_asm
../Application/Primus/Interface/Src/Sensor.c:129:10:Sensor_Init	16	static
../Application/Primus/Interface/Src/Sensor.c:191:6:Sensor_DeInit	8	static
../Application/Primus/Interface/Src/Sensor.c:198:10:Sensor_STTS22HInit	16	static
../Application/Primus/Interface/Src/Sensor.c:244:10:Sensor_ISM330DHCXInit	24	static
../Application/Primus/Interface/Src/Sensor.c:276:6:Enable_Temp_STTS22H	8	static
../Application/Primus/Interface/Src/Sensor.c:296:6:Measure_Temp_STTS22H	16	static
../Application/Primus/Interface/Src/Sensor.c:330:6:wake_up_ISM330DHCX	4	static
../Application/Primus/Interface/Src/Sensor.c:335:6:Measure_Acc_ISM330DHCX	16	static
../Application/Primus/Interface/Src/Sensor.c:390:6:calibration1	32	static
../Application/Primus/Interface/Src/Sensor.c:400:6:calculate_acc	40	static
../Application/Primus/Interface/Src/Sensor.c:419:6:calculate_accver2	24	static
../Application/Primus/Interface/Src/Sensor.c:438:6:velocity_and_displacement_FFT	40	static
../Application/Primus/Interface/Src/Sensor.c:476:6:velocity_and_displacement_zero	40	static
../Application/Primus/Interface/Src/Sensor.c:523:6:calculateMagnitudeArray	48	static
../Application/Primus/Interface/Src/Sensor.c:530:6:find_top_peaks_3axis	112	dynamic
../Application/Primus/Interface/Src/Sensor.c:597:6:Threshold_E_sse	80	static
../Application/Primus/Interface/Src/Sensor.c:622:6:Reset	8	static
../Application/Primus/Interface/Src/Sensor.c:634:19:axis_code	16	static
../Application/Primus/Interface/Src/Sensor.c:637:19:pair_code	24	static
../Application/Primus/Interface/Src/Sensor.c:642:6:frequency	88	static
../Application/Primus/Interface/Src/Sensor.c:675:6:ODR_FS_setting	16	static
../Application/Primus/Interface/Src/Sensor.c:702:6:Full_scale	8	static
../Application/Primus/Interface/Src/Sensor.c:730:6:offset_working	24	static
../Application/Primus/Interface/Src/Sensor.c:777:6:Train_working	24	static
../Application/Primus/Interface/Src/Sensor.c:852:6:wake_up_now_working	24	static
../Application/Primus/Interface/Src/Sensor.c:891:6:wake_up_working	16	static
../Application/Primus/Interface/Src/Sensor.c:940:6:input_and_Apeak	32	static
../Application/Primus/Interface/Src/Sensor.c:960:6:threshold_noise	16	static
../Application/Primus/Interface/Src/Sensor.c:982:6:peak	40	static
../Application/Primus/Interface/Src/Sensor.c:1062:6:velocity	32	static
../Application/Primus/Interface/Src/Sensor.c:1073:6:displacement_c	32	static
../Application/Primus/Interface/Src/Sensor.c:1087:6:zerocross	48	static
../Application/Primus/Interface/Src/Sensor.c:1124:6:FFT	40	static
../Application/Primus/Interface/Src/Sensor.c:1156:6:Calibrate_Hann	24	static
../Application/Primus/Interface/Src/Sensor.c:1191:6:Acc_Calculation	40	static
../Application/Primus/Interface/Src/Sensor.c:1247:6:Sensor_Run	4	static
../Application/Primus/Interface/Src/Sensor.c:1253:6:Sensor_Log	8	static
../Application/Primus/Interface/Src/Sensor.c:1293:6:ACCELERO_GYRO_INT_RUN	16	static
