../Application/Primus/Interface/Src/Sensor.c:111:6:Sensor_Errors	24	static,ignoring_inline_asm
../Application/Primus/Interface/Src/Sensor.c:119:10:Sensor_Init	16	static
../Application/Primus/Interface/Src/Sensor.c:160:6:Sensor_DeInit	8	static
../Application/Primus/Interface/Src/Sensor.c:167:10:Sensor_STTS22HInit	8	static
../Application/Primus/Interface/Src/Sensor.c:200:10:Sensor_ISM330DHCXInit	24	static
../Application/Primus/Interface/Src/Sensor.c:232:6:Enable_Temp_STTS22H	8	static
../Application/Primus/Interface/Src/Sensor.c:252:6:Measure_Temp_STTS22H	16	static
../Application/Primus/Interface/Src/Sensor.c:281:6:wake_up_ISM330DHCX	4	static
../Application/Primus/Interface/Src/Sensor.c:286:6:Measure_Acc_ISM330DHCX	16	static
../Application/Primus/Interface/Src/Sensor.c:341:6:calibration1	32	static
../Application/Primus/Interface/Src/Sensor.c:351:6:calculate_acc	40	static
../Application/Primus/Interface/Src/Sensor.c:370:6:calculate_accver2	24	static
../Application/Primus/Interface/Src/Sensor.c:389:6:velocity_and_displacement_FFT	40	static
../Application/Primus/Interface/Src/Sensor.c:427:6:velocity_and_displacement_zero	40	static
../Application/Primus/Interface/Src/Sensor.c:474:6:calculateMagnitudeArray	48	static
../Application/Primus/Interface/Src/Sensor.c:481:6:find_top_peaks_3axis	112	dynamic
../Application/Primus/Interface/Src/Sensor.c:548:6:Threshold_E_sse	80	static
../Application/Primus/Interface/Src/Sensor.c:573:6:Reset	8	static
../Application/Primus/Interface/Src/Sensor.c:585:19:axis_code	16	static
../Application/Primus/Interface/Src/Sensor.c:588:19:pair_code	24	static
../Application/Primus/Interface/Src/Sensor.c:593:6:frequency	88	static
../Application/Primus/Interface/Src/Sensor.c:626:6:ODR_FS_setting	16	static
../Application/Primus/Interface/Src/Sensor.c:653:6:Full_scale	8	static
../Application/Primus/Interface/Src/Sensor.c:681:6:offset_working	24	static
../Application/Primus/Interface/Src/Sensor.c:728:6:Train_working	24	static
../Application/Primus/Interface/Src/Sensor.c:803:6:wake_up_now_working	24	static
../Application/Primus/Interface/Src/Sensor.c:842:6:wake_up_working	16	static
../Application/Primus/Interface/Src/Sensor.c:891:6:input_and_Apeak	32	static
../Application/Primus/Interface/Src/Sensor.c:911:6:threshold_noise	16	static
../Application/Primus/Interface/Src/Sensor.c:933:6:peak	40	static
../Application/Primus/Interface/Src/Sensor.c:1015:6:velocity	32	static
../Application/Primus/Interface/Src/Sensor.c:1026:6:displacement_c	32	static
../Application/Primus/Interface/Src/Sensor.c:1040:6:zerocross	48	static
../Application/Primus/Interface/Src/Sensor.c:1077:6:FFT	40	static
../Application/Primus/Interface/Src/Sensor.c:1109:6:Calibrate_Hann	24	static
../Application/Primus/Interface/Src/Sensor.c:1144:6:Acc_Calculation	40	static
../Application/Primus/Interface/Src/Sensor.c:1197:6:Sensor_Run	4	static
../Application/Primus/Interface/Src/Sensor.c:1203:6:Sensor_Log	8	static
../Application/Primus/Interface/Src/Sensor.c:1234:6:ACCELERO_GYRO_INT_RUN	16	static
