D:/vibration_sensor/Vibration_LoRa/LoRaWAN/App/lora_app.c:768:13:OnTxTimerLedEvent	0	static
D:/vibration_sensor/Vibration_LoRa/LoRaWAN/App/lora_app.c:900:13:OnSysTimeUpdate	0	static
D:/vibration_sensor/Vibration_LoRa/LoRaWAN/App/lora_app.c:948:13:OnTxFrameCtrlChanged	0	static
D:/vibration_sensor/Vibration_LoRa/LoRaWAN/App/lora_app.c:959:13:OnPingSlotPeriodicityChanged	0	static
D:/vibration_sensor/Vibration_LoRa/LoRaWAN/App/lora_app.c:907:13:OnClassChange	16	static
D:/vibration_sensor/Vibration_LoRa/LoRaWAN/App/lora_app.c:753:13:OnTxTimerEvent	8	static
D:/vibration_sensor/Vibration_LoRa/LoRaWAN/App/lora_app.c:914:13:OnMacProcessNotify	0	static
D:/vibration_sensor/Vibration_LoRa/LoRaWAN/App/lora_app.c:926:13:OnTxPeriodicityChanged	8	static
D:/vibration_sensor/Vibration_LoRa/LoRaWAN/App/lora_app.c:787:13:OnTxData	24	static
D:/vibration_sensor/Vibration_LoRa/LoRaWAN/App/lora_app.c:831:13:OnJoinRequest	24	static
D:/vibration_sensor/Vibration_LoRa/LoRaWAN/App/lora_app.c:1092:13:OnRestoreContextRequest	0	static
D:/vibration_sensor/Vibration_LoRa/LoRaWAN/App/lora_app.c:984:13:StopJoin	16	static
D:/vibration_sensor/Vibration_LoRa/LoRaWAN/App/lora_app.c:865:13:OnBeaconStatusChange	56	static
D:/vibration_sensor/Vibration_LoRa/LoRaWAN/App/lora_app.c:1059:13:OnNvmDataChange	0	static
D:/vibration_sensor/Vibration_LoRa/LoRaWAN/App/lora_app.c:1021:13:OnStopJoinTimerEvent	0	static
D:/vibration_sensor/Vibration_LoRa/LoRaWAN/App/lora_app.c:970:13:OnSystemReset	8	static,ignoring_inline_asm
D:/vibration_sensor/Vibration_LoRa/LoRaWAN/App/lora_app.c:549:13:OnRxData	40	static
D:/vibration_sensor/Vibration_LoRa/LoRaWAN/App/lora_app.c:1077:13:OnStoreContextRequest	16	static
D:/vibration_sensor/Vibration_LoRa/LoRaWAN/App/lora_app.c:1037:13:StoreContext	8	static
D:/vibration_sensor/Vibration_LoRa/LoRaWAN/App/lora_app.c:636:13:SendTxData	24	static
D:/vibration_sensor/Vibration_LoRa/LoRaWAN/App/lora_app.c:780:13:OnJoinTimerLedEvent	0	static
D:/vibration_sensor/Vibration_LoRa/LoRaWAN/App/lora_app.c:775:13:OnRxTimerLedEvent	0	static
D:/vibration_sensor/Vibration_LoRa/LoRaWAN/App/lora_app.c:422:6:LoRaWAN_Init	48	static
D:/vibration_sensor/Vibration_LoRa/LoRaWAN/App/lora_app.c:524:6:HAL_GPIO_EXTI_Callback	0	static
