../../Drivers/CMSIS/Include/core_cm4.h:1933:34:__NVIC_SystemReset	0	static,ignoring_inline_asm
../Application/Primus/Interface/Src/LoRa_Support.c:18:10:Random_Time	16	static
../Application/Primus/Interface/Src/LoRa_Support.c:36:6:LoRa_Support_Init	32	static
../Application/Primus/Interface/Src/LoRa_Support.c:83:6:Load_fCntUp	0	static
../Application/Primus/Interface/Src/LoRa_Support.c:88:6:Reset_fCnt_	0	static
../Application/Primus/Interface/Src/LoRa_Support.c:97:6:TransmitionCycle	8	static
../Application/Primus/Interface/Src/LoRa_Support.c:115:6:LogTime_Next_Send	16	static
../Application/Primus/Interface/Src/LoRa_Support.c:119:9:Timer_check	8	static
../Application/Primus/Interface/Src/LoRa_Support.c:129:6:LoRa_Support_Force_Send	8	static
../Application/Primus/Interface/Src/LoRa_Support.c:174:6:LoRa_Support_OnRxData	0	static
../Application/Primus/Interface/Src/LoRa_Support.c:266:6:LoRaSupport_Add_4Byte	16	static
../Application/Primus/Interface/Src/LoRa_Support.c:280:6:LoRaSupport_Add_3Byte	16	static
../Application/Primus/Interface/Src/LoRa_Support.c:293:6:LoRaSupport_Add_2Byte	16	static
../Application/Primus/Interface/Src/LoRa_Support.c:306:6:LoRaSupport_Add_1Byte	16	static
../Application/Primus/Interface/Src/LoRa_Support.c:319:6:LoRaSupport_Add_Param_4Byte	12	static
../Application/Primus/Interface/Src/LoRa_Support.c:332:6:LoRaSupport_Add_Param_3Byte	12	static
../Application/Primus/Interface/Src/LoRa_Support.c:344:6:LoRaSupport_Add_Param_2Byte	12	static
../Application/Primus/Interface/Src/LoRa_Support.c:356:6:LoRaSupport_Add_Param_1Byte	12	static
../Application/Primus/Interface/Src/LoRa_Support.c:384:6:SyncPayLoad	8	static
../Application/Primus/Interface/Src/LoRa_Support.c:393:6:Link_LoRa_buff	24	static
../Application/Primus/Interface/Src/LoRa_Support.c:141:6:LoRa_Support_OnJoin	24	static
../Application/Primus/Interface/Src/LoRa_Support.c:181:10:LoRa_Support_OnTxData	24	static
../Application/Primus/Interface/Src/LoRa_Support.c:423:6:LoRaSupport_CayenBuffer	24	static
