../Application/Primus/Interface/Src/NFC_07A1_Interface.c:43:6:NFC_07A1_Delay	16	static
../Application/Primus/Interface/Src/NFC_07A1_Interface.c:50:6:NFC_07A1_ON	16	static
../Application/Primus/Interface/Src/NFC_07A1_Interface.c:63:6:NFC_07A1_OFF	8	static
../Application/Primus/Interface/Src/NFC_07A1_Interface.c:73:6:NFC_07A1_Memory_Read	0	static
../Application/Primus/Interface/Src/NFC_07A1_Interface.c:81:6:NFC_07A1_Memory_Write	0	static
../Application/Primus/Interface/Src/NFC_07A1_Interface.c:89:6:NFC_07A1_Memory_Lock	0	static
../Application/Primus/Interface/Src/NFC_07A1_Interface.c:106:6:NFC_07A1_END_Zone_Check	0	static
../Application/Primus/Interface/Src/NFC_07A1_Interface.c:118:6:NFC_07A1_Default_Configurations	0	static
../Application/Primus/Interface/Src/NFC_07A1_Interface.c:172:6:NFC_07A1_Init	0	static
../Application/Primus/Interface/Src/NFC_07A1_Interface.c:184:6:NFC_07A1_CMD_Run	0	static
../Application/Primus/Interface/Src/NFC_07A1_Interface.c:211:6:NFC_07A1_Run	0	static
../Application/Primus/Interface/Src/NFC_07A1_Interface.c:215:6:NFC_07A1_CountConfig	8	static
../Application/Primus/Interface/Src/NFC_07A1_Interface.c:231:6:NFC_07A1_KeyConfig	24	static
../Application/Primus/Interface/Src/NFC_07A1_Interface.c:265:6:NFC_07A1_PasswordTrue	16	static
../Application/Primus/Interface/Src/NFC_07A1_Interface.c:279:6:NFC_07A1_WRITE_DATA	16	static
../Application/Primus/Interface/Src/NFC_07A1_Interface.c:318:6:NFC_07A1_FACTORY_RESET	8	static
../Application/Primus/Interface/Src/NFC_07A1_Interface.c:332:6:NFC_07A1_READ_DATA	8	static
../Application/Primus/Interface/Src/NFC_07A1_Interface.c:341:6:NFC_07A1_LoRa_SEND	8	static
../Application/Primus/Interface/Src/NFC_07A1_Interface.c:349:6:NFC_07A1_Init_MCU	8	static
../Application/Primus/Interface/Src/NFC_07A1_Interface.c:359:6:NFC_07A1_Password_Check	0	static
../Application/Primus/Interface/Src/NFC_07A1_Interface.c:425:6:BSP_GPO_Callback	0	static
../Application/Primus/Interface/Src/NFC_07A1_Interface.c:435:6:NFC_07A1_CallBack_EXIT_in	0	static
