../Application/Primus/Interface/Src/Sensor.c:677:6:ODR_FS_setting	0	static
../Application/Primus/Interface/Src/Sensor.c:733:6:offset_working	32	static
../Application/Primus/Interface/Src/Sensor.c:704:6:Full_scale	16	static
../Application/Primus/Interface/Src/Sensor.c:780:6:Train_working	32	static
../Application/Primus/Interface/Src/Sensor.c:945:6:input_and_Apeak	32	static
../Application/Primus/Interface/Src/Sensor.c:635:19:pair_code	0	static
../Application/Primus/Interface/Src/Sensor.c:124:10:Sensor_Init	32	static
../Application/Primus/Interface/Src/Sensor.c:151:6:Sensor_DeInit	8	static
../Application/Primus/Interface/Src/Sensor.c:116:6:Sensor_Errors	8	static,ignoring_inline_asm
../Application/Primus/Interface/Src/Sensor.c:234:6:Enable_Temp_STTS22H	8	static
../Application/Primus/Interface/Src/Sensor.c:254:6:Measure_Temp_STTS22H	24	static
../Application/Primus/Interface/Src/Sensor.c:285:6:wake_up_ISM330DHCX	0	static
../Application/Primus/Interface/Src/Sensor.c:291:6:Measure_Acc_ISM330DHCX	24	static
../Application/Primus/Interface/Src/Sensor.c:348:6:calibration1	16	static
../Application/Primus/Interface/Src/Sensor.c:386:6:calculate_acc	40	static
../Application/Primus/Interface/Src/Sensor.c:406:6:calculate_accver2	48	static
../Application/Primus/Interface/Src/Sensor.c:425:6:velocity_and_displacement	120	static
../Application/Primus/Interface/Src/Sensor.c:517:6:calculateMagnitudeArray	32	static
../Application/Primus/Interface/Src/Sensor.c:524:6:find_top_peaks_3axis	88	dynamic
../Application/Primus/Interface/Src/Sensor.c:988:6:peak	96	static
../Application/Primus/Interface/Src/Sensor.c:593:6:Threshold_E_sse	40	static
../Application/Primus/Interface/Src/Sensor.c:965:6:threshold_noise	24	static
../Application/Primus/Interface/Src/Sensor.c:620:6:Reset	16	static
../Application/Primus/Interface/Src/Sensor.c:640:6:frequency	96	static
../Application/Primus/Interface/Src/Sensor.c:1073:6:velocity	64	static
../Application/Primus/Interface/Src/Sensor.c:1085:6:displacement_c	64	static
../Application/Primus/Interface/Src/Sensor.c:1099:6:Acc_Calculation	120	static
../Application/Primus/Interface/Src/Sensor.c:856:6:wake_up_now_working	32	static
../Application/Primus/Interface/Src/Sensor.c:895:6:wake_up_working	72	static
../Application/Primus/Interface/Src/Sensor.c:1187:6:Sensor_Run	0	static
../Application/Primus/Interface/Src/Sensor.c:1193:6:Sensor_Log	8	static
../Application/Primus/Interface/Src/Sensor.c:1226:6:ACCELERO_GYRO_INT_RUN	32	static
