D:/vibration test123/Vibration_LoRa/Vibration_LoRa/Core/Src/stm32wlxx_it.c:74:6:NMI_Handler	0	static
D:/vibration test123/Vibration_LoRa/Vibration_LoRa/Core/Src/stm32wlxx_it.c:89:6:HardFault_Handler	0	static
D:/vibration test123/Vibration_LoRa/Vibration_LoRa/Core/Src/stm32wlxx_it.c:104:6:MemManage_Handler	0	static
D:/vibration test123/Vibration_LoRa/Vibration_LoRa/Core/Src/stm32wlxx_it.c:119:6:BusFault_Handler	0	static
D:/vibration test123/Vibration_LoRa/Vibration_LoRa/Core/Src/stm32wlxx_it.c:134:6:UsageFault_Handler	0	static
D:/vibration test123/Vibration_LoRa/Vibration_LoRa/Core/Src/stm32wlxx_it.c:149:6:SVC_Handler	0	static
D:/vibration test123/Vibration_LoRa/Vibration_LoRa/Core/Src/stm32wlxx_it.c:162:6:DebugMon_Handler	0	static
D:/vibration test123/Vibration_LoRa/Vibration_LoRa/Core/Src/stm32wlxx_it.c:175:6:PendSV_Handler	0	static
D:/vibration test123/Vibration_LoRa/Vibration_LoRa/Core/Src/stm32wlxx_it.c:188:6:SysTick_Handler	0	static
D:/vibration test123/Vibration_LoRa/Vibration_LoRa/Core/Src/stm32wlxx_it.c:209:6:TAMP_STAMP_LSECSS_SSRU_IRQHandler	0	static
D:/vibration test123/Vibration_LoRa/Vibration_LoRa/Core/Src/stm32wlxx_it.c:223:6:EXTI2_IRQHandler	0	static
D:/vibration test123/Vibration_LoRa/Vibration_LoRa/Core/Src/stm32wlxx_it.c:237:6:EXTI4_IRQHandler	0	static
D:/vibration test123/Vibration_LoRa/Vibration_LoRa/Core/Src/stm32wlxx_it.c:251:6:DMA1_Channel5_IRQHandler	0	static
D:/vibration test123/Vibration_LoRa/Vibration_LoRa/Core/Src/stm32wlxx_it.c:265:6:EXTI9_5_IRQHandler	8	static
D:/vibration test123/Vibration_LoRa/Vibration_LoRa/Core/Src/stm32wlxx_it.c:280:6:TIM16_IRQHandler	0	static
D:/vibration test123/Vibration_LoRa/Vibration_LoRa/Core/Src/stm32wlxx_it.c:294:6:TIM17_IRQHandler	0	static
D:/vibration test123/Vibration_LoRa/Vibration_LoRa/Core/Src/stm32wlxx_it.c:308:6:USART2_IRQHandler	0	static
D:/vibration test123/Vibration_LoRa/Vibration_LoRa/Core/Src/stm32wlxx_it.c:322:6:RTC_Alarm_IRQHandler	0	static
D:/vibration test123/Vibration_LoRa/Vibration_LoRa/Core/Src/stm32wlxx_it.c:336:6:SUBGHZ_Radio_IRQHandler	0	static
