../Application/Primus/Common/Library_ISM330DHCX/b_wl5m_subg_motion_sensors.c:93:9:BSP_MOTION_SENSOR_Init	96	static
../Application/Primus/Common/Library_ISM330DHCX/b_wl5m_subg_motion_sensors.c:178:9:BSP_MOTION_SENSOR_DeInit	8	static
../Application/Primus/Common/Library_ISM330DHCX/b_wl5m_subg_motion_sensors.c:206:9:BSP_MOTION_SENSOR_GetCapabilities	8	static
../Application/Primus/Common/Library_ISM330DHCX/b_wl5m_subg_motion_sensors.c:234:9:BSP_MOTION_SENSOR_ReadID	8	static
../Application/Primus/Common/Library_ISM330DHCX/b_wl5m_subg_motion_sensors.c:264:9:BSP_MOTION_SENSOR_Enable	8	static
../Application/Primus/Common/Library_ISM330DHCX/b_wl5m_subg_motion_sensors.c:304:9:BSP_MOTION_SENSOR_Disable	8	static
../Application/Primus/Common/Library_ISM330DHCX/b_wl5m_subg_motion_sensors.c:345:9:BSP_MOTION_SENSOR_GetAxes	8	static
../Application/Primus/Common/Library_ISM330DHCX/b_wl5m_subg_motion_sensors.c:387:9:BSP_MOTION_SENSOR_GetAxesRaw	8	static
../Application/Primus/Common/Library_ISM330DHCX/b_wl5m_subg_motion_sensors.c:428:9:BSP_MOTION_SENSOR_GetSensitivity	8	static
../Application/Primus/Common/Library_ISM330DHCX/b_wl5m_subg_motion_sensors.c:470:9:BSP_MOTION_SENSOR_GetOutputDataRate	8	static
../Application/Primus/Common/Library_ISM330DHCX/b_wl5m_subg_motion_sensors.c:512:9:BSP_MOTION_SENSOR_GetFullScale	8	static
../Application/Primus/Common/Library_ISM330DHCX/b_wl5m_subg_motion_sensors.c:554:9:BSP_MOTION_SENSOR_SetOutputDataRate	8	static
../Application/Primus/Common/Library_ISM330DHCX/b_wl5m_subg_motion_sensors.c:596:9:BSP_MOTION_SENSOR_SetFullScale	8	static
