Archive member included to satisfy reference by file (symbol)

C:/ST/STM32CubeIDE_1.16.1/STM32CubeIDE/plugins/com.st.stm32cube.ide.mcu.externaltools.gnu-tools-for-stm32.12.3.rel1.win32_1.1.0.202410251130/tools/bin/../lib/gcc/arm-none-eabi/12.3.1/../../../../arm-none-eabi/lib/thumb/v7e-m/nofp\libc_nano.a(libc_a-exit.o)
                              C:/ST/STM32CubeIDE_1.16.1/STM32CubeIDE/plugins/com.st.stm32cube.ide.mcu.externaltools.gnu-tools-for-stm32.12.3.rel1.win32_1.1.0.202410251130/tools/bin/../lib/gcc/arm-none-eabi/12.3.1/../../../../arm-none-eabi/lib/thumb/v7e-m/nofp/crt0.o (exit)
C:/ST/STM32CubeIDE_1.16.1/STM32CubeIDE/plugins/com.st.stm32cube.ide.mcu.externaltools.gnu-tools-for-stm32.12.3.rel1.win32_1.1.0.202410251130/tools/bin/../lib/gcc/arm-none-eabi/12.3.1/../../../../arm-none-eabi/lib/thumb/v7e-m/nofp\libc_nano.a(libc_a-nano-vfprintf_float.o)
                              (_printf_float)
C:/ST/STM32CubeIDE_1.16.1/STM32CubeIDE/plugins/com.st.stm32cube.ide.mcu.externaltools.gnu-tools-for-stm32.12.3.rel1.win32_1.1.0.202410251130/tools/bin/../lib/gcc/arm-none-eabi/12.3.1/../../../../arm-none-eabi/lib/thumb/v7e-m/nofp\libc_nano.a(libc_a-nano-vfprintf_i.o)
                              C:/ST/STM32CubeIDE_1.16.1/STM32CubeIDE/plugins/com.st.stm32cube.ide.mcu.externaltools.gnu-tools-for-stm32.12.3.rel1.win32_1.1.0.202410251130/tools/bin/../lib/gcc/arm-none-eabi/12.3.1/../../../../arm-none-eabi/lib/thumb/v7e-m/nofp\libc_nano.a(libc_a-nano-vfprintf_float.o) (_printf_common)
C:/ST/STM32CubeIDE_1.16.1/STM32CubeIDE/plugins/com.st.stm32cube.ide.mcu.externaltools.gnu-tools-for-stm32.12.3.rel1.win32_1.1.0.202410251130/tools/bin/../lib/gcc/arm-none-eabi/12.3.1/../../../../arm-none-eabi/lib/thumb/v7e-m/nofp\libc_nano.a(libc_a-findfp.o)
                              C:/ST/STM32CubeIDE_1.16.1/STM32CubeIDE/plugins/com.st.stm32cube.ide.mcu.externaltools.gnu-tools-for-stm32.12.3.rel1.win32_1.1.0.202410251130/tools/bin/../lib/gcc/arm-none-eabi/12.3.1/../../../../arm-none-eabi/lib/thumb/v7e-m/nofp\libc_nano.a(libc_a-exit.o) (__stdio_exit_handler)
C:/ST/STM32CubeIDE_1.16.1/STM32CubeIDE/plugins/com.st.stm32cube.ide.mcu.externaltools.gnu-tools-for-stm32.12.3.rel1.win32_1.1.0.202410251130/tools/bin/../lib/gcc/arm-none-eabi/12.3.1/../../../../arm-none-eabi/lib/thumb/v7e-m/nofp\libc_nano.a(libc_a-fwalk.o)
                              C:/ST/STM32CubeIDE_1.16.1/STM32CubeIDE/plugins/com.st.stm32cube.ide.mcu.externaltools.gnu-tools-for-stm32.12.3.rel1.win32_1.1.0.202410251130/tools/bin/../lib/gcc/arm-none-eabi/12.3.1/../../../../arm-none-eabi/lib/thumb/v7e-m/nofp\libc_nano.a(libc_a-findfp.o) (_fwalk_sglue)
C:/ST/STM32CubeIDE_1.16.1/STM32CubeIDE/plugins/com.st.stm32cube.ide.mcu.externaltools.gnu-tools-for-stm32.12.3.rel1.win32_1.1.0.202410251130/tools/bin/../lib/gcc/arm-none-eabi/12.3.1/../../../../arm-none-eabi/lib/thumb/v7e-m/nofp\libc_nano.a(libc_a-stdio.o)
                              C:/ST/STM32CubeIDE_1.16.1/STM32CubeIDE/plugins/com.st.stm32cube.ide.mcu.externaltools.gnu-tools-for-stm32.12.3.rel1.win32_1.1.0.202410251130/tools/bin/../lib/gcc/arm-none-eabi/12.3.1/../../../../arm-none-eabi/lib/thumb/v7e-m/nofp\libc_nano.a(libc_a-findfp.o) (__sread)
C:/ST/STM32CubeIDE_1.16.1/STM32CubeIDE/plugins/com.st.stm32cube.ide.mcu.externaltools.gnu-tools-for-stm32.12.3.rel1.win32_1.1.0.202410251130/tools/bin/../lib/gcc/arm-none-eabi/12.3.1/../../../../arm-none-eabi/lib/thumb/v7e-m/nofp\libc_nano.a(libc_a-memset.o)
                              C:/ST/STM32CubeIDE_1.16.1/STM32CubeIDE/plugins/com.st.stm32cube.ide.mcu.externaltools.gnu-tools-for-stm32.12.3.rel1.win32_1.1.0.202410251130/tools/bin/../lib/gcc/arm-none-eabi/12.3.1/../../../../arm-none-eabi/lib/thumb/v7e-m/nofp/crt0.o (memset)
C:/ST/STM32CubeIDE_1.16.1/STM32CubeIDE/plugins/com.st.stm32cube.ide.mcu.externaltools.gnu-tools-for-stm32.12.3.rel1.win32_1.1.0.202410251130/tools/bin/../lib/gcc/arm-none-eabi/12.3.1/../../../../arm-none-eabi/lib/thumb/v7e-m/nofp\libc_nano.a(libc_a-localeconv.o)
                              C:/ST/STM32CubeIDE_1.16.1/STM32CubeIDE/plugins/com.st.stm32cube.ide.mcu.externaltools.gnu-tools-for-stm32.12.3.rel1.win32_1.1.0.202410251130/tools/bin/../lib/gcc/arm-none-eabi/12.3.1/../../../../arm-none-eabi/lib/thumb/v7e-m/nofp\libc_nano.a(libc_a-nano-vfprintf_float.o) (_localeconv_r)
C:/ST/STM32CubeIDE_1.16.1/STM32CubeIDE/plugins/com.st.stm32cube.ide.mcu.externaltools.gnu-tools-for-stm32.12.3.rel1.win32_1.1.0.202410251130/tools/bin/../lib/gcc/arm-none-eabi/12.3.1/../../../../arm-none-eabi/lib/thumb/v7e-m/nofp\libc_nano.a(libc_a-closer.o)
                              C:/ST/STM32CubeIDE_1.16.1/STM32CubeIDE/plugins/com.st.stm32cube.ide.mcu.externaltools.gnu-tools-for-stm32.12.3.rel1.win32_1.1.0.202410251130/tools/bin/../lib/gcc/arm-none-eabi/12.3.1/../../../../arm-none-eabi/lib/thumb/v7e-m/nofp\libc_nano.a(libc_a-stdio.o) (_close_r)
[...]
Memory Configuration

Name             Origin             Length             Attributes
RAM              0x20000000         0x00008000         xrw
FLASH            0x08000000         0x00020000         xr
*default*        0x00000000         0xffffffff

Linker script and memory map

LOAD C:/ST/STM32CubeIDE_1.16.1/STM32CubeIDE/plugins/com.st.stm32cube.ide.mcu.externaltools.gnu-tools-for-stm32.12.3.rel1.win32_1.1.0.202410251130/tools/bin/../lib/gcc/arm-none-eabi/12.3.1/thumb/v7e-m/nofp/crti.o
LOAD C:/ST/STM32CubeIDE_1.16.1/STM32CubeIDE/plugins/com.st.stm32cube.ide.mcu.externaltools.gnu-tools-for-stm32.12.3.rel1.win32_1.1.0.202410251130/tools/bin/../lib/gcc/arm-none-eabi/12.3.1/thumb/v7e-m/nofp/crtbegin.o
LOAD C:/ST/STM32CubeIDE_1.16.1/STM32CubeIDE/plugins/com.st.stm32cube.ide.mcu.externaltools.gnu-tools-for-stm32.12.3.rel1.win32_1.1.0.202410251130/tools/bin/../lib/gcc/arm-none-eabi/12.3.1/../../../../arm-none-eabi/lib/thumb/v7e-m/nofp/crt0.o
LOAD ./Common/System/system_stm32wlxx.o
LOAD ./Core/Src/custom_bus.o
LOAD ./Core/Src/main.o
LOAD ./Core/Src/stm32wlxx_hal_msp.o
LOAD ./Core/Src/stm32wlxx_it.o
LOAD ./Core/Src/syscalls.o
LOAD ./Core/Src/sysmem.o
LOAD ./Core/Startup/startup_stm32wl55jcix.o
LOAD ./Drivers/BSP/Components/hts221.o
LOAD ./Drivers/BSP/Components/hts221_reg.o
LOAD ./Drivers/BSP/Components/lis2dw12.o
LOAD ./Drivers/BSP/Components/lis2dw12_reg.o
LOAD ./Drivers/BSP/Components/lis2mdl.o
LOAD ./Drivers/BSP/Components/lis2mdl_reg.o
LOAD ./Drivers/BSP/Components/lps22hh.o
LOAD ./Drivers/BSP/Components/lps22hh_reg.o
LOAD ./Drivers/BSP/Components/lsm6dso.o
LOAD ./Drivers/BSP/Components/lsm6dso_reg.o
LOAD ./Drivers/BSP/Components/stts751.o
LOAD ./Drivers/BSP/Components/stts751_reg.o
LOAD ./Drivers/BSP/IKS01A3/iks01a3_env_sensors.o
LOAD ./Drivers/BSP/IKS01A3/iks01a3_env_sensors_ex.o
LOAD ./Drivers/BSP/IKS01A3/iks01a3_motion_sensors.o
LOAD ./Drivers/BSP/IKS01A3/iks01a3_motion_sensors_ex.o
LOAD ./Drivers/BSP/custom/custom.o
LOAD ./Drivers/STM32WLxx_HAL_Driver/stm32wlxx_hal.o
LOAD ./Drivers/STM32WLxx_HAL_Driver/stm32wlxx_hal_cortex.o
LOAD ./Drivers/STM32WLxx_HAL_Driver/stm32wlxx_hal_dma.o
LOAD ./Drivers/STM32WLxx_HAL_Driver/stm32wlxx_hal_dma_ex.o
LOAD ./Drivers/STM32WLxx_HAL_Driver/stm32wlxx_hal_exti.o
LOAD ./Drivers/STM32WLxx_HAL_Driver/stm32wlxx_hal_flash.o
LOAD ./Drivers/STM32WLxx_HAL_Driver/stm32wlxx_hal_flash_ex.o
LOAD ./Drivers/STM32WLxx_HAL_Driver/stm32wlxx_hal_gpio.o
LOAD ./Drivers/STM32WLxx_HAL_Driver/stm32wlxx_hal_i2c.o
LOAD ./Drivers/STM32WLxx_HAL_Driver/stm32wlxx_hal_i2c_ex.o
LOAD ./Drivers/STM32WLxx_HAL_Driver/stm32wlxx_hal_pwr.o
LOAD ./Drivers/STM32WLxx_HAL_Driver/stm32wlxx_hal_pwr_ex.o
LOAD ./Drivers/STM32WLxx_HAL_Driver/stm32wlxx_hal_rcc.o
LOAD ./Drivers/STM32WLxx_HAL_Driver/stm32wlxx_hal_rcc_ex.o
LOAD ./Drivers/STM32WLxx_HAL_Driver/stm32wlxx_hal_tim.o
LOAD ./Drivers/STM32WLxx_HAL_Driver/stm32wlxx_hal_tim_ex.o
LOAD ./Drivers/STM32WLxx_HAL_Driver/stm32wlxx_hal_uart.o
LOAD ./Drivers/STM32WLxx_HAL_Driver/stm32wlxx_hal_uart_ex.o
LOAD ./MEMS/App/app_mems.o
LOAD C:\Users\User\STM32Cube\Repository\Packs\STMicroelectronics\X-CUBE-MEMS1\11.2.0\Middlewares\ST\STM32_MotionEC_Library\Lib\MotionEC_CM0P_wc32_ot.a
LOAD C:\Users\User\STM32Cube\Repository\Packs\STMicroelectronics\X-CUBE-MEMS1\11.2.0\Middlewares\ST\STM32_MotionTL2_Library\Lib\MotionTL2_CM0P_wc32_ot.a
START GROUP
LOAD C:/ST/STM32CubeIDE_1.16.1/STM32CubeIDE/plugins/com.st.stm32cube.ide.mcu.externaltools.gnu-tools-for-stm32.12.3.rel1.win32_1.1.0.202410251130/tools/bin/../lib/gcc/arm-none-eabi/12.3.1/../../../../arm-none-eabi/lib/thumb/v7e-m/nofp\libc_nano.a
LOAD C:/ST/STM32CubeIDE_1.16.1/STM32CubeIDE/plugins/com.st.stm32cube.ide.mcu.externaltools.gnu-tools-for-stm32.12.3.rel1.win32_1.1.0.202410251130/tools/bin/../lib/gcc/arm-none-eabi/12.3.1/../../../../arm-none-eabi/lib/thumb/v7e-m/nofp\libm.a
END GROUP
START GROUP
LOAD C:/ST/STM32CubeIDE_1.16.1/STM32CubeIDE/plugins/com.st.stm32cube.ide.mcu.externaltools.gnu-tools-for-stm32.12.3.rel1.win32_1.1.0.202410251130/tools/bin/../lib/gcc/arm-none-eabi/12.3.1/thumb/v7e-m/nofp\libgcc.a
LOAD C:/ST/STM32CubeIDE_1.16.1/STM32CubeIDE/plugins/com.st.stm32cube.ide.mcu.externaltools.gnu-tools-for-stm32.12.3.rel1.win32_1.1.0.202410251130/tools/bin/../lib/gcc/arm-none-eabi/12.3.1/../../../../arm-none-eabi/lib/thumb/v7e-m/nofp\libc_nano.a
END GROUP
START GROUP
LOAD C:/ST/STM32CubeIDE_1.16.1/STM32CubeIDE/plugins/com.st.stm32cube.ide.mcu.externaltools.gnu-tools-for-stm32.12.3.rel1.win32_1.1.0.202410251130/tools/bin/../lib/gcc/arm-none-eabi/12.3.1/thumb/v7e-m/nofp\libgcc.a
LOAD C:/ST/STM32CubeIDE_1.16.1/STM32CubeIDE/plugins/com.st.stm32cube.ide.mcu.externaltools.gnu-tools-for-stm32.12.3.rel1.win32_1.1.0.202410251130/tools/bin/../lib/gcc/arm-none-eabi/12.3.1/../../../../arm-none-eabi/lib/thumb/v7e-m/nofp\libc_nano.a
LOAD C:/ST/STM32CubeIDE_1.16.1/STM32CubeIDE/plugins/com.st.stm32cube.ide.mcu.externaltools.gnu-tools-for-stm32.12.3.rel1.win32_1.1.0.202410251130/tools/bin/../lib/gcc/arm-none-eabi/12.3.1/../../../../arm-none-eabi/lib/thumb/v7e-m/nofp\libnosys.a
END GROUP
START GROUP
LOAD C:/ST/STM32CubeIDE_1.16.1/STM32CubeIDE/plugins/com.st.stm32cube.ide.mcu.externaltools.gnu-tools-for-stm32.12.3.rel1.win32_1.1.0.202410251130/tools/bin/../lib/gcc/arm-none-eabi/12.3.1/thumb/v7e-m/nofp\libgcc.a
LOAD C:/ST/STM32CubeIDE_1.16.1/STM32CubeIDE/plugins/com.st.stm32cube.ide.mcu.externaltools.gnu-tools-for-stm32.12.3.rel1.win32_1.1.0.202410251130/tools/bin/../lib/gcc/arm-none-eabi/12.3.1/../../../../arm-none-eabi/lib/thumb/v7e-m/nofp\libc_nano.a
LOAD C:/ST/STM32CubeIDE_1.16.1/STM32CubeIDE/plugins/com.st.stm32cube.ide.mcu.externaltools.gnu-tools-for-stm32.12.3.rel1.win32_1.1.0.202410251130/tools/bin/../lib/gcc/arm-none-eabi/12.3.1/../../../../arm-none-eabi/lib/thumb/v7e-m/nofp\libnosys.a
END GROUP
LOAD C:/ST/STM32CubeIDE_1.16.1/STM32CubeIDE/plugins/com.st.stm32cube.ide.mcu.externaltools.gnu-tools-for-stm32.12.3.rel1.win32_1.1.0.202410251130/tools/bin/../lib/gcc/arm-none-eabi/12.3.1/thumb/v7e-m/nofp/crtend.o
LOAD C:/ST/STM32CubeIDE_1.16.1/STM32CubeIDE/plugins/com.st.stm32cube.ide.mcu.externaltools.gnu-tools-for-stm32.12.3.rel1.win32_1.1.0.202410251130/tools/bin/../lib/gcc/arm-none-eabi/12.3.1/thumb/v7e-m/nofp/crtn.o
                0x20008000                        _estack = (ORIGIN (RAM) + LENGTH (RAM))
                0x00000200                        _Min_Heap_Size = 0x200
                0x00000400                        _Min_Stack_Size = 0x400

.isr_vector     0x08000000      0x138
                0x08000000                        . = ALIGN (0x4)
 *(.isr_vector)
 .isr_vector    0x08000000      0x138 ./Core/Startup/startup_stm32wl55jcix.o
                0x08000000                g_pfnVectors
                0x08000138                        . = ALIGN (0x4)

.text           0x08000140     0x9594
                0x08000140                        . = ALIGN (0x4)
 *(.text)
 .text          0x08000140       0x40 C:/ST/STM32CubeIDE_1.16.1/STM32CubeIDE/plugins/com.st.stm32cube.ide.mcu.externaltools.gnu-tools-for-stm32.12.3.rel1.win32_1.1.0.202410251130/tools/bin/../lib/gcc/arm-none-eabi/12.3.1/thumb/v7e-m/nofp/crtbegin.o
 .text          0x08000180       0xa0 C:/ST/STM32CubeIDE_1.16.1/STM32CubeIDE/plugins/com.st.stm32cube.ide.mcu.externaltools.gnu-tools-for-stm32.12.3.rel1.win32_1.1.0.202410251130/tools/bin/../lib/gcc/arm-none-eabi/12.3.1/../../../../arm-none-eabi/lib/thumb/v7e-m/nofp\libc_nano.a(libc_a-memchr.o)
                0x08000180                memchr
 .text          0x08000220       0x10 C:/ST/STM32CubeIDE_1.16.1/STM32CubeIDE/plugins/com.st.stm32cube.ide.mcu.externaltools.gnu-tools-for-stm32.12.3.rel1.win32_1.1.0.202410251130/tools/bin/../lib/gcc/arm-none-eabi/12.3.1/../../../../arm-none-eabi/lib/thumb/v7e-m/nofp\libc_nano.a(libc_a-strlen.o)
                0x08000220                strlen
 .text          0x08000230      0x378 C:/ST/STM32CubeIDE_1.16.1/STM32CubeIDE/plugins/com.st.stm32cube.ide.mcu.externaltools.gnu-tools-for-stm32.12.3.rel1.win32_1.1.0.202410251130/tools/bin/../lib/gcc/arm-none-eabi/12.3.1/thumb/v7e-m/nofp\libgcc.a(_arm_addsubdf3.o)
                0x08000230                __aeabi_drsub
                0x08000238                __aeabi_dsub
                0x08000238                __subdf3
                0x0800023c                __aeabi_dadd
                0x0800023c                __adddf3
                0x080004b4                __floatunsidf
                0x080004b4                __aeabi_ui2d
                0x080004d4                __floatsidf
                0x080004d4                __aeabi_i2d
                0x080004f8                __aeabi_f2d
                0x080004f8                __extendsfdf2
                0x0800053c                __floatundidf
                0x0800053c                __aeabi_ul2d
                0x0800054c                __floatdidf
                0x0800054c                __aeabi_l2d
 .text          0x080005a8      0x424 C:/ST/STM32CubeIDE_1.16.1/STM32CubeIDE/plugins/com.st.stm32cube.ide.mcu.externaltools.gnu-tools-for-stm32.12.3.rel1.win32_1.1.0.202410251130/tools/bin/../lib/gcc/arm-none-eabi/12.3.1/thumb/v7e-m/nofp\libgcc.a(_arm_muldivdf3.o)
                0x080005a8                __aeabi_dmul
                0x080005a8                __muldf3
                0x080007fc                __divdf3
                0x080007fc                __aeabi_ddiv
 .text          0x080009cc      0x110 C:/ST/STM32CubeIDE_1.16.1/STM32CubeIDE/plugins/com.st.stm32cube.ide.mcu.externaltools.gnu-tools-for-stm32.12.3.rel1.win32_1.1.0.202410251130/tools/bin/../lib/gcc/arm-none-eabi/12.3.1/thumb/v7e-m/nofp\libgcc.a(_arm_cmpdf2.o)
                0x080009cc                __gtdf2
                0x080009cc                __gedf2
                0x080009d4                __ltdf2
                0x080009d4                __ledf2
                0x080009dc                __nedf2
                0x080009dc                __eqdf2
                0x080009dc                __cmpdf2
                0x08000a58                __aeabi_cdrcmple
                0x08000a68                __aeabi_cdcmpeq
                0x08000a68                __aeabi_cdcmple
                0x08000a78                __aeabi_dcmpeq
                0x08000a8c                __aeabi_dcmplt
                0x08000aa0                __aeabi_dcmple
                0x08000ab4                __aeabi_dcmpge
                0x08000ac8                __aeabi_dcmpgt
 .text          0x08000adc       0x2c C:/ST/STM32CubeIDE_1.16.1/STM32CubeIDE/plugins/com.st.stm32cube.ide.mcu.externaltools.gnu-tools-for-stm32.12.3.rel1.win32_1.1.0.202410251130/tools/bin/../lib/gcc/arm-none-eabi/12.3.1/thumb/v7e-m/nofp\libgcc.a(_arm_unorddf2.o)
                0x08000adc                __unorddf2
                0x08000adc                __aeabi_dcmpun
 .text          0x08000b08       0x50 C:/ST/STM32CubeIDE_1.16.1/STM32CubeIDE/plugins/com.st.stm32cube.ide.mcu.externaltools.gnu-tools-for-stm32.12.3.rel1.win32_1.1.0.202410251130/tools/bin/../lib/gcc/arm-none-eabi/12.3.1/thumb/v7e-m/nofp\libgcc.a(_arm_fixdfsi.o)
                0x08000b08                __aeabi_d2iz
                0x08000b08                __fixdfsi
 .text          0x08000b58       0xa0 C:/ST/STM32CubeIDE_1.16.1/STM32CubeIDE/plugins/com.st.stm32cube.ide.mcu.externaltools.gnu-tools-for-stm32.12.3.rel1.win32_1.1.0.202410251130/tools/bin/../lib/gcc/arm-none-eabi/12.3.1/thumb/v7e-m/nofp\libgcc.a(_arm_truncdfsf2.o)
                0x08000b58                __truncdfsf2
                0x08000b58                __aeabi_d2f
 .text          0x08000bf8      0x21c C:/ST/STM32CubeIDE_1.16.1/STM32CubeIDE/plugins/com.st.stm32cube.ide.mcu.externaltools.gnu-tools-for-stm32.12.3.rel1.win32_1.1.0.202410251130/tools/bin/../lib/gcc/arm-none-eabi/12.3.1/thumb/v7e-m/nofp\libgcc.a(_arm_addsubsf3.o)
                0x08000bf8                __aeabi_frsub
                0x08000c00                __subsf3
                0x08000c00                __aeabi_fsub
                0x08000c04                __aeabi_fadd
                0x08000c04                __addsf3
                0x08000d64                __aeabi_ui2f
                0x08000d64                __floatunsisf
                0x08000d6c                __aeabi_i2f
                0x08000d6c                __floatsisf
                0x08000d88                __aeabi_ul2f
                0x08000d88                __floatundisf
                0x08000d98                __aeabi_l2f
                0x08000d98                __floatdisf
 .text          0x08000e14      0x2a0 C:/ST/STM32CubeIDE_1.16.1/STM32CubeIDE/plugins/com.st.stm32cube.ide.mcu.externaltools.gnu-tools-for-stm32.12.3.rel1.win32_1.1.0.202410251130/tools/bin/../lib/gcc/arm-none-eabi/12.3.1/thumb/v7e-m/nofp\libgcc.a(_arm_muldivsf3.o)
                0x08000e14                __mulsf3
                0x08000e14                __aeabi_fmul
                0x08000f7c                __aeabi_fdiv
                0x08000f7c                __divsf3
 .text          0x080010b4       0xec C:/ST/STM32CubeIDE_1.16.1/STM32CubeIDE/plugins/com.st.stm32cube.ide.mcu.externaltools.gnu-tools-for-stm32.12.3.rel1.win32_1.1.0.202410251130/tools/bin/../lib/gcc/arm-none-eabi/12.3.1/thumb/v7e-m/nofp\libgcc.a(_arm_cmpsf2.o)
                0x080010b4                __gesf2
                0x080010b4                __gtsf2
                0x080010bc                __lesf2
                0x080010bc                __ltsf2
                0x080010c4                __nesf2
                0x080010c4                __eqsf2
                0x080010c4                __cmpsf2
                0x08001124                __aeabi_cfrcmple
                0x0800112c                __aeabi_cfcmpeq
                0x0800112c                __aeabi_cfcmple
                0x0800113c                __aeabi_fcmpeq
                0x08001150                __aeabi_fcmplt
                0x08001164                __aeabi_fcmple
                0x08001178                __aeabi_fcmpge
                0x0800118c                __aeabi_fcmpgt
 .text          0x080011a0       0x2c C:/ST/STM32CubeIDE_1.16.1/STM32CubeIDE/plugins/com.st.stm32cube.ide.mcu.externaltools.gnu-tools-for-stm32.12.3.rel1.win32_1.1.0.202410251130/tools/bin/../lib/gcc/arm-none-eabi/12.3.1/thumb/v7e-m/nofp\libgcc.a(_arm_unordsf2.o)
                0x080011a0                __unordsf2
                0x080011a0                __aeabi_fcmpun
 .text          0x080011cc       0x4c C:/ST/STM32CubeIDE_1.16.1/STM32CubeIDE/plugins/com.st.stm32cube.ide.mcu.externaltools.gnu-tools-for-stm32.12.3.rel1.win32_1.1.0.202410251130/tools/bin/../lib/gcc/arm-none-eabi/12.3.1/thumb/v7e-m/nofp\libgcc.a(_arm_fixsfsi.o)
                0x080011cc                __aeabi_f2iz
                0x080011cc                __fixsfsi
 .text          0x08001218       0x30 C:/ST/STM32CubeIDE_1.16.1/STM32CubeIDE/plugins/com.st.stm32cube.ide.mcu.externaltools.gnu-tools-for-stm32.12.3.rel1.win32_1.1.0.202410251130/tools/bin/../lib/gcc/arm-none-eabi/12.3.1/thumb/v7e-m/nofp\libgcc.a(_aeabi_uldivmod.o)
                0x08001218                __aeabi_uldivmod
 .text          0x08001248      0x2bc C:/ST/STM32CubeIDE_1.16.1/STM32CubeIDE/plugins/com.st.stm32cube.ide.mcu.externaltools.gnu-tools-for-stm32.12.3.rel1.win32_1.1.0.202410251130/tools/bin/../lib/gcc/arm-none-eabi/12.3.1/thumb/v7e-m/nofp\libgcc.a(_udivmoddi4.o)
                0x08001248                __udivmoddi4
 .text          0x08001504        0x4 C:/ST/STM32CubeIDE_1.16.1/STM32CubeIDE/plugins/com.st.stm32cube.ide.mcu.externaltools.gnu-tools-for-stm32.12.3.rel1.win32_1.1.0.202410251130/tools/bin/../lib/gcc/arm-none-eabi/12.3.1/thumb/v7e-m/nofp\libgcc.a(_dvmd_tls.o)
                0x08001504                __aeabi_idiv0
                0x08001504                __aeabi_ldiv0
 *(.text*)
 .text.SystemInit
                0x08001508        0x2 ./Common/System/system_stm32wlxx.o
                0x08001508                SystemInit
 *fill*         0x0800150a        0x2 
 .text.BSP_I2C2_DeInit
                0x0800150c       0x50 ./Core/Src/custom_bus.o
                0x0800150c                BSP_I2C2_DeInit
 .text.BSP_I2C2_WriteReg
                0x0800155c       0x34 ./Core/Src/custom_bus.o
                0x0800155c                BSP_I2C2_WriteReg
 .text.BSP_I2C2_ReadReg
                0x08001590       0x34 ./Core/Src/custom_bus.o
                0x08001590                BSP_I2C2_ReadReg
 .text.BSP_GetTick
                0x080015c4        0x4 ./Core/Src/custom_bus.o
                0x080015c4                BSP_GetTick
 .text.MX_I2C2_Init
                0x080015c8       0x50 ./Core/Src/custom_bus.o
                0x080015c8                MX_I2C2_Init
 .text.BSP_I2C2_Init
                0x08001618       0xac ./Core/Src/custom_bus.o
                0x08001618                BSP_I2C2_Init
 *fill*         0x080016c4        0x4 
 .text.Timer_OR_DataRate_Interrupt_Handler
                0x080016c8      0x168 ./Core/Src/main.o
                0x080016c8                Timer_OR_DataRate_Interrupt_Handler
 .text.SystemClock_Config
                0x08001830       0x78 ./Core/Src/main.o
                0x08001830                SystemClock_Config
 .text.startup.main
                0x080018a8       0x90 ./Core/Src/main.o
                0x080018a8                main
 .text.HAL_TIM_PeriodElapsedCallback
                0x08001938        0x2 ./Core/Src/main.o
                0x08001938                HAL_TIM_PeriodElapsedCallback
 .text.HAL_MspInit
                0x0800193a       0x16 ./Core/Src/stm32wlxx_hal_msp.o
                0x0800193a                HAL_MspInit
 .text.HAL_TIM_Base_MspInit
                0x08001950       0x40 ./Core/Src/stm32wlxx_hal_msp.o
                0x08001950                HAL_TIM_Base_MspInit
 .text.NMI_Handler
                0x08001990        0x2 ./Core/Src/stm32wlxx_it.o
                0x08001990                NMI_Handler
 .text.HardFault_Handler
                0x08001992        0x2 ./Core/Src/stm32wlxx_it.o
                0x08001992                HardFault_Handler
 .text.MemManage_Handler
                0x08001994        0x2 ./Core/Src/stm32wlxx_it.o
                0x08001994                MemManage_Handler
 .text.BusFault_Handler
                0x08001996        0x2 ./Core/Src/stm32wlxx_it.o
                0x08001996                BusFault_Handler
 .text.UsageFault_Handler
                0x08001998        0x2 ./Core/Src/stm32wlxx_it.o
                0x08001998                UsageFault_Handler
 .text.SVC_Handler
                0x0800199a        0x2 ./Core/Src/stm32wlxx_it.o
                0x0800199a                SVC_Handler
 .text.DebugMon_Handler
                0x0800199c        0x2 ./Core/Src/stm32wlxx_it.o
                0x0800199c                DebugMon_Handler
 .text.PendSV_Handler
                0x0800199e        0x2 ./Core/Src/stm32wlxx_it.o
                0x0800199e                PendSV_Handler
 .text.SysTick_Handler
                0x080019a0        0x4 ./Core/Src/stm32wlxx_it.o
                0x080019a0                SysTick_Handler
 .text.RCC_IRQHandler
                0x080019a4        0x2 ./Core/Src/stm32wlxx_it.o
                0x080019a4                RCC_IRQHandler
 *fill*         0x080019a6        0x2 
 .text.TIM16_IRQHandler
                0x080019a8        0xc ./Core/Src/stm32wlxx_it.o
                0x080019a8                TIM16_IRQHandler
 .text.USART2_IRQHandler
                0x080019b4        0xc ./Core/Src/stm32wlxx_it.o
                0x080019b4                USART2_IRQHandler
 .text.EXTI15_10_IRQHandler
                0x080019c0        0xc ./Core/Src/stm32wlxx_it.o
                0x080019c0                EXTI15_10_IRQHandler
 .text._getpid  0x080019cc        0x4 ./Core/Src/syscalls.o
                0x080019cc                _getpid
 .text._kill    0x080019d0       0x10 ./Core/Src/syscalls.o
                0x080019d0                _kill
 .text._exit    0x080019e0        0xc ./Core/Src/syscalls.o
                0x080019e0                _exit
 .text._read    0x080019ec       0x1c ./Core/Src/syscalls.o
                0x080019ec                _read
 .text._write   0x08001a08       0x1c ./Core/Src/syscalls.o
                0x08001a08                _write
 .text._close   0x08001a24        0x6 ./Core/Src/syscalls.o
                0x08001a24                _close
 .text._fstat   0x08001a2a        0xa ./Core/Src/syscalls.o
                0x08001a2a                _fstat
 .text._isatty  0x08001a34        0x4 ./Core/Src/syscalls.o
                0x08001a34                _isatty
 .text._lseek   0x08001a38        0x4 ./Core/Src/syscalls.o
                0x08001a38                _lseek
 .text._sbrk    0x08001a3c       0x40 ./Core/Src/sysmem.o
                0x08001a3c                _sbrk
 .text.Reset_Handler
                0x08001a7c       0x50 ./Core/Startup/startup_stm32wl55jcix.o
                0x08001a7c                Reset_Handler
 .text.Default_Handler
                0x08001acc        0x2 ./Core/Startup/startup_stm32wl55jcix.o
                0x08001acc                RTC_Alarm_IRQHandler
                0x08001acc                EXTI2_IRQHandler
                0x08001acc                TIM1_CC_IRQHandler
                0x08001acc                EXTI3_IRQHandler
                0x08001acc                LPTIM2_IRQHandler
                0x08001acc                I2C3_ER_IRQHandler
                0x08001acc                LPTIM3_IRQHandler
                0x08001acc                EXTI0_IRQHandler
                0x08001acc                I2C2_EV_IRQHandler
                0x08001acc                TAMP_STAMP_LSECSS_SSRU_IRQHandler
                0x08001acc                SPI1_IRQHandler
                0x08001acc                DMA2_Channel2_IRQHandler
                0x08001acc                DMA1_Channel4_IRQHandler
                0x08001acc                PKA_IRQHandler
                0x08001acc                TIM17_IRQHandler
                0x08001acc                DMA1_Channel7_IRQHandler
                0x08001acc                SUBGHZSPI_IRQHandler
                0x08001acc                IPCC_C1_TX_IRQHandler
                0x08001acc                DMA2_Channel1_IRQHandler
                0x08001acc                I2C1_EV_IRQHandler
                0x08001acc                SUBGHZ_Radio_IRQHandler
                0x08001acc                DMAMUX1_OVR_IRQHandler
                0x08001acc                DMA1_Channel6_IRQHandler
                0x08001acc                DMA2_Channel4_IRQHandler
                0x08001acc                TIM1_TRG_COM_IRQHandler
                0x08001acc                DMA1_Channel1_IRQHandler
                0x08001acc                Default_Handler
                0x08001acc                DMA2_Channel7_IRQHandler
                0x08001acc                IPCC_C1_RX_IRQHandler
                0x08001acc                ADC_IRQHandler
                0x08001acc                C2SEV_PWR_C2H_IRQHandler
                0x08001acc                I2C3_EV_IRQHandler
                0x08001acc                EXTI9_5_IRQHandler
                0x08001acc                RTC_WKUP_IRQHandler
                0x08001acc                PVD_PVM_IRQHandler
                0x08001acc                SPI2_IRQHandler
                0x08001acc                DMA2_Channel5_IRQHandler
                0x08001acc                DMA1_Channel5_IRQHandler
                0x08001acc                EXTI4_IRQHandler
                0x08001acc                RNG_IRQHandler
                0x08001acc                DMA1_Channel3_IRQHandler
                0x08001acc                COMP_IRQHandler
                0x08001acc                HSEM_IRQHandler
                0x08001acc                TIM1_UP_IRQHandler
                0x08001acc                WWDG_IRQHandler
                0x08001acc                LPUART1_IRQHandler
                0x08001acc                DMA2_Channel6_IRQHandler
                0x08001acc                TIM2_IRQHandler
                0x08001acc                TIM1_BRK_IRQHandler
                0x08001acc                DAC_IRQHandler
                0x08001acc                EXTI1_IRQHandler
                0x08001acc                AES_IRQHandler
                0x08001acc                I2C2_ER_IRQHandler
                0x08001acc                DMA1_Channel2_IRQHandler
                0x08001acc                FLASH_IRQHandler
                0x08001acc                USART1_IRQHandler
                0x08001acc                I2C1_ER_IRQHandler
                0x08001acc                LPTIM1_IRQHandler
                0x08001acc                DMA2_Channel3_IRQHandler
 *fill*         0x08001ace        0x2 
 .text.LIS2DW12_GetCapabilities
                0x08001ad0       0x20 ./Drivers/BSP/Components/lis2dw12.o
                0x08001ad0                LIS2DW12_GetCapabilities
 .text.ReadRegWrap
                0x08001af0        0xc ./Drivers/BSP/Components/lis2dw12.o
 .text.WriteRegWrap
                0x08001afc        0xc ./Drivers/BSP/Components/lis2dw12.o
 .text.LIS2DW12_ACC_SetOutputDataRate_When_Enabled
                0x08001b08      0x130 ./Drivers/BSP/Components/lis2dw12.o
 .text.LIS2DW12_ACC_Enable
                0x08001c38       0x2c ./Drivers/BSP/Components/lis2dw12.o
                0x08001c38                LIS2DW12_ACC_Enable
 .text.LIS2DW12_ACC_Disable
                0x08001c64       0x22 ./Drivers/BSP/Components/lis2dw12.o
                0x08001c64                LIS2DW12_ACC_Disable
 .text.LIS2DW12_DeInit
                0x08001c86       0x1c ./Drivers/BSP/Components/lis2dw12.o
                0x08001c86                LIS2DW12_DeInit
 *fill*         0x08001ca2        0x2 
 .text.LIS2DW12_Init
                0x08001ca4       0x68 ./Drivers/BSP/Components/lis2dw12.o
                0x08001ca4                LIS2DW12_Init
 .text.LIS2DW12_ACC_SetFullScale
                0x08001d0c       0x2a ./Drivers/BSP/Components/lis2dw12.o
                0x08001d0c                LIS2DW12_ACC_SetFullScale
 .text.LIS2DW12_ReadID
                0x08001d36       0x12 ./Drivers/BSP/Components/lis2dw12.o
                0x08001d36                LIS2DW12_ReadID
 .text.LIS2DW12_ACC_GetFullScale
                0x08001d48       0x40 ./Drivers/BSP/Components/lis2dw12.o
                0x08001d48                LIS2DW12_ACC_GetFullScale
 .text.LIS2DW12_ACC_GetSensitivity
                0x08001d88       0xac ./Drivers/BSP/Components/lis2dw12.o
                0x08001d88                LIS2DW12_ACC_GetSensitivity
 .text.LIS2DW12_ACC_GetOutputDataRate
                0x08001e34      0x108 ./Drivers/BSP/Components/lis2dw12.o
                0x08001e34                LIS2DW12_ACC_GetOutputDataRate
 .text.LIS2DW12_ACC_GetAxesRaw
                0x08001f3c       0x9e ./Drivers/BSP/Components/lis2dw12.o
                0x08001f3c                LIS2DW12_ACC_GetAxesRaw
 .text.LIS2DW12_ACC_GetAxes
                0x08001fda       0x6a ./Drivers/BSP/Components/lis2dw12.o
                0x08001fda                LIS2DW12_ACC_GetAxes
 .text.LIS2DW12_ACC_SetOutputDataRate_With_Mode
                0x08002044       0xc0 ./Drivers/BSP/Components/lis2dw12.o
                0x08002044                LIS2DW12_ACC_SetOutputDataRate_With_Mode
 .text.LIS2DW12_ACC_SetOutputDataRate
                0x08002104        0x8 ./Drivers/BSP/Components/lis2dw12.o
                0x08002104                LIS2DW12_ACC_SetOutputDataRate
 .text.LIS2DW12_Write_Reg
                0x0800210c       0x20 ./Drivers/BSP/Components/lis2dw12.o
                0x0800210c                LIS2DW12_Write_Reg
 .text.LIS2DW12_RegisterBusIO
                0x0800212c       0x6c ./Drivers/BSP/Components/lis2dw12.o
                0x0800212c                LIS2DW12_RegisterBusIO
 .text.lis2dw12_read_reg
                0x08002198       0x16 ./Drivers/BSP/Components/lis2dw12_reg.o
                0x08002198                lis2dw12_read_reg
 .text.lis2dw12_write_reg
                0x080021ae       0x16 ./Drivers/BSP/Components/lis2dw12_reg.o
                0x080021ae                lis2dw12_write_reg
 .text.lis2dw12_power_mode_set
                0x080021c4       0x5e ./Drivers/BSP/Components/lis2dw12_reg.o
                0x080021c4                lis2dw12_power_mode_set
 .text.lis2dw12_power_mode_get
                0x08002222       0xa8 ./Drivers/BSP/Components/lis2dw12_reg.o
                0x08002222                lis2dw12_power_mode_get
 .text.lis2dw12_data_rate_set
                0x080022ca       0x58 ./Drivers/BSP/Components/lis2dw12_reg.o
                0x080022ca                lis2dw12_data_rate_set
 .text.lis2dw12_data_rate_get
                0x08002322       0x8a ./Drivers/BSP/Components/lis2dw12_reg.o
                0x08002322                lis2dw12_data_rate_get
 .text.lis2dw12_block_data_update_set
                0x080023ac       0x2e ./Drivers/BSP/Components/lis2dw12_reg.o
                0x080023ac                lis2dw12_block_data_update_set
 .text.lis2dw12_full_scale_set
                0x080023da       0x2e ./Drivers/BSP/Components/lis2dw12_reg.o
                0x080023da                lis2dw12_full_scale_set
 .text.lis2dw12_full_scale_get
                0x08002408       0x2a ./Drivers/BSP/Components/lis2dw12_reg.o
                0x08002408                lis2dw12_full_scale_get
 .text.lis2dw12_acceleration_raw_get
                0x08002432       0x3c ./Drivers/BSP/Components/lis2dw12_reg.o
                0x08002432                lis2dw12_acceleration_raw_get
 .text.lis2dw12_device_id_get
                0x0800246e        0xe ./Drivers/BSP/Components/lis2dw12_reg.o
                0x0800246e                lis2dw12_device_id_get
 .text.lis2dw12_auto_increment_set
                0x0800247c       0x2e ./Drivers/BSP/Components/lis2dw12_reg.o
                0x0800247c                lis2dw12_auto_increment_set
 .text.lis2dw12_fifo_mode_set
                0x080024aa       0x2e ./Drivers/BSP/Components/lis2dw12_reg.o
                0x080024aa                lis2dw12_fifo_mode_set
 .text.LIS2MDL_GetCapabilities
                0x080024d8       0x20 ./Drivers/BSP/Components/lis2mdl.o
                0x080024d8                LIS2MDL_GetCapabilities
 .text.LIS2MDL_MAG_GetSensitivity
                0x080024f8        0xa ./Drivers/BSP/Components/lis2mdl.o
                0x080024f8                LIS2MDL_MAG_GetSensitivity
 .text.LIS2MDL_MAG_GetFullScale
                0x08002502        0x8 ./Drivers/BSP/Components/lis2mdl.o
                0x08002502                LIS2MDL_MAG_GetFullScale
 .text.LIS2MDL_MAG_SetFullScale
                0x0800250a        0x4 ./Drivers/BSP/Components/lis2mdl.o
                0x0800250a                LIS2MDL_MAG_SetFullScale
 .text.ReadMagRegWrap
                0x0800250e       0x1e ./Drivers/BSP/Components/lis2mdl.o
 .text.WriteMagRegWrap
                0x0800252c       0x1e ./Drivers/BSP/Components/lis2mdl.o
 .text.LSM6DSOX_SENSORHUB_LIS2MDL_ReadShData
                0x0800254a      0x148 ./Drivers/BSP/Components/lis2mdl.o
 .text.LIS2MDL_ReadID
                0x08002692       0x24 ./Drivers/BSP/Components/lis2mdl.o
                0x08002692                LIS2MDL_ReadID
 *fill*         0x080026b6        0x2 
 .text.LIS2MDL_MAG_GetOutputDataRate
                0x080026b8       0x4c ./Drivers/BSP/Components/lis2mdl.o
                0x080026b8                LIS2MDL_MAG_GetOutputDataRate
 .text.LIS2MDL_MAG_GetAxesRaw
                0x08002704       0x2a ./Drivers/BSP/Components/lis2mdl.o
                0x08002704                LIS2MDL_MAG_GetAxesRaw
 .text.LIS2MDL_MAG_GetAxes
                0x0800272e       0xa2 ./Drivers/BSP/Components/lis2mdl.o
                0x0800272e                LIS2MDL_MAG_GetAxes
 .text.LSM6DSOX_SENSORHUB_LIS2MDL_WriteShData.constprop.0
                0x080027d0      0x114 ./Drivers/BSP/Components/lis2mdl.o
 .text.LIS2MDL_MAG_SetOutputDataRate
                0x080028e4       0x88 ./Drivers/BSP/Components/lis2mdl.o
                0x080028e4                LIS2MDL_MAG_SetOutputDataRate
 .text.LIS2MDL_MAG_Disable
                0x0800296c       0x54 ./Drivers/BSP/Components/lis2mdl.o
                0x0800296c                LIS2MDL_MAG_Disable
 .text.LIS2MDL_DeInit
                0x080029c0       0x16 ./Drivers/BSP/Components/lis2mdl.o
                0x080029c0                LIS2MDL_DeInit
 .text.LIS2MDL_MAG_Enable
                0x080029d6       0x54 ./Drivers/BSP/Components/lis2mdl.o
                0x080029d6                LIS2MDL_MAG_Enable
 .text.LIS2MDL_Init
                0x08002a2a       0xa6 ./Drivers/BSP/Components/lis2mdl.o
                0x08002a2a                LIS2MDL_Init
 .text.LIS2MDL_Write_Reg
                0x08002ad0       0x2e ./Drivers/BSP/Components/lis2mdl.o
                0x08002ad0                LIS2MDL_Write_Reg
 *fill*         0x08002afe        0x2 
 .text.LIS2MDL_RegisterBusIO
                0x08002b00       0x80 ./Drivers/BSP/Components/lis2mdl.o
                0x08002b00                LIS2MDL_RegisterBusIO
 .text.lis2mdl_read_reg
                0x08002b80       0x16 ./Drivers/BSP/Components/lis2mdl_reg.o
                0x08002b80                lis2mdl_read_reg
 .text.lis2mdl_write_reg
                0x08002b96       0x16 ./Drivers/BSP/Components/lis2mdl_reg.o
                0x08002b96                lis2mdl_write_reg
 .text.lis2mdl_operating_mode_set
                0x08002bac       0x2e ./Drivers/BSP/Components/lis2mdl_reg.o
                0x08002bac                lis2mdl_operating_mode_set
 .text.lis2mdl_data_rate_set
                0x08002bda       0x2e ./Drivers/BSP/Components/lis2mdl_reg.o
                0x08002bda                lis2mdl_data_rate_set
 .text.lis2mdl_data_rate_get
                0x08002c08       0x2a ./Drivers/BSP/Components/lis2mdl_reg.o
                0x08002c08                lis2mdl_data_rate_get
 .text.lis2mdl_block_data_update_set
                0x08002c32       0x2e ./Drivers/BSP/Components/lis2mdl_reg.o
                0x08002c32                lis2mdl_block_data_update_set
 .text.lis2mdl_magnetic_raw_get
                0x08002c60       0x3c ./Drivers/BSP/Components/lis2mdl_reg.o
                0x08002c60                lis2mdl_magnetic_raw_get
 .text.lis2mdl_device_id_get
                0x08002c9c        0xe ./Drivers/BSP/Components/lis2mdl_reg.o
                0x08002c9c                lis2mdl_device_id_get
 .text.lis2mdl_self_test_set
                0x08002caa       0x2e ./Drivers/BSP/Components/lis2mdl_reg.o
                0x08002caa                lis2mdl_self_test_set
 .text.lis2mdl_i2c_interface_set
                0x08002cd8       0x2e ./Drivers/BSP/Components/lis2mdl_reg.o
                0x08002cd8                lis2mdl_i2c_interface_set
 *fill*         0x08002d06        0x2 
 .text.LSM6DSO_GetCapabilities
                0x08002d08       0x24 ./Drivers/BSP/Components/lsm6dso.o
                0x08002d08                LSM6DSO_GetCapabilities
 .text.ReadRegWrap
                0x08002d2c        0xc ./Drivers/BSP/Components/lsm6dso.o
 .text.WriteRegWrap
                0x08002d38        0xc ./Drivers/BSP/Components/lsm6dso.o
 .text.LSM6DSO_ACC_Enable
                0x08002d44       0x28 ./Drivers/BSP/Components/lsm6dso.o
                0x08002d44                LSM6DSO_ACC_Enable
 .text.LSM6DSO_ACC_SetFullScale
                0x08002d6c       0x2a ./Drivers/BSP/Components/lsm6dso.o
                0x08002d6c                LSM6DSO_ACC_SetFullScale
 .text.LSM6DSO_GYRO_Enable
                0x08002d96       0x28 ./Drivers/BSP/Components/lsm6dso.o
                0x08002d96                LSM6DSO_GYRO_Enable
 .text.LSM6DSO_GYRO_SetFullScale
                0x08002dbe       0x36 ./Drivers/BSP/Components/lsm6dso.o
                0x08002dbe                LSM6DSO_GYRO_SetFullScale
 .text.LSM6DSO_ReadID
                0x08002df4       0x12 ./Drivers/BSP/Components/lsm6dso.o
                0x08002df4                LSM6DSO_ReadID
 .text.LSM6DSO_ACC_Disable
                0x08002e06       0x34 ./Drivers/BSP/Components/lsm6dso.o
                0x08002e06                LSM6DSO_ACC_Disable
 *fill*         0x08002e3a        0x2 
 .text.LSM6DSO_ACC_GetOutputDataRate
                0x08002e3c       0x90 ./Drivers/BSP/Components/lsm6dso.o
                0x08002e3c                LSM6DSO_ACC_GetOutputDataRate
 .text.LSM6DSO_ACC_GetSensitivity
                0x08002ecc       0x4c ./Drivers/BSP/Components/lsm6dso.o
                0x08002ecc                LSM6DSO_ACC_GetSensitivity
 .text.LSM6DSO_ACC_GetFullScale
                0x08002f18       0x3a ./Drivers/BSP/Components/lsm6dso.o
                0x08002f18                LSM6DSO_ACC_GetFullScale
 .text.LSM6DSO_ACC_GetAxesRaw
                0x08002f52       0x2a ./Drivers/BSP/Components/lsm6dso.o
                0x08002f52                LSM6DSO_ACC_GetAxesRaw
 .text.LSM6DSO_ACC_GetAxes
                0x08002f7c       0x6c ./Drivers/BSP/Components/lsm6dso.o
                0x08002f7c                LSM6DSO_ACC_GetAxes
 .text.LSM6DSO_GYRO_Disable
                0x08002fe8       0x34 ./Drivers/BSP/Components/lsm6dso.o
                0x08002fe8                LSM6DSO_GYRO_Disable
 .text.LSM6DSO_DeInit
                0x0800301c       0x28 ./Drivers/BSP/Components/lsm6dso.o
                0x0800301c                LSM6DSO_DeInit
 .text.LSM6DSO_GYRO_GetOutputDataRate
                0x08003044       0x88 ./Drivers/BSP/Components/lsm6dso.o
                0x08003044                LSM6DSO_GYRO_GetOutputDataRate
 .text.LSM6DSO_GYRO_GetSensitivity
                0x080030cc       0x58 ./Drivers/BSP/Components/lsm6dso.o
                0x080030cc                LSM6DSO_GYRO_GetSensitivity
 .text.LSM6DSO_GYRO_GetFullScale
                0x08003124       0x48 ./Drivers/BSP/Components/lsm6dso.o
                0x08003124                LSM6DSO_GYRO_GetFullScale
 .text.LSM6DSO_GYRO_GetAxesRaw
                0x0800316c       0x2a ./Drivers/BSP/Components/lsm6dso.o
                0x0800316c                LSM6DSO_GYRO_GetAxesRaw
 .text.LSM6DSO_GYRO_GetAxes
                0x08003196       0x6c ./Drivers/BSP/Components/lsm6dso.o
                0x08003196                LSM6DSO_GYRO_GetAxes
 *fill*         0x08003202        0x2 
 .text.LSM6DSO_ACC_SetOutputDataRate_With_Mode
                0x08003204      0x35c ./Drivers/BSP/Components/lsm6dso.o
                0x08003204                LSM6DSO_ACC_SetOutputDataRate_With_Mode
 .text.LSM6DSO_ACC_SetOutputDataRate
                0x08003560        0x6 ./Drivers/BSP/Components/lsm6dso.o
                0x08003560                LSM6DSO_ACC_SetOutputDataRate
 *fill*         0x08003566        0x2 
 .text.LSM6DSO_GYRO_SetOutputDataRate_With_Mode
                0x08003568      0x1ec ./Drivers/BSP/Components/lsm6dso.o
                0x08003568                LSM6DSO_GYRO_SetOutputDataRate_With_Mode
 .text.LSM6DSO_GYRO_SetOutputDataRate
                0x08003754        0x6 ./Drivers/BSP/Components/lsm6dso.o
                0x08003754                LSM6DSO_GYRO_SetOutputDataRate
 .text.LSM6DSO_Write_Reg
                0x0800375a       0x20 ./Drivers/BSP/Components/lsm6dso.o
                0x0800375a                LSM6DSO_Write_Reg
 *fill*         0x0800377a        0x2 
 .text.LSM6DSO_RegisterBusIO
                0x0800377c       0x6c ./Drivers/BSP/Components/lsm6dso.o
                0x0800377c                LSM6DSO_RegisterBusIO
 .text.LSM6DSO_Set_Mem_Bank
                0x080037e8       0x1e ./Drivers/BSP/Components/lsm6dso.o
                0x080037e8                LSM6DSO_Set_Mem_Bank
 .text.LSM6DSO_Init
                0x08003806       0x92 ./Drivers/BSP/Components/lsm6dso.o
                0x08003806                LSM6DSO_Init
 .text.lsm6dso_read_reg
                0x08003898       0x16 ./Drivers/BSP/Components/lsm6dso_reg.o
                0x08003898                lsm6dso_read_reg
 .text.lsm6dso_write_reg
                0x080038ae       0x16 ./Drivers/BSP/Components/lsm6dso_reg.o
                0x080038ae                lsm6dso_write_reg
 .text.lsm6dso_xl_full_scale_set
                0x080038c4       0x2e ./Drivers/BSP/Components/lsm6dso_reg.o
                0x080038c4                lsm6dso_xl_full_scale_set
 .text.lsm6dso_xl_full_scale_get
                0x080038f2       0x2a ./Drivers/BSP/Components/lsm6dso_reg.o
                0x080038f2                lsm6dso_xl_full_scale_get
 .text.lsm6dso_xl_data_rate_get
                0x0800391c       0x5e ./Drivers/BSP/Components/lsm6dso_reg.o
                0x0800391c                lsm6dso_xl_data_rate_get
 .text.lsm6dso_gy_full_scale_set
                0x0800397a       0x2e ./Drivers/BSP/Components/lsm6dso_reg.o
                0x0800397a                lsm6dso_gy_full_scale_set
 .text.lsm6dso_gy_full_scale_get
                0x080039a8       0x3e ./Drivers/BSP/Components/lsm6dso_reg.o
                0x080039a8                lsm6dso_gy_full_scale_get
 .text.lsm6dso_gy_data_rate_get
                0x080039e6       0x58 ./Drivers/BSP/Components/lsm6dso_reg.o
                0x080039e6                lsm6dso_gy_data_rate_get
 .text.lsm6dso_block_data_update_set
                0x08003a3e       0x2e ./Drivers/BSP/Components/lsm6dso_reg.o
                0x08003a3e                lsm6dso_block_data_update_set
 .text.lsm6dso_angular_rate_raw_get
                0x08003a6c       0x3c ./Drivers/BSP/Components/lsm6dso_reg.o
                0x08003a6c                lsm6dso_angular_rate_raw_get
 .text.lsm6dso_acceleration_raw_get
                0x08003aa8       0x3c ./Drivers/BSP/Components/lsm6dso_reg.o
                0x08003aa8                lsm6dso_acceleration_raw_get
 .text.lsm6dso_mem_bank_set
                0x08003ae4       0x1e ./Drivers/BSP/Components/lsm6dso_reg.o
                0x08003ae4                lsm6dso_mem_bank_set
 .text.lsm6dso_device_id_get
                0x08003b02        0xe ./Drivers/BSP/Components/lsm6dso_reg.o
                0x08003b02                lsm6dso_device_id_get
 .text.lsm6dso_auto_increment_set
                0x08003b10       0x2e ./Drivers/BSP/Components/lsm6dso_reg.o
                0x08003b10                lsm6dso_auto_increment_set
 .text.lsm6dso_i3c_disable_set
                0x08003b3e       0x5c ./Drivers/BSP/Components/lsm6dso_reg.o
                0x08003b3e                lsm6dso_i3c_disable_set
 .text.lsm6dso_fifo_mode_set
                0x08003b9a       0x2e ./Drivers/BSP/Components/lsm6dso_reg.o
                0x08003b9a                lsm6dso_fifo_mode_set
 .text.lsm6dso_fsm_enable_get
                0x08003bc8       0x28 ./Drivers/BSP/Components/lsm6dso_reg.o
                0x08003bc8                lsm6dso_fsm_enable_get
 .text.lsm6dso_fsm_data_rate_get
                0x08003bf0       0x46 ./Drivers/BSP/Components/lsm6dso_reg.o
                0x08003bf0                lsm6dso_fsm_data_rate_get
 .text.lsm6dso_xl_data_rate_set
                0x08003c36       0xdc ./Drivers/BSP/Components/lsm6dso_reg.o
                0x08003c36                lsm6dso_xl_data_rate_set
 .text.lsm6dso_gy_data_rate_set
                0x08003d12       0xdc ./Drivers/BSP/Components/lsm6dso_reg.o
                0x08003d12                lsm6dso_gy_data_rate_set
 *fill*         0x08003dee        0x2 
 .text.IKS01A3_MOTION_SENSOR_Init
                0x08003df0      0x2fc ./Drivers/BSP/IKS01A3/iks01a3_motion_sensors.o
                0x08003df0                IKS01A3_MOTION_SENSOR_Init
 .text.IKS01A3_MOTION_SENSOR_GetAxes
                0x080040ec       0x54 ./Drivers/BSP/IKS01A3/iks01a3_motion_sensors.o
                0x080040ec                IKS01A3_MOTION_SENSOR_GetAxes
 .text.IKS01A3_MOTION_SENSOR_SetOutputDataRate
                0x08004140       0x54 ./Drivers/BSP/IKS01A3/iks01a3_motion_sensors.o
                0x08004140                IKS01A3_MOTION_SENSOR_SetOutputDataRate
 .text.IKS01A3_MOTION_SENSOR_SetFullScale
                0x08004194       0x54 ./Drivers/BSP/IKS01A3/iks01a3_motion_sensors.o
                0x08004194                IKS01A3_MOTION_SENSOR_SetFullScale
 .text.LL_AHB2_GRP1_EnableClock
                0x080041e8       0x18 ./Drivers/BSP/custom/custom.o
 .text.MX_USART2_UART_Init
                0x08004200       0x60 ./Drivers/BSP/custom/custom.o
                0x08004200                MX_USART2_UART_Init
 .text.BSP_COM_Init
                0x08004260       0x9c ./Drivers/BSP/custom/custom.o
                0x08004260                BSP_COM_Init
 .text.__io_putchar
                0x080042fc       0x2c ./Drivers/BSP/custom/custom.o
                0x080042fc                __io_putchar
 .text.HAL_InitTick
                0x08004328       0x4c ./Drivers/STM32WLxx_HAL_Driver/stm32wlxx_hal.o
                0x08004328                HAL_InitTick
 .text.HAL_Init
                0x08004374       0x2c ./Drivers/STM32WLxx_HAL_Driver/stm32wlxx_hal.o
                0x08004374                HAL_Init
 .text.HAL_IncTick
                0x080043a0       0x18 ./Drivers/STM32WLxx_HAL_Driver/stm32wlxx_hal.o
                0x080043a0                HAL_IncTick
 .text.HAL_GetTick
                0x080043b8        0xc ./Drivers/STM32WLxx_HAL_Driver/stm32wlxx_hal.o
                0x080043b8                HAL_GetTick
 .text.HAL_Delay
                0x080043c4       0x28 ./Drivers/STM32WLxx_HAL_Driver/stm32wlxx_hal.o
                0x080043c4                HAL_Delay
 .text.HAL_NVIC_SetPriorityGrouping
                0x080043ec       0x24 ./Drivers/STM32WLxx_HAL_Driver/stm32wlxx_hal_cortex.o
                0x080043ec                HAL_NVIC_SetPriorityGrouping
 .text.HAL_NVIC_SetPriority
                0x08004410       0x64 ./Drivers/STM32WLxx_HAL_Driver/stm32wlxx_hal_cortex.o
                0x08004410                HAL_NVIC_SetPriority
 .text.HAL_NVIC_EnableIRQ
                0x08004474       0x1c ./Drivers/STM32WLxx_HAL_Driver/stm32wlxx_hal_cortex.o
                0x08004474                HAL_NVIC_EnableIRQ
 .text.HAL_SYSTICK_Config
                0x08004490       0x28 ./Drivers/STM32WLxx_HAL_Driver/stm32wlxx_hal_cortex.o
                0x08004490                HAL_SYSTICK_Config
 .text.HAL_DMA_Abort
                0x080044b8       0x6a ./Drivers/STM32WLxx_HAL_Driver/stm32wlxx_hal_dma.o
                0x080044b8                HAL_DMA_Abort
 .text.HAL_DMA_Abort_IT
                0x08004522       0x6a ./Drivers/STM32WLxx_HAL_Driver/stm32wlxx_hal_dma.o
                0x08004522                HAL_DMA_Abort_IT
 .text.HAL_EXTI_IRQHandler
                0x0800458c       0x28 ./Drivers/STM32WLxx_HAL_Driver/stm32wlxx_hal_exti.o
                0x0800458c                HAL_EXTI_IRQHandler
 .text.HAL_GPIO_Init
                0x080045b4      0x158 ./Drivers/STM32WLxx_HAL_Driver/stm32wlxx_hal_gpio.o
                0x080045b4                HAL_GPIO_Init
 .text.HAL_GPIO_DeInit
                0x0800470c       0xe8 ./Drivers/STM32WLxx_HAL_Driver/stm32wlxx_hal_gpio.o
                0x0800470c                HAL_GPIO_DeInit
 .text.I2C_Flush_TXDR
                0x080047f4       0x1c ./Drivers/STM32WLxx_HAL_Driver/stm32wlxx_hal_i2c.o
 .text.I2C_TransferConfig
                0x08004810       0x2c ./Drivers/STM32WLxx_HAL_Driver/stm32wlxx_hal_i2c.o
 .text.I2C_IsErrorOccurred
                0x0800483c      0x100 ./Drivers/STM32WLxx_HAL_Driver/stm32wlxx_hal_i2c.o
 .text.I2C_WaitOnTXISFlagUntilTimeout
                0x0800493c       0x56 ./Drivers/STM32WLxx_HAL_Driver/stm32wlxx_hal_i2c.o
 .text.I2C_WaitOnFlagUntilTimeout
                0x08004992       0x76 ./Drivers/STM32WLxx_HAL_Driver/stm32wlxx_hal_i2c.o
 .text.I2C_WaitOnSTOPFlagUntilTimeout
                0x08004a08       0x52 ./Drivers/STM32WLxx_HAL_Driver/stm32wlxx_hal_i2c.o
 .text.HAL_I2C_MspInit
                0x08004a5a        0x2 ./Drivers/STM32WLxx_HAL_Driver/stm32wlxx_hal_i2c.o
                0x08004a5a                HAL_I2C_MspInit
 .text.HAL_I2C_Init
                0x08004a5c       0xaa ./Drivers/STM32WLxx_HAL_Driver/stm32wlxx_hal_i2c.o
                0x08004a5c                HAL_I2C_Init
 .text.HAL_I2C_MspDeInit
                0x08004b06        0x2 ./Drivers/STM32WLxx_HAL_Driver/stm32wlxx_hal_i2c.o
                0x08004b06                HAL_I2C_MspDeInit
 .text.HAL_I2C_DeInit
                0x08004b08       0x32 ./Drivers/STM32WLxx_HAL_Driver/stm32wlxx_hal_i2c.o
                0x08004b08                HAL_I2C_DeInit
 *fill*         0x08004b3a        0x2 
 .text.HAL_I2C_Mem_Write
                0x08004b3c      0x1b4 ./Drivers/STM32WLxx_HAL_Driver/stm32wlxx_hal_i2c.o
                0x08004b3c                HAL_I2C_Mem_Write
 .text.HAL_I2C_Mem_Read
                0x08004cf0      0x1bc ./Drivers/STM32WLxx_HAL_Driver/stm32wlxx_hal_i2c.o
                0x08004cf0                HAL_I2C_Mem_Read
 .text.HAL_I2C_GetState
                0x08004eac        0x6 ./Drivers/STM32WLxx_HAL_Driver/stm32wlxx_hal_i2c.o
                0x08004eac                HAL_I2C_GetState
 .text.HAL_I2C_GetError
                0x08004eb2        0x4 ./Drivers/STM32WLxx_HAL_Driver/stm32wlxx_hal_i2c.o
                0x08004eb2                HAL_I2C_GetError
 .text.HAL_I2CEx_ConfigAnalogFilter
                0x08004eb6       0x4c ./Drivers/STM32WLxx_HAL_Driver/stm32wlxx_hal_i2c_ex.o
                0x08004eb6                HAL_I2CEx_ConfigAnalogFilter
 .text.HAL_I2CEx_ConfigDigitalFilter
                0x08004f02       0x4a ./Drivers/STM32WLxx_HAL_Driver/stm32wlxx_hal_i2c_ex.o
                0x08004f02                HAL_I2CEx_ConfigDigitalFilter
 .text.HAL_PWR_EnableBkUpAccess
                0x08004f4c       0x10 ./Drivers/STM32WLxx_HAL_Driver/stm32wlxx_hal_pwr.o
                0x08004f4c                HAL_PWR_EnableBkUpAccess
 .text.HAL_PWREx_GetVoltageRange
                0x08004f5c       0x10 ./Drivers/STM32WLxx_HAL_Driver/stm32wlxx_hal_pwr_ex.o
                0x08004f5c                HAL_PWREx_GetVoltageRange
 .text.HAL_PWREx_ReleaseCore
                0x08004f6c       0x10 ./Drivers/STM32WLxx_HAL_Driver/stm32wlxx_hal_pwr_ex.o
                0x08004f6c                HAL_PWREx_ReleaseCore
 .text.LL_RCC_HSE_IsReady
                0x08004f7c        0xc ./Drivers/STM32WLxx_HAL_Driver/stm32wlxx_hal_rcc.o
 .text.LL_RCC_MSI_IsReady
                0x08004f88        0xc ./Drivers/STM32WLxx_HAL_Driver/stm32wlxx_hal_rcc.o
 .text.LL_RCC_MSI_SetCalibTrimming
                0x08004f94       0x12 ./Drivers/STM32WLxx_HAL_Driver/stm32wlxx_hal_rcc.o
 .text.LL_RCC_PLL_IsReady
                0x08004fa6        0xc ./Drivers/STM32WLxx_HAL_Driver/stm32wlxx_hal_rcc.o
 *fill*         0x08004fb2        0x2 
 .text.RCC_SetFlashLatencyFromMSIRange
                0x08004fb4       0xd4 ./Drivers/STM32WLxx_HAL_Driver/stm32wlxx_hal_rcc.o
 .text.HAL_RCC_GetSysClockFreq
                0x08005088       0xdc ./Drivers/STM32WLxx_HAL_Driver/stm32wlxx_hal_rcc.o
                0x08005088                HAL_RCC_GetSysClockFreq
 .text.HAL_RCC_GetHCLKFreq
                0x08005164       0x20 ./Drivers/STM32WLxx_HAL_Driver/stm32wlxx_hal_rcc.o
                0x08005164                HAL_RCC_GetHCLKFreq
 .text.HAL_RCC_OscConfig
                0x08005184      0x534 ./Drivers/STM32WLxx_HAL_Driver/stm32wlxx_hal_rcc.o
                0x08005184                HAL_RCC_OscConfig
 .text.HAL_RCC_ClockConfig
                0x080056b8      0x1f4 ./Drivers/STM32WLxx_HAL_Driver/stm32wlxx_hal_rcc.o
                0x080056b8                HAL_RCC_ClockConfig
 .text.HAL_RCC_GetPCLK1Freq
                0x080058ac       0x20 ./Drivers/STM32WLxx_HAL_Driver/stm32wlxx_hal_rcc.o
                0x080058ac                HAL_RCC_GetPCLK1Freq
 .text.HAL_RCC_GetPCLK2Freq
                0x080058cc       0x20 ./Drivers/STM32WLxx_HAL_Driver/stm32wlxx_hal_rcc.o
                0x080058cc                HAL_RCC_GetPCLK2Freq
 .text.LL_RCC_LSE_IsReady
                0x080058ec        0xe ./Drivers/STM32WLxx_HAL_Driver/stm32wlxx_hal_rcc_ex.o
 .text.LL_RCC_SetI2CClockSource
                0x080058fa       0x20 ./Drivers/STM32WLxx_HAL_Driver/stm32wlxx_hal_rcc_ex.o
 .text.LL_RCC_SetLPTIMClockSource
                0x0800591a       0x1a ./Drivers/STM32WLxx_HAL_Driver/stm32wlxx_hal_rcc_ex.o
 .text.HAL_RCCEx_PeriphCLKConfig
                0x08005934      0x19c ./Drivers/STM32WLxx_HAL_Driver/stm32wlxx_hal_rcc_ex.o
                0x08005934                HAL_RCCEx_PeriphCLKConfig
 .text.HAL_TIM_OC_DelayElapsedCallback
                0x08005ad0        0x2 ./Drivers/STM32WLxx_HAL_Driver/stm32wlxx_hal_tim.o
                0x08005ad0                HAL_TIM_OC_DelayElapsedCallback
 .text.HAL_TIM_IC_CaptureCallback
                0x08005ad2        0x2 ./Drivers/STM32WLxx_HAL_Driver/stm32wlxx_hal_tim.o
                0x08005ad2                HAL_TIM_IC_CaptureCallback
 .text.HAL_TIM_PWM_PulseFinishedCallback
                0x08005ad4        0x2 ./Drivers/STM32WLxx_HAL_Driver/stm32wlxx_hal_tim.o
                0x08005ad4                HAL_TIM_PWM_PulseFinishedCallback
 .text.HAL_TIM_TriggerCallback
                0x08005ad6        0x2 ./Drivers/STM32WLxx_HAL_Driver/stm32wlxx_hal_tim.o
                0x08005ad6                HAL_TIM_TriggerCallback
 .text.HAL_TIM_IRQHandler
                0x08005ad8      0x13e ./Drivers/STM32WLxx_HAL_Driver/stm32wlxx_hal_tim.o
                0x08005ad8                HAL_TIM_IRQHandler
 *fill*         0x08005c16        0x2 
 .text.TIM_Base_SetConfig
                0x08005c18       0x84 ./Drivers/STM32WLxx_HAL_Driver/stm32wlxx_hal_tim.o
                0x08005c18                TIM_Base_SetConfig
 .text.HAL_TIM_Base_Init
                0x08005c9c       0x60 ./Drivers/STM32WLxx_HAL_Driver/stm32wlxx_hal_tim.o
                0x08005c9c                HAL_TIM_Base_Init
 .text.HAL_TIMEx_CommutCallback
                0x08005cfc        0x2 ./Drivers/STM32WLxx_HAL_Driver/stm32wlxx_hal_tim_ex.o
                0x08005cfc                HAL_TIMEx_CommutCallback
 .text.HAL_TIMEx_BreakCallback
                0x08005cfe        0x2 ./Drivers/STM32WLxx_HAL_Driver/stm32wlxx_hal_tim_ex.o
                0x08005cfe                HAL_TIMEx_BreakCallback
 .text.HAL_TIMEx_Break2Callback
                0x08005d00        0x2 ./Drivers/STM32WLxx_HAL_Driver/stm32wlxx_hal_tim_ex.o
                0x08005d00                HAL_TIMEx_Break2Callback
 *fill*         0x08005d02        0x2 
 .text.UART_EndRxTransfer
                0x08005d04       0x58 ./Drivers/STM32WLxx_HAL_Driver/stm32wlxx_hal_uart.o
 .text.HAL_UART_MspInit
                0x08005d5c        0x2 ./Drivers/STM32WLxx_HAL_Driver/stm32wlxx_hal_uart.o
                0x08005d5c                HAL_UART_MspInit
 .text.HAL_UART_TxCpltCallback
                0x08005d5e        0x2 ./Drivers/STM32WLxx_HAL_Driver/stm32wlxx_hal_uart.o
                0x08005d5e                HAL_UART_TxCpltCallback
 .text.HAL_UART_ErrorCallback
                0x08005d60        0x2 ./Drivers/STM32WLxx_HAL_Driver/stm32wlxx_hal_uart.o
                0x08005d60                HAL_UART_ErrorCallback
 .text.UART_DMAAbortOnError
                0x08005d62       0x14 ./Drivers/STM32WLxx_HAL_Driver/stm32wlxx_hal_uart.o
 .text.HAL_UARTEx_RxEventCallback
                0x08005d76        0x2 ./Drivers/STM32WLxx_HAL_Driver/stm32wlxx_hal_uart.o
                0x08005d76                HAL_UARTEx_RxEventCallback
 .text.HAL_UART_IRQHandler
                0x08005d78      0x2f8 ./Drivers/STM32WLxx_HAL_Driver/stm32wlxx_hal_uart.o
                0x08005d78                HAL_UART_IRQHandler
 .text.UART_SetConfig
                0x08006070      0x21c ./Drivers/STM32WLxx_HAL_Driver/stm32wlxx_hal_uart.o
                0x08006070                UART_SetConfig
 .text.UART_AdvFeatureConfig
                0x0800628c       0xa8 ./Drivers/STM32WLxx_HAL_Driver/stm32wlxx_hal_uart.o
                0x0800628c                UART_AdvFeatureConfig
 .text.UART_WaitOnFlagUntilTimeout
                0x08006334       0xd0 ./Drivers/STM32WLxx_HAL_Driver/stm32wlxx_hal_uart.o
                0x08006334                UART_WaitOnFlagUntilTimeout
 .text.HAL_UART_Transmit
                0x08006404       0xa4 ./Drivers/STM32WLxx_HAL_Driver/stm32wlxx_hal_uart.o
                0x08006404                HAL_UART_Transmit
 .text.UART_CheckIdleState
                0x080064a8       0x6a ./Drivers/STM32WLxx_HAL_Driver/stm32wlxx_hal_uart.o
                0x080064a8                UART_CheckIdleState
 .text.HAL_UART_Init
                0x08006512       0x60 ./Drivers/STM32WLxx_HAL_Driver/stm32wlxx_hal_uart.o
                0x08006512                HAL_UART_Init
 *fill*         0x08006572        0x2 
 .text.UARTEx_SetNbDataToProcess
                0x08006574       0x44 ./Drivers/STM32WLxx_HAL_Driver/stm32wlxx_hal_uart_ex.o
 .text.HAL_UARTEx_WakeupCallback
                0x080065b8        0x2 ./Drivers/STM32WLxx_HAL_Driver/stm32wlxx_hal_uart_ex.o
                0x080065b8                HAL_UARTEx_WakeupCallback
 .text.HAL_UARTEx_RxFifoFullCallback
                0x080065ba        0x2 ./Drivers/STM32WLxx_HAL_Driver/stm32wlxx_hal_uart_ex.o
                0x080065ba                HAL_UARTEx_RxFifoFullCallback
 .text.HAL_UARTEx_TxFifoEmptyCallback
                0x080065bc        0x2 ./Drivers/STM32WLxx_HAL_Driver/stm32wlxx_hal_uart_ex.o
                0x080065bc                HAL_UARTEx_TxFifoEmptyCallback
 .text.HAL_UARTEx_DisableFifoMode
                0x080065be       0x36 ./Drivers/STM32WLxx_HAL_Driver/stm32wlxx_hal_uart_ex.o
                0x080065be                HAL_UARTEx_DisableFifoMode
 .text.HAL_UARTEx_SetTxFifoThreshold
                0x080065f4       0x40 ./Drivers/STM32WLxx_HAL_Driver/stm32wlxx_hal_uart_ex.o
                0x080065f4                HAL_UARTEx_SetTxFifoThreshold
 .text.HAL_UARTEx_SetRxFifoThreshold
                0x08006634       0x40 ./Drivers/STM32WLxx_HAL_Driver/stm32wlxx_hal_uart_ex.o
                0x08006634                HAL_UARTEx_SetRxFifoThreshold
 .text.MX_MEMS_Init
                0x08006674       0x2c ./MEMS/App/app_mems.o
                0x08006674                MX_MEMS_Init
 .text.Accelero_Sensor_Handler
                0x080066a0        0xc ./MEMS/App/app_mems.o
                0x080066a0                Accelero_Sensor_Handler
 .text.MX_MEMS_Process
                0x080066ac        0x6 ./MEMS/App/app_mems.o
                0x080066ac                MX_MEMS_Process
 .text.__cvt    0x080066b2       0xc8 C:/ST/STM32CubeIDE_1.16.1/STM32CubeIDE/plugins/com.st.stm32cube.ide.mcu.externaltools.gnu-tools-for-stm32.12.3.rel1.win32_1.1.0.202410251130/tools/bin/../lib/gcc/arm-none-eabi/12.3.1/../../../../arm-none-eabi/lib/thumb/v7e-m/nofp\libc_nano.a(libc_a-nano-vfprintf_float.o)
                0x080066b2                __cvt
 .text.__exponent
                0x0800677a       0x74 C:/ST/STM32CubeIDE_1.16.1/STM32CubeIDE/plugins/com.st.stm32cube.ide.mcu.externaltools.gnu-tools-for-stm32.12.3.rel1.win32_1.1.0.202410251130/tools/bin/../lib/gcc/arm-none-eabi/12.3.1/../../../../arm-none-eabi/lib/thumb/v7e-m/nofp\libc_nano.a(libc_a-nano-vfprintf_float.o)
                0x0800677a                __exponent
 *fill*         0x080067ee        0x2 
 .text._printf_float
                0x080067f0      0x458 C:/ST/STM32CubeIDE_1.16.1/STM32CubeIDE/plugins/com.st.stm32cube.ide.mcu.externaltools.gnu-tools-for-stm32.12.3.rel1.win32_1.1.0.202410251130/tools/bin/../lib/gcc/arm-none-eabi/12.3.1/../../../../arm-none-eabi/lib/thumb/v7e-m/nofp\libc_nano.a(libc_a-nano-vfprintf_float.o)
                0x080067f0                _printf_float
 .text._printf_common
                0x08006c48       0xda C:/ST/STM32CubeIDE_1.16.1/STM32CubeIDE/plugins/com.st.stm32cube.ide.mcu.externaltools.gnu-tools-for-stm32.12.3.rel1.win32_1.1.0.202410251130/tools/bin/../lib/gcc/arm-none-eabi/12.3.1/../../../../arm-none-eabi/lib/thumb/v7e-m/nofp\libc_nano.a(libc_a-nano-vfprintf_i.o)
                0x08006c48                _printf_common
 *fill*         0x08006d22        0x2 
 .text._printf_i
                0x08006d24      0x240 C:/ST/STM32CubeIDE_1.16.1/STM32CubeIDE/plugins/com.st.stm32cube.ide.mcu.externaltools.gnu-tools-for-stm32.12.3.rel1.win32_1.1.0.202410251130/tools/bin/../lib/gcc/arm-none-eabi/12.3.1/../../../../arm-none-eabi/lib/thumb/v7e-m/nofp\libc_nano.a(libc_a-nano-vfprintf_i.o)
                0x08006d24                _printf_i
 .text.std      0x08006f64       0x6c C:/ST/STM32CubeIDE_1.16.1/STM32CubeIDE/plugins/com.st.stm32cube.ide.mcu.externaltools.gnu-tools-for-stm32.12.3.rel1.win32_1.1.0.202410251130/tools/bin/../lib/gcc/arm-none-eabi/12.3.1/../../../../arm-none-eabi/lib/thumb/v7e-m/nofp\libc_nano.a(libc_a-findfp.o)
 .text.stdio_exit_handler
                0x08006fd0       0x18 C:/ST/STM32CubeIDE_1.16.1/STM32CubeIDE/plugins/com.st.stm32cube.ide.mcu.externaltools.gnu-tools-for-stm32.12.3.rel1.win32_1.1.0.202410251130/tools/bin/../lib/gcc/arm-none-eabi/12.3.1/../../../../arm-none-eabi/lib/thumb/v7e-m/nofp\libc_nano.a(libc_a-findfp.o)
 .text.cleanup_stdio
                0x08006fe8       0x40 C:/ST/STM32CubeIDE_1.16.1/STM32CubeIDE/plugins/com.st.stm32cube.ide.mcu.externaltools.gnu-tools-for-stm32.12.3.rel1.win32_1.1.0.202410251130/tools/bin/../lib/gcc/arm-none-eabi/12.3.1/../../../../arm-none-eabi/lib/thumb/v7e-m/nofp\libc_nano.a(libc_a-findfp.o)
 .text.global_stdio_init.part.0
                0x08007028       0x3c C:/ST/STM32CubeIDE_1.16.1/STM32CubeIDE/plugins/com.st.stm32cube.ide.mcu.externaltools.gnu-tools-for-stm32.12.3.rel1.win32_1.1.0.202410251130/tools/bin/../lib/gcc/arm-none-eabi/12.3.1/../../../../arm-none-eabi/lib/thumb/v7e-m/nofp\libc_nano.a(libc_a-findfp.o)
 .text.__sfp_lock_acquire
                0x08007064        0xc C:/ST/STM32CubeIDE_1.16.1/STM32CubeIDE/plugins/com.st.stm32cube.ide.mcu.externaltools.gnu-tools-for-stm32.12.3.rel1.win32_1.1.0.202410251130/tools/bin/../lib/gcc/arm-none-eabi/12.3.1/../../../../arm-none-eabi/lib/thumb/v7e-m/nofp\libc_nano.a(libc_a-findfp.o)
                0x08007064                __sfp_lock_acquire
 .text.__sfp_lock_release
                0x08007070        0xc C:/ST/STM32CubeIDE_1.16.1/STM32CubeIDE/plugins/com.st.stm32cube.ide.mcu.externaltools.gnu-tools-for-stm32.12.3.rel1.win32_1.1.0.202410251130/tools/bin/../lib/gcc/arm-none-eabi/12.3.1/../../../../arm-none-eabi/lib/thumb/v7e-m/nofp\libc_nano.a(libc_a-findfp.o)
                0x08007070                __sfp_lock_release
 .text.__sinit  0x0800707c       0x30 C:/ST/STM32CubeIDE_1.16.1/STM32CubeIDE/plugins/com.st.stm32cube.ide.mcu.externaltools.gnu-tools-for-stm32.12.3.rel1.win32_1.1.0.202410251130/tools/bin/../lib/gcc/arm-none-eabi/12.3.1/../../../../arm-none-eabi/lib/thumb/v7e-m/nofp\libc_nano.a(libc_a-findfp.o)
                0x0800707c                __sinit
 .text._fwalk_sglue
                0x080070ac       0x3c C:/ST/STM32CubeIDE_1.16.1/STM32CubeIDE/plugins/com.st.stm32cube.ide.mcu.externaltools.gnu-tools-for-stm32.12.3.rel1.win32_1.1.0.202410251130/tools/bin/../lib/gcc/arm-none-eabi/12.3.1/../../../../arm-none-eabi/lib/thumb/v7e-m/nofp\libc_nano.a(libc_a-fwalk.o)
                0x080070ac                _fwalk_sglue
 .text.__sread  0x080070e8       0x22 C:/ST/STM32CubeIDE_1.16.1/STM32CubeIDE/plugins/com.st.stm32cube.ide.mcu.externaltools.gnu-tools-for-stm32.12.3.rel1.win32_1.1.0.202410251130/tools/bin/../lib/gcc/arm-none-eabi/12.3.1/../../../../arm-none-eabi/lib/thumb/v7e-m/nofp\libc_nano.a(libc_a-stdio.o)
                0x080070e8                __sread
 .text.__swrite
                0x0800710a       0x38 C:/ST/STM32CubeIDE_1.16.1/STM32CubeIDE/plugins/com.st.stm32cube.ide.mcu.externaltools.gnu-tools-for-stm32.12.3.rel1.win32_1.1.0.202410251130/tools/bin/../lib/gcc/arm-none-eabi/12.3.1/../../../../arm-none-eabi/lib/thumb/v7e-m/nofp\libc_nano.a(libc_a-stdio.o)
                0x0800710a                __swrite
 .text.__sseek  0x08007142       0x24 C:/ST/STM32CubeIDE_1.16.1/STM32CubeIDE/plugins/com.st.stm32cube.ide.mcu.externaltools.gnu-tools-for-stm32.12.3.rel1.win32_1.1.0.202410251130/tools/bin/../lib/gcc/arm-none-eabi/12.3.1/../../../../arm-none-eabi/lib/thumb/v7e-m/nofp\libc_nano.a(libc_a-stdio.o)
                0x08007142                __sseek
 .text.__sclose
                0x08007166        0x8 C:/ST/STM32CubeIDE_1.16.1/STM32CubeIDE/plugins/com.st.stm32cube.ide.mcu.externaltools.gnu-tools-for-stm32.12.3.rel1.win32_1.1.0.202410251130/tools/bin/../lib/gcc/arm-none-eabi/12.3.1/../../../../arm-none-eabi/lib/thumb/v7e-m/nofp\libc_nano.a(libc_a-stdio.o)
                0x08007166                __sclose
 .text.memset   0x0800716e       0x10 C:/ST/STM32CubeIDE_1.16.1/STM32CubeIDE/plugins/com.st.stm32cube.ide.mcu.externaltools.gnu-tools-for-stm32.12.3.rel1.win32_1.1.0.202410251130/tools/bin/../lib/gcc/arm-none-eabi/12.3.1/../../../../arm-none-eabi/lib/thumb/v7e-m/nofp\libc_nano.a(libc_a-memset.o)
                0x0800716e                memset
 *fill*         0x0800717e        0x2 
 .text._localeconv_r
                0x08007180        0x8 C:/ST/STM32CubeIDE_1.16.1/STM32CubeIDE/plugins/com.st.stm32cube.ide.mcu.externaltools.gnu-tools-for-stm32.12.3.rel1.win32_1.1.0.202410251130/tools/bin/../lib/gcc/arm-none-eabi/12.3.1/../../../../arm-none-eabi/lib/thumb/v7e-m/nofp\libc_nano.a(libc_a-localeconv.o)
                0x08007180                _localeconv_r
 .text._close_r
                0x08007188       0x20 C:/ST/STM32CubeIDE_1.16.1/STM32CubeIDE/plugins/com.st.stm32cube.ide.mcu.externaltools.gnu-tools-for-stm32.12.3.rel1.win32_1.1.0.202410251130/tools/bin/../lib/gcc/arm-none-eabi/12.3.1/../../../../arm-none-eabi/lib/thumb/v7e-m/nofp\libc_nano.a(libc_a-closer.o)
                0x08007188                _close_r
 .text._lseek_r
                0x080071a8       0x24 C:/ST/STM32CubeIDE_1.16.1/STM32CubeIDE/plugins/com.st.stm32cube.ide.mcu.externaltools.gnu-tools-for-stm32.12.3.rel1.win32_1.1.0.202410251130/tools/bin/../lib/gcc/arm-none-eabi/12.3.1/../../../../arm-none-eabi/lib/thumb/v7e-m/nofp\libc_nano.a(libc_a-lseekr.o)
                0x080071a8                _lseek_r
 .text._read_r  0x080071cc       0x24 C:/ST/STM32CubeIDE_1.16.1/STM32CubeIDE/plugins/com.st.stm32cube.ide.mcu.externaltools.gnu-tools-for-stm32.12.3.rel1.win32_1.1.0.202410251130/tools/bin/../lib/gcc/arm-none-eabi/12.3.1/../../../../arm-none-eabi/lib/thumb/v7e-m/nofp\libc_nano.a(libc_a-readr.o)
                0x080071cc                _read_r
 .text._write_r
                0x080071f0       0x24 C:/ST/STM32CubeIDE_1.16.1/STM32CubeIDE/plugins/com.st.stm32cube.ide.mcu.externaltools.gnu-tools-for-stm32.12.3.rel1.win32_1.1.0.202410251130/tools/bin/../lib/gcc/arm-none-eabi/12.3.1/../../../../arm-none-eabi/lib/thumb/v7e-m/nofp\libc_nano.a(libc_a-writer.o)
                0x080071f0                _write_r
 .text.__errno  0x08007214        0xc C:/ST/STM32CubeIDE_1.16.1/STM32CubeIDE/plugins/com.st.stm32cube.ide.mcu.externaltools.gnu-tools-for-stm32.12.3.rel1.win32_1.1.0.202410251130/tools/bin/../lib/gcc/arm-none-eabi/12.3.1/../../../../arm-none-eabi/lib/thumb/v7e-m/nofp\libc_nano.a(libc_a-errno.o)
                0x08007214                __errno
 .text.__libc_init_array
                0x08007220       0x48 C:/ST/STM32CubeIDE_1.16.1/STM32CubeIDE/plugins/com.st.stm32cube.ide.mcu.externaltools.gnu-tools-for-stm32.12.3.rel1.win32_1.1.0.202410251130/tools/bin/../lib/gcc/arm-none-eabi/12.3.1/../../../../arm-none-eabi/lib/thumb/v7e-m/nofp\libc_nano.a(libc_a-init.o)
                0x08007220                __libc_init_array
 .text.__retarget_lock_init_recursive
                0x08007268        0x2 C:/ST/STM32CubeIDE_1.16.1/STM32CubeIDE/plugins/com.st.stm32cube.ide.mcu.externaltools.gnu-tools-for-stm32.12.3.rel1.win32_1.1.0.202410251130/tools/bin/../lib/gcc/arm-none-eabi/12.3.1/../../../../arm-none-eabi/lib/thumb/v7e-m/nofp\libc_nano.a(libc_a-lock.o)
                0x08007268                __retarget_lock_init_recursive
 .text.__retarget_lock_acquire_recursive
                0x0800726a        0x2 C:/ST/STM32CubeIDE_1.16.1/STM32CubeIDE/plugins/com.st.stm32cube.ide.mcu.externaltools.gnu-tools-for-stm32.12.3.rel1.win32_1.1.0.202410251130/tools/bin/../lib/gcc/arm-none-eabi/12.3.1/../../../../arm-none-eabi/lib/thumb/v7e-m/nofp\libc_nano.a(libc_a-lock.o)
                0x0800726a                __retarget_lock_acquire_recursive
 .text.__retarget_lock_release_recursive
                0x0800726c        0x2 C:/ST/STM32CubeIDE_1.16.1/STM32CubeIDE/plugins/com.st.stm32cube.ide.mcu.externaltools.gnu-tools-for-stm32.12.3.rel1.win32_1.1.0.202410251130/tools/bin/../lib/gcc/arm-none-eabi/12.3.1/../../../../arm-none-eabi/lib/thumb/v7e-m/nofp\libc_nano.a(libc_a-lock.o)
                0x0800726c                __retarget_lock_release_recursive
 .text.quorem   0x0800726e      0x110 C:/ST/STM32CubeIDE_1.16.1/STM32CubeIDE/plugins/com.st.stm32cube.ide.mcu.externaltools.gnu-tools-for-stm32.12.3.rel1.win32_1.1.0.202410251130/tools/bin/../lib/gcc/arm-none-eabi/12.3.1/../../../../arm-none-eabi/lib/thumb/v7e-m/nofp\libc_nano.a(libc_a-dtoa.o)
 *fill*         0x0800737e        0x2 
 .text._dtoa_r  0x08007380      0xb90 C:/ST/STM32CubeIDE_1.16.1/STM32CubeIDE/plugins/com.st.stm32cube.ide.mcu.externaltools.gnu-tools-for-stm32.12.3.rel1.win32_1.1.0.202410251130/tools/bin/../lib/gcc/arm-none-eabi/12.3.1/../../../../arm-none-eabi/lib/thumb/v7e-m/nofp\libc_nano.a(libc_a-dtoa.o)
                0x08007380                _dtoa_r
 .text._free_r  0x08007f10       0x94 C:/ST/STM32CubeIDE_1.16.1/STM32CubeIDE/plugins/com.st.stm32cube.ide.mcu.externaltools.gnu-tools-for-stm32.12.3.rel1.win32_1.1.0.202410251130/tools/bin/../lib/gcc/arm-none-eabi/12.3.1/../../../../arm-none-eabi/lib/thumb/v7e-m/nofp\libc_nano.a(libc_a-freer.o)
                0x08007f10                _free_r
 .text.malloc   0x08007fa4       0x10 C:/ST/STM32CubeIDE_1.16.1/STM32CubeIDE/plugins/com.st.stm32cube.ide.mcu.externaltools.gnu-tools-for-stm32.12.3.rel1.win32_1.1.0.202410251130/tools/bin/../lib/gcc/arm-none-eabi/12.3.1/../../../../arm-none-eabi/lib/thumb/v7e-m/nofp\libc_nano.a(libc_a-malloc.o)
                0x08007fa4                malloc
 .text.sbrk_aligned
                0x08007fb4       0x44 C:/ST/STM32CubeIDE_1.16.1/STM32CubeIDE/plugins/com.st.stm32cube.ide.mcu.externaltools.gnu-tools-for-stm32.12.3.rel1.win32_1.1.0.202410251130/tools/bin/../lib/gcc/arm-none-eabi/12.3.1/../../../../arm-none-eabi/lib/thumb/v7e-m/nofp\libc_nano.a(libc_a-mallocr.o)
 .text._malloc_r
                0x08007ff8      0x100 C:/ST/STM32CubeIDE_1.16.1/STM32CubeIDE/plugins/com.st.stm32cube.ide.mcu.externaltools.gnu-tools-for-stm32.12.3.rel1.win32_1.1.0.202410251130/tools/bin/../lib/gcc/arm-none-eabi/12.3.1/../../../../arm-none-eabi/lib/thumb/v7e-m/nofp\libc_nano.a(libc_a-mallocr.o)
                0x08007ff8                _malloc_r
 .text.__malloc_lock
                0x080080f8        0xc C:/ST/STM32CubeIDE_1.16.1/STM32CubeIDE/plugins/com.st.stm32cube.ide.mcu.externaltools.gnu-tools-for-stm32.12.3.rel1.win32_1.1.0.202410251130/tools/bin/../lib/gcc/arm-none-eabi/12.3.1/../../../../arm-none-eabi/lib/thumb/v7e-m/nofp\libc_nano.a(libc_a-mlock.o)
                0x080080f8                __malloc_lock
 .text.__malloc_unlock
                0x08008104        0xc C:/ST/STM32CubeIDE_1.16.1/STM32CubeIDE/plugins/com.st.stm32cube.ide.mcu.externaltools.gnu-tools-for-stm32.12.3.rel1.win32_1.1.0.202410251130/tools/bin/../lib/gcc/arm-none-eabi/12.3.1/../../../../arm-none-eabi/lib/thumb/v7e-m/nofp\libc_nano.a(libc_a-mlock.o)
                0x08008104                __malloc_unlock
 .text._Balloc  0x08008110       0x80 C:/ST/STM32CubeIDE_1.16.1/STM32CubeIDE/plugins/com.st.stm32cube.ide.mcu.externaltools.gnu-tools-for-stm32.12.3.rel1.win32_1.1.0.202410251130/tools/bin/../lib/gcc/arm-none-eabi/12.3.1/../../../../arm-none-eabi/lib/thumb/v7e-m/nofp\libc_nano.a(libc_a-mprec.o)
                0x08008110                _Balloc
 .text._Bfree   0x08008190       0x44 C:/ST/STM32CubeIDE_1.16.1/STM32CubeIDE/plugins/com.st.stm32cube.ide.mcu.externaltools.gnu-tools-for-stm32.12.3.rel1.win32_1.1.0.202410251130/tools/bin/../lib/gcc/arm-none-eabi/12.3.1/../../../../arm-none-eabi/lib/thumb/v7e-m/nofp\libc_nano.a(libc_a-mprec.o)
                0x08008190                _Bfree
 .text.__multadd
                0x080081d4       0x8c C:/ST/STM32CubeIDE_1.16.1/STM32CubeIDE/plugins/com.st.stm32cube.ide.mcu.externaltools.gnu-tools-for-stm32.12.3.rel1.win32_1.1.0.202410251130/tools/bin/../lib/gcc/arm-none-eabi/12.3.1/../../../../arm-none-eabi/lib/thumb/v7e-m/nofp\libc_nano.a(libc_a-mprec.o)
                0x080081d4                __multadd
 .text.__hi0bits
                0x08008260       0x3e C:/ST/STM32CubeIDE_1.16.1/STM32CubeIDE/plugins/com.st.stm32cube.ide.mcu.externaltools.gnu-tools-for-stm32.12.3.rel1.win32_1.1.0.202410251130/tools/bin/../lib/gcc/arm-none-eabi/12.3.1/../../../../arm-none-eabi/lib/thumb/v7e-m/nofp\libc_nano.a(libc_a-mprec.o)
                0x08008260                __hi0bits
 .text.__lo0bits
                0x0800829e       0x5a C:/ST/STM32CubeIDE_1.16.1/STM32CubeIDE/plugins/com.st.stm32cube.ide.mcu.externaltools.gnu-tools-for-stm32.12.3.rel1.win32_1.1.0.202410251130/tools/bin/../lib/gcc/arm-none-eabi/12.3.1/../../../../arm-none-eabi/lib/thumb/v7e-m/nofp\libc_nano.a(libc_a-mprec.o)
                0x0800829e                __lo0bits
 .text.__i2b    0x080082f8       0x2c C:/ST/STM32CubeIDE_1.16.1/STM32CubeIDE/plugins/com.st.stm32cube.ide.mcu.externaltools.gnu-tools-for-stm32.12.3.rel1.win32_1.1.0.202410251130/tools/bin/../lib/gcc/arm-none-eabi/12.3.1/../../../../arm-none-eabi/lib/thumb/v7e-m/nofp\libc_nano.a(libc_a-mprec.o)
                0x080082f8                __i2b
 .text.__multiply
                0x08008324      0x154 C:/ST/STM32CubeIDE_1.16.1/STM32CubeIDE/plugins/com.st.stm32cube.ide.mcu.externaltools.gnu-tools-for-stm32.12.3.rel1.win32_1.1.0.202410251130/tools/bin/../lib/gcc/arm-none-eabi/12.3.1/../../../../arm-none-eabi/lib/thumb/v7e-m/nofp\libc_nano.a(libc_a-mprec.o)
                0x08008324                __multiply
 .text.__pow5mult
                0x08008478       0xb4 C:/ST/STM32CubeIDE_1.16.1/STM32CubeIDE/plugins/com.st.stm32cube.ide.mcu.externaltools.gnu-tools-for-stm32.12.3.rel1.win32_1.1.0.202410251130/tools/bin/../lib/gcc/arm-none-eabi/12.3.1/../../../../arm-none-eabi/lib/thumb/v7e-m/nofp\libc_nano.a(libc_a-mprec.o)
                0x08008478                __pow5mult
 .text.__lshift
                0x0800852c       0xd8 C:/ST/STM32CubeIDE_1.16.1/STM32CubeIDE/plugins/com.st.stm32cube.ide.mcu.externaltools.gnu-tools-for-stm32.12.3.rel1.win32_1.1.0.202410251130/tools/bin/../lib/gcc/arm-none-eabi/12.3.1/../../../../arm-none-eabi/lib/thumb/v7e-m/nofp\libc_nano.a(libc_a-mprec.o)
                0x0800852c                __lshift
 .text.__mcmp   0x08008604       0x36 C:/ST/STM32CubeIDE_1.16.1/STM32CubeIDE/plugins/com.st.stm32cube.ide.mcu.externaltools.gnu-tools-for-stm32.12.3.rel1.win32_1.1.0.202410251130/tools/bin/../lib/gcc/arm-none-eabi/12.3.1/../../../../arm-none-eabi/lib/thumb/v7e-m/nofp\libc_nano.a(libc_a-mprec.o)
                0x08008604                __mcmp
 *fill*         0x0800863a        0x2 
 .text.__mdiff  0x0800863c      0x124 C:/ST/STM32CubeIDE_1.16.1/STM32CubeIDE/plugins/com.st.stm32cube.ide.mcu.externaltools.gnu-tools-for-stm32.12.3.rel1.win32_1.1.0.202410251130/tools/bin/../lib/gcc/arm-none-eabi/12.3.1/../../../../arm-none-eabi/lib/thumb/v7e-m/nofp\libc_nano.a(libc_a-mprec.o)
                0x0800863c                __mdiff
 .text.__d2b    0x08008760       0xb0 C:/ST/STM32CubeIDE_1.16.1/STM32CubeIDE/plugins/com.st.stm32cube.ide.mcu.externaltools.gnu-tools-for-stm32.12.3.rel1.win32_1.1.0.202410251130/tools/bin/../lib/gcc/arm-none-eabi/12.3.1/../../../../arm-none-eabi/lib/thumb/v7e-m/nofp\libc_nano.a(libc_a-mprec.o)
                0x08008760                __d2b
 .text.__sflush_r
                0x08008810      0x100 C:/ST/STM32CubeIDE_1.16.1/STM32CubeIDE/plugins/com.st.stm32cube.ide.mcu.externaltools.gnu-tools-for-stm32.12.3.rel1.win32_1.1.0.202410251130/tools/bin/../lib/gcc/arm-none-eabi/12.3.1/../../../../arm-none-eabi/lib/thumb/v7e-m/nofp\libc_nano.a(libc_a-fflush.o)
                0x08008810                __sflush_r
 .text._fflush_r
                0x08008910       0x50 C:/ST/STM32CubeIDE_1.16.1/STM32CubeIDE/plugins/com.st.stm32cube.ide.mcu.externaltools.gnu-tools-for-stm32.12.3.rel1.win32_1.1.0.202410251130/tools/bin/../lib/gcc/arm-none-eabi/12.3.1/../../../../arm-none-eabi/lib/thumb/v7e-m/nofp\libc_nano.a(libc_a-fflush.o)
                0x08008910                _fflush_r
 .text._sbrk_r  0x08008960       0x20 C:/ST/STM32CubeIDE_1.16.1/STM32CubeIDE/plugins/com.st.stm32cube.ide.mcu.externaltools.gnu-tools-for-stm32.12.3.rel1.win32_1.1.0.202410251130/tools/bin/../lib/gcc/arm-none-eabi/12.3.1/../../../../arm-none-eabi/lib/thumb/v7e-m/nofp\libc_nano.a(libc_a-sbrkr.o)
                0x08008960                _sbrk_r
 .text.memcpy   0x08008980       0x1c C:/ST/STM32CubeIDE_1.16.1/STM32CubeIDE/plugins/com.st.stm32cube.ide.mcu.externaltools.gnu-tools-for-stm32.12.3.rel1.win32_1.1.0.202410251130/tools/bin/../lib/gcc/arm-none-eabi/12.3.1/../../../../arm-none-eabi/lib/thumb/v7e-m/nofp\libc_nano.a(libc_a-memcpy-stub.o)
                0x08008980                memcpy
 .text.__assert_func
                0x0800899c       0x3c C:/ST/STM32CubeIDE_1.16.1/STM32CubeIDE/plugins/com.st.stm32cube.ide.mcu.externaltools.gnu-tools-for-stm32.12.3.rel1.win32_1.1.0.202410251130/tools/bin/../lib/gcc/arm-none-eabi/12.3.1/../../../../arm-none-eabi/lib/thumb/v7e-m/nofp\libc_nano.a(libc_a-assert.o)
                0x0800899c                __assert_func
 .text._calloc_r
                0x080089d8       0x28 C:/ST/STM32CubeIDE_1.16.1/STM32CubeIDE/plugins/com.st.stm32cube.ide.mcu.externaltools.gnu-tools-for-stm32.12.3.rel1.win32_1.1.0.202410251130/tools/bin/../lib/gcc/arm-none-eabi/12.3.1/../../../../arm-none-eabi/lib/thumb/v7e-m/nofp\libc_nano.a(libc_a-callocr.o)
                0x080089d8                _calloc_r
 .text.__ascii_mbtowc
                0x08008a00       0x24 C:/ST/STM32CubeIDE_1.16.1/STM32CubeIDE/plugins/com.st.stm32cube.ide.mcu.externaltools.gnu-tools-for-stm32.12.3.rel1.win32_1.1.0.202410251130/tools/bin/../lib/gcc/arm-none-eabi/12.3.1/../../../../arm-none-eabi/lib/thumb/v7e-m/nofp\libc_nano.a(libc_a-mbtowc_r.o)
                0x08008a00                __ascii_mbtowc
 .text.__ascii_wctomb
                0x08008a24       0x1a C:/ST/STM32CubeIDE_1.16.1/STM32CubeIDE/plugins/com.st.stm32cube.ide.mcu.externaltools.gnu-tools-for-stm32.12.3.rel1.win32_1.1.0.202410251130/tools/bin/../lib/gcc/arm-none-eabi/12.3.1/../../../../arm-none-eabi/lib/thumb/v7e-m/nofp\libc_nano.a(libc_a-wctomb_r.o)
                0x08008a24                __ascii_wctomb
 *fill*         0x08008a3e        0x2 
 .text.fprintf  0x08008a40       0x24 C:/ST/STM32CubeIDE_1.16.1/STM32CubeIDE/plugins/com.st.stm32cube.ide.mcu.externaltools.gnu-tools-for-stm32.12.3.rel1.win32_1.1.0.202410251130/tools/bin/../lib/gcc/arm-none-eabi/12.3.1/../../../../arm-none-eabi/lib/thumb/v7e-m/nofp\libc_nano.a(libc_a-fprintf.o)
                0x08008a40                fiprintf
                0x08008a40                fprintf
 .text.abort    0x08008a64        0xe C:/ST/STM32CubeIDE_1.16.1/STM32CubeIDE/plugins/com.st.stm32cube.ide.mcu.externaltools.gnu-tools-for-stm32.12.3.rel1.win32_1.1.0.202410251130/tools/bin/../lib/gcc/arm-none-eabi/12.3.1/../../../../arm-none-eabi/lib/thumb/v7e-m/nofp\libc_nano.a(libc_a-abort.o)
                0x08008a64                abort
 .text.__sfputc_r
                0x08008a72       0x2a C:/ST/STM32CubeIDE_1.16.1/STM32CubeIDE/plugins/com.st.stm32cube.ide.mcu.externaltools.gnu-tools-for-stm32.12.3.rel1.win32_1.1.0.202410251130/tools/bin/../lib/gcc/arm-none-eabi/12.3.1/../../../../arm-none-eabi/lib/thumb/v7e-m/nofp\libc_nano.a(libc_a-nano-vfprintf.o)
 .text.__sfputs_r
                0x08008a9c       0x24 C:/ST/STM32CubeIDE_1.16.1/STM32CubeIDE/plugins/com.st.stm32cube.ide.mcu.externaltools.gnu-tools-for-stm32.12.3.rel1.win32_1.1.0.202410251130/tools/bin/../lib/gcc/arm-none-eabi/12.3.1/../../../../arm-none-eabi/lib/thumb/v7e-m/nofp\libc_nano.a(libc_a-nano-vfprintf.o)
                0x08008a9c                __sfputs_r
 .text._vfprintf_r
                0x08008ac0      0x230 C:/ST/STM32CubeIDE_1.16.1/STM32CubeIDE/plugins/com.st.stm32cube.ide.mcu.externaltools.gnu-tools-for-stm32.12.3.rel1.win32_1.1.0.202410251130/tools/bin/../lib/gcc/arm-none-eabi/12.3.1/../../../../arm-none-eabi/lib/thumb/v7e-m/nofp\libc_nano.a(libc_a-nano-vfprintf.o)
                0x08008ac0                _vfprintf_r
                0x08008ac0                _vfiprintf_r
 .text.__swbuf_r
                0x08008cf0       0x7c C:/ST/STM32CubeIDE_1.16.1/STM32CubeIDE/plugins/com.st.stm32cube.ide.mcu.externaltools.gnu-tools-for-stm32.12.3.rel1.win32_1.1.0.202410251130/tools/bin/../lib/gcc/arm-none-eabi/12.3.1/../../../../arm-none-eabi/lib/thumb/v7e-m/nofp\libc_nano.a(libc_a-wbuf.o)
                0x08008cf0                __swbuf_r
 .text.__swsetup_r
                0x08008d6c       0xac C:/ST/STM32CubeIDE_1.16.1/STM32CubeIDE/plugins/com.st.stm32cube.ide.mcu.externaltools.gnu-tools-for-stm32.12.3.rel1.win32_1.1.0.202410251130/tools/bin/../lib/gcc/arm-none-eabi/12.3.1/../../../../arm-none-eabi/lib/thumb/v7e-m/nofp\libc_nano.a(libc_a-wsetup.o)
                0x08008d6c                __swsetup_r
 .text._raise_r
                0x08008e18       0x50 C:/ST/STM32CubeIDE_1.16.1/STM32CubeIDE/plugins/com.st.stm32cube.ide.mcu.externaltools.gnu-tools-for-stm32.12.3.rel1.win32_1.1.0.202410251130/tools/bin/../lib/gcc/arm-none-eabi/12.3.1/../../../../arm-none-eabi/lib/thumb/v7e-m/nofp\libc_nano.a(libc_a-signal.o)
                0x08008e18                _raise_r
 .text.raise    0x08008e68       0x10 C:/ST/STM32CubeIDE_1.16.1/STM32CubeIDE/plugins/com.st.stm32cube.ide.mcu.externaltools.gnu-tools-for-stm32.12.3.rel1.win32_1.1.0.202410251130/tools/bin/../lib/gcc/arm-none-eabi/12.3.1/../../../../arm-none-eabi/lib/thumb/v7e-m/nofp\libc_nano.a(libc_a-signal.o)
                0x08008e68                raise
 .text._kill_r  0x08008e78       0x24 C:/ST/STM32CubeIDE_1.16.1/STM32CubeIDE/plugins/com.st.stm32cube.ide.mcu.externaltools.gnu-tools-for-stm32.12.3.rel1.win32_1.1.0.202410251130/tools/bin/../lib/gcc/arm-none-eabi/12.3.1/../../../../arm-none-eabi/lib/thumb/v7e-m/nofp\libc_nano.a(libc_a-signalr.o)
                0x08008e78                _kill_r
 .text._getpid_r
                0x08008e9c        0x4 C:/ST/STM32CubeIDE_1.16.1/STM32CubeIDE/plugins/com.st.stm32cube.ide.mcu.externaltools.gnu-tools-for-stm32.12.3.rel1.win32_1.1.0.202410251130/tools/bin/../lib/gcc/arm-none-eabi/12.3.1/../../../../arm-none-eabi/lib/thumb/v7e-m/nofp\libc_nano.a(libc_a-signalr.o)
                0x08008e9c                _getpid_r
 .text.__swhatbuf_r
                0x08008ea0       0x4c C:/ST/STM32CubeIDE_1.16.1/STM32CubeIDE/plugins/com.st.stm32cube.ide.mcu.externaltools.gnu-tools-for-stm32.12.3.rel1.win32_1.1.0.202410251130/tools/bin/../lib/gcc/arm-none-eabi/12.3.1/../../../../arm-none-eabi/lib/thumb/v7e-m/nofp\libc_nano.a(libc_a-makebuf.o)
                0x08008ea0                __swhatbuf_r
 .text.__smakebuf_r
                0x08008eec       0x78 C:/ST/STM32CubeIDE_1.16.1/STM32CubeIDE/plugins/com.st.stm32cube.ide.mcu.externaltools.gnu-tools-for-stm32.12.3.rel1.win32_1.1.0.202410251130/tools/bin/../lib/gcc/arm-none-eabi/12.3.1/../../../../arm-none-eabi/lib/thumb/v7e-m/nofp\libc_nano.a(libc_a-makebuf.o)
                0x08008eec                __smakebuf_r
 .text._fstat_r
                0x08008f64       0x24 C:/ST/STM32CubeIDE_1.16.1/STM32CubeIDE/plugins/com.st.stm32cube.ide.mcu.externaltools.gnu-tools-for-stm32.12.3.rel1.win32_1.1.0.202410251130/tools/bin/../lib/gcc/arm-none-eabi/12.3.1/../../../../arm-none-eabi/lib/thumb/v7e-m/nofp\libc_nano.a(libc_a-fstatr.o)
                0x08008f64                _fstat_r
 .text._isatty_r
                0x08008f88       0x20 C:/ST/STM32CubeIDE_1.16.1/STM32CubeIDE/plugins/com.st.stm32cube.ide.mcu.externaltools.gnu-tools-for-stm32.12.3.rel1.win32_1.1.0.202410251130/tools/bin/../lib/gcc/arm-none-eabi/12.3.1/../../../../arm-none-eabi/lib/thumb/v7e-m/nofp\libc_nano.a(libc_a-isattyr.o)
                0x08008f88                _isatty_r
 .text.asinf    0x08008fa8       0x40 C:/ST/STM32CubeIDE_1.16.1/STM32CubeIDE/plugins/com.st.stm32cube.ide.mcu.externaltools.gnu-tools-for-stm32.12.3.rel1.win32_1.1.0.202410251130/tools/bin/../lib/gcc/arm-none-eabi/12.3.1/../../../../arm-none-eabi/lib/thumb/v7e-m/nofp\libm.a(libm_a-wf_asin.o)
                0x08008fa8                asinf
 .text.atan2f   0x08008fe8        0x4 C:/ST/STM32CubeIDE_1.16.1/STM32CubeIDE/plugins/com.st.stm32cube.ide.mcu.externaltools.gnu-tools-for-stm32.12.3.rel1.win32_1.1.0.202410251130/tools/bin/../lib/gcc/arm-none-eabi/12.3.1/../../../../arm-none-eabi/lib/thumb/v7e-m/nofp\libm.a(libm_a-wf_atan2.o)
                0x08008fe8                atan2f
 .text.sqrtf    0x08008fec       0x34 C:/ST/STM32CubeIDE_1.16.1/STM32CubeIDE/plugins/com.st.stm32cube.ide.mcu.externaltools.gnu-tools-for-stm32.12.3.rel1.win32_1.1.0.202410251130/tools/bin/../lib/gcc/arm-none-eabi/12.3.1/../../../../arm-none-eabi/lib/thumb/v7e-m/nofp\libm.a(libm_a-wf_sqrt.o)
                0x08008fec                sqrtf
 .text.fabsf    0x08009020        0x6 C:/ST/STM32CubeIDE_1.16.1/STM32CubeIDE/plugins/com.st.stm32cube.ide.mcu.externaltools.gnu-tools-for-stm32.12.3.rel1.win32_1.1.0.202410251130/tools/bin/../lib/gcc/arm-none-eabi/12.3.1/../../../../arm-none-eabi/lib/thumb/v7e-m/nofp\libm.a(libm_a-sf_fabs.o)
                0x08009020                fabsf
 *fill*         0x08009026        0x2 
 .text.nanf     0x08009028        0x8 C:/ST/STM32CubeIDE_1.16.1/STM32CubeIDE/plugins/com.st.stm32cube.ide.mcu.externaltools.gnu-tools-for-stm32.12.3.rel1.win32_1.1.0.202410251130/tools/bin/../lib/gcc/arm-none-eabi/12.3.1/../../../../arm-none-eabi/lib/thumb/v7e-m/nofp\libm.a(libm_a-sf_nan.o)
                0x08009028                nanf
 .text.__ieee754_sqrtf
                0x08009030       0xe0 C:/ST/STM32CubeIDE_1.16.1/STM32CubeIDE/plugins/com.st.stm32cube.ide.mcu.externaltools.gnu-tools-for-stm32.12.3.rel1.win32_1.1.0.202410251130/tools/bin/../lib/gcc/arm-none-eabi/12.3.1/../../../../arm-none-eabi/lib/thumb/v7e-m/nofp\libm.a(libm_a-ef_sqrt.o)
                0x08009030                __ieee754_sqrtf
 .text.__ieee754_asinf
                0x08009110      0x284 C:/ST/STM32CubeIDE_1.16.1/STM32CubeIDE/plugins/com.st.stm32cube.ide.mcu.externaltools.gnu-tools-for-stm32.12.3.rel1.win32_1.1.0.202410251130/tools/bin/../lib/gcc/arm-none-eabi/12.3.1/../../../../arm-none-eabi/lib/thumb/v7e-m/nofp\libm.a(libm_a-ef_asin.o)
                0x08009110                __ieee754_asinf
 .text.__ieee754_atan2f
                0x08009394      0x110 C:/ST/STM32CubeIDE_1.16.1/STM32CubeIDE/plugins/com.st.stm32cube.ide.mcu.externaltools.gnu-tools-for-stm32.12.3.rel1.win32_1.1.0.202410251130/tools/bin/../lib/gcc/arm-none-eabi/12.3.1/../../../../arm-none-eabi/lib/thumb/v7e-m/nofp\libm.a(libm_a-ef_atan2.o)
                0x08009394                __ieee754_atan2f
 .text.atanf    0x080094a4      0x218 C:/ST/STM32CubeIDE_1.16.1/STM32CubeIDE/plugins/com.st.stm32cube.ide.mcu.externaltools.gnu-tools-for-stm32.12.3.rel1.win32_1.1.0.202410251130/tools/bin/../lib/gcc/arm-none-eabi/12.3.1/../../../../arm-none-eabi/lib/thumb/v7e-m/nofp\libm.a(libm_a-sf_atan.o)
                0x080094a4                atanf
 *(.glue_7)
 .glue_7        0x080096bc        0x0 linker stubs
 *(.glue_7t)
 .glue_7t       0x080096bc        0x0 linker stubs
 *(.eh_frame)
 .eh_frame      0x080096bc        0x0 C:/ST/STM32CubeIDE_1.16.1/STM32CubeIDE/plugins/com.st.stm32cube.ide.mcu.externaltools.gnu-tools-for-stm32.12.3.rel1.win32_1.1.0.202410251130/tools/bin/../lib/gcc/arm-none-eabi/12.3.1/thumb/v7e-m/nofp/crtbegin.o
 *(.init)
 .init          0x080096bc        0x4 C:/ST/STM32CubeIDE_1.16.1/STM32CubeIDE/plugins/com.st.stm32cube.ide.mcu.externaltools.gnu-tools-for-stm32.12.3.rel1.win32_1.1.0.202410251130/tools/bin/../lib/gcc/arm-none-eabi/12.3.1/thumb/v7e-m/nofp/crti.o
                0x080096bc                _init
 .init          0x080096c0        0x8 C:/ST/STM32CubeIDE_1.16.1/STM32CubeIDE/plugins/com.st.stm32cube.ide.mcu.externaltools.gnu-tools-for-stm32.12.3.rel1.win32_1.1.0.202410251130/tools/bin/../lib/gcc/arm-none-eabi/12.3.1/thumb/v7e-m/nofp/crtn.o
 *(.fini)
 .fini          0x080096c8        0x4 C:/ST/STM32CubeIDE_1.16.1/STM32CubeIDE/plugins/com.st.stm32cube.ide.mcu.externaltools.gnu-tools-for-stm32.12.3.rel1.win32_1.1.0.202410251130/tools/bin/../lib/gcc/arm-none-eabi/12.3.1/thumb/v7e-m/nofp/crti.o
                0x080096c8                _fini
 .fini          0x080096cc        0x8 C:/ST/STM32CubeIDE_1.16.1/STM32CubeIDE/plugins/com.st.stm32cube.ide.mcu.externaltools.gnu-tools-for-stm32.12.3.rel1.win32_1.1.0.202410251130/tools/bin/../lib/gcc/arm-none-eabi/12.3.1/thumb/v7e-m/nofp/crtn.o
                0x080096d4                        . = ALIGN (0x4)
                0x080096d4                        _etext = .

.vfp11_veneer   0x080096d4        0x0
 .vfp11_veneer  0x080096d4        0x0 linker stubs

.v4_bx          0x080096d4        0x0
 .v4_bx         0x080096d4        0x0 linker stubs

.iplt           0x080096d4        0x0
 .iplt          0x080096d4        0x0 C:/ST/STM32CubeIDE_1.16.1/STM32CubeIDE/plugins/com.st.stm32cube.ide.mcu.externaltools.gnu-tools-for-stm32.12.3.rel1.win32_1.1.0.202410251130/tools/bin/../lib/gcc/arm-none-eabi/12.3.1/thumb/v7e-m/nofp/crtbegin.o

.rodata         0x080096d8      0x4a0
                0x080096d8                        . = ALIGN (0x4)
 *(.rodata)
 .rodata        0x080096d8        0xc ./Drivers/STM32WLxx_HAL_Driver/stm32wlxx_hal_rcc.o
 *(.rodata*)
 .rodata.MSIRangeTable
                0x080096e4       0x40 ./Common/System/system_stm32wlxx.o
                0x080096e4                MSIRangeTable
 .rodata.APBPrescTable
                0x08009724       0x20 ./Common/System/system_stm32wlxx.o
                0x08009724                APBPrescTable
 .rodata.AHBPrescTable
                0x08009744       0x40 ./Common/System/system_stm32wlxx.o
                0x08009744                AHBPrescTable
 .rodata.FunctionIndex
                0x08009784       0x24 ./Drivers/BSP/IKS01A3/iks01a3_motion_sensors.o
 .rodata.UARTPrescTable
                0x080097a8       0x18 ./Drivers/STM32WLxx_HAL_Driver/stm32wlxx_hal_uart.o
                0x080097a8                UARTPrescTable
 .rodata.denominator.0
                0x080097c0        0x8 ./Drivers/STM32WLxx_HAL_Driver/stm32wlxx_hal_uart_ex.o
 .rodata.numerator.1
                0x080097c8        0x8 ./Drivers/STM32WLxx_HAL_Driver/stm32wlxx_hal_uart_ex.o
 .rodata._printf_float.str1.1
                0x080097d0       0x12 C:/ST/STM32CubeIDE_1.16.1/STM32CubeIDE/plugins/com.st.stm32cube.ide.mcu.externaltools.gnu-tools-for-stm32.12.3.rel1.win32_1.1.0.202410251130/tools/bin/../lib/gcc/arm-none-eabi/12.3.1/../../../../arm-none-eabi/lib/thumb/v7e-m/nofp\libc_nano.a(libc_a-nano-vfprintf_float.o)
 .rodata._printf_i.str1.1
                0x080097e2       0x22 C:/ST/STM32CubeIDE_1.16.1/STM32CubeIDE/plugins/com.st.stm32cube.ide.mcu.externaltools.gnu-tools-for-stm32.12.3.rel1.win32_1.1.0.202410251130/tools/bin/../lib/gcc/arm-none-eabi/12.3.1/../../../../arm-none-eabi/lib/thumb/v7e-m/nofp\libc_nano.a(libc_a-nano-vfprintf_i.o)
 .rodata._dtoa_r.str1.1
                0x08009804       0x8d C:/ST/STM32CubeIDE_1.16.1/STM32CubeIDE/plugins/com.st.stm32cube.ide.mcu.externaltools.gnu-tools-for-stm32.12.3.rel1.win32_1.1.0.202410251130/tools/bin/../lib/gcc/arm-none-eabi/12.3.1/../../../../arm-none-eabi/lib/thumb/v7e-m/nofp\libc_nano.a(libc_a-dtoa.o)
                                 0x8f (size before relaxing)
 .rodata._Balloc.str1.1
                0x08009891       0x59 C:/ST/STM32CubeIDE_1.16.1/STM32CubeIDE/plugins/com.st.stm32cube.ide.mcu.externaltools.gnu-tools-for-stm32.12.3.rel1.win32_1.1.0.202410251130/tools/bin/../lib/gcc/arm-none-eabi/12.3.1/../../../../arm-none-eabi/lib/thumb/v7e-m/nofp\libc_nano.a(libc_a-mprec.o)
                                 0x70 (size before relaxing)
 .rodata.__multadd.str1.1
                0x080098ea       0x11 C:/ST/STM32CubeIDE_1.16.1/STM32CubeIDE/plugins/com.st.stm32cube.ide.mcu.externaltools.gnu-tools-for-stm32.12.3.rel1.win32_1.1.0.202410251130/tools/bin/../lib/gcc/arm-none-eabi/12.3.1/../../../../arm-none-eabi/lib/thumb/v7e-m/nofp\libc_nano.a(libc_a-mprec.o)
 *fill*         0x080098ea        0x2 
 .rodata.p05.0  0x080098ec        0xc C:/ST/STM32CubeIDE_1.16.1/STM32CubeIDE/plugins/com.st.stm32cube.ide.mcu.externaltools.gnu-tools-for-stm32.12.3.rel1.win32_1.1.0.202410251130/tools/bin/../lib/gcc/arm-none-eabi/12.3.1/../../../../arm-none-eabi/lib/thumb/v7e-m/nofp\libc_nano.a(libc_a-mprec.o)
 .rodata.__mprec_bigtens
                0x080098f8       0x28 C:/ST/STM32CubeIDE_1.16.1/STM32CubeIDE/plugins/com.st.stm32cube.ide.mcu.externaltools.gnu-tools-for-stm32.12.3.rel1.win32_1.1.0.202410251130/tools/bin/../lib/gcc/arm-none-eabi/12.3.1/../../../../arm-none-eabi/lib/thumb/v7e-m/nofp\libc_nano.a(libc_a-mprec.o)
                0x080098f8                __mprec_bigtens
 .rodata.__mprec_tens
                0x08009920       0xc8 C:/ST/STM32CubeIDE_1.16.1/STM32CubeIDE/plugins/com.st.stm32cube.ide.mcu.externaltools.gnu-tools-for-stm32.12.3.rel1.win32_1.1.0.202410251130/tools/bin/../lib/gcc/arm-none-eabi/12.3.1/../../../../arm-none-eabi/lib/thumb/v7e-m/nofp\libc_nano.a(libc_a-mprec.o)
                0x08009920                __mprec_tens
 .rodata._setlocale_r.str1.1
                0x080099e8        0x8 C:/ST/STM32CubeIDE_1.16.1/STM32CubeIDE/plugins/com.st.stm32cube.ide.mcu.externaltools.gnu-tools-for-stm32.12.3.rel1.win32_1.1.0.202410251130/tools/bin/../lib/gcc/arm-none-eabi/12.3.1/../../../../arm-none-eabi/lib/thumb/v7e-m/nofp\libc_nano.a(libc_a-locale.o)
                                  0x9 (size before relaxing)
 .rodata.str1.1
                0x080099f0        0x2 C:/ST/STM32CubeIDE_1.16.1/STM32CubeIDE/plugins/com.st.stm32cube.ide.mcu.externaltools.gnu-tools-for-stm32.12.3.rel1.win32_1.1.0.202410251130/tools/bin/../lib/gcc/arm-none-eabi/12.3.1/../../../../arm-none-eabi/lib/thumb/v7e-m/nofp\libc_nano.a(libc_a-locale.o)
 .rodata.__assert_func.str1.1
                0x080099f2       0x3c C:/ST/STM32CubeIDE_1.16.1/STM32CubeIDE/plugins/com.st.stm32cube.ide.mcu.externaltools.gnu-tools-for-stm32.12.3.rel1.win32_1.1.0.202410251130/tools/bin/../lib/gcc/arm-none-eabi/12.3.1/../../../../arm-none-eabi/lib/thumb/v7e-m/nofp\libc_nano.a(libc_a-assert.o)
                                 0x3d (size before relaxing)
 .rodata._ctype_