../Application/Primus/Common/Library_ISM330DHCX/b_wl5m_subg_motion_sensors.c:93:9:BSP_MOTION_SENSOR_Init	64	static
../Application/Primus/Common/Library_ISM330DHCX/b_wl5m_subg_motion_sensors.c:178:9:BSP_MOTION_SENSOR_DeInit	24	static
../Application/Primus/Common/Library_ISM330DHCX/b_wl5m_subg_motion_sensors.c:206:9:BSP_MOTION_SENSOR_GetCapabilities	24	static
../Application/Primus/Common/Library_ISM330DHCX/b_wl5m_subg_motion_sensors.c:234:9:BSP_MOTION_SENSOR_ReadID	24	static
../Application/Primus/Common/Library_ISM330DHCX/b_wl5m_subg_motion_sensors.c:264:9:BSP_MOTION_SENSOR_Enable	24	static
../Application/Primus/Common/Library_ISM330DHCX/b_wl5m_subg_motion_sensors.c:304:9:BSP_MOTION_SENSOR_Disable	24	static
../Application/Primus/Common/Library_ISM330DHCX/b_wl5m_subg_motion_sensors.c:345:9:BSP_MOTION_SENSOR_GetAxes	32	static
../Application/Primus/Common/Library_ISM330DHCX/b_wl5m_subg_motion_sensors.c:387:9:BSP_MOTION_SENSOR_GetAxesRaw	32	static
../Application/Primus/Common/Library_ISM330DHCX/b_wl5m_subg_motion_sensors.c:428:9:BSP_MOTION_SENSOR_GetSensitivity	32	static
../Application/Primus/Common/Library_ISM330DHCX/b_wl5m_subg_motion_sensors.c:470:9:BSP_MOTION_SENSOR_GetOutputDataRate	32	static
../Application/Primus/Common/Library_ISM330DHCX/b_wl5m_subg_motion_sensors.c:512:9:BSP_MOTION_SENSOR_GetFullScale	32	static
../Application/Primus/Common/Library_ISM330DHCX/b_wl5m_subg_motion_sensors.c:554:9:BSP_MOTION_SENSOR_SetOutputDataRate	32	static
../Application/Primus/Common/Library_ISM330DHCX/b_wl5m_subg_motion_sensors.c:596:9:BSP_MOTION_SENSOR_SetFullScale	32	static
../Application/Primus/Common/Library_ISM330DHCX/b_wl5m_subg_motion_sensors.c:717:16:ISM330DHCX_0_Probe	88	static
