../Application/Primus/Interface/Src/Sensor.c:643:6:ODR_FS_setting	0	static
../Application/Primus/Interface/Src/Sensor.c:700:6:offset_working	32	static
../Application/Primus/Interface/Src/Sensor.c:671:6:Full_scale	16	static
../Application/Primus/Interface/Src/Sensor.c:748:6:Train_working	32	static
../Application/Primus/Interface/Src/Sensor.c:913:6:input_and_Apeak	32	static
../Application/Primus/Interface/Src/Sensor.c:602:19:pair_code	0	static
../Application/Primus/Interface/Src/Sensor.c:127:10:Sensor_Init	32	static
../Application/Primus/Interface/Src/Sensor.c:154:6:Sensor_DeInit	8	static
../Application/Primus/Interface/Src/Sensor.c:119:6:Sensor_Errors	8	static,ignoring_inline_asm
../Application/Primus/Interface/Src/Sensor.c:236:6:Enable_Temp_STTS22H	8	static
../Application/Primus/Interface/Src/Sensor.c:256:6:Measure_Temp_STTS22H	24	static
../Application/Primus/Interface/Src/Sensor.c:287:6:wake_up_ISM330DHCX	0	static
../Application/Primus/Interface/Src/Sensor.c:293:6:Measure_Acc_ISM330DHCX	24	static
../Application/Primus/Interface/Src/Sensor.c:350:6:calibration1	32	static
../Application/Primus/Interface/Src/Sensor.c:359:6:calculate_acc	40	static
../Application/Primus/Interface/Src/Sensor.c:379:6:calculate_accver2	48	static
../Application/Primus/Interface/Src/Sensor.c:398:6:velocity_and_displacement_FFT	112	static
../Application/Primus/Interface/Src/Sensor.c:436:6:velocity_and_displacement_zero	64	static
../Application/Primus/Interface/Src/Sensor.c:484:6:calculateMagnitudeArray	32	static
../Application/Primus/Interface/Src/Sensor.c:491:6:find_top_peaks_3axis	88	dynamic
../Application/Primus/Interface/Src/Sensor.c:956:6:peak	96	static
../Application/Primus/Interface/Src/Sensor.c:560:6:Threshold_E_sse	40	static
../Application/Primus/Interface/Src/Sensor.c:933:6:threshold_noise	24	static
../Application/Primus/Interface/Src/Sensor.c:587:6:Reset	16	static
../Application/Primus/Interface/Src/Sensor.c:607:6:frequency	96	static
../Application/Primus/Interface/Src/Sensor.c:1039:6:velocity	64	static
../Application/Primus/Interface/Src/Sensor.c:1051:6:displacement_c	64	static
../Application/Primus/Interface/Src/Sensor.c:1064:6:zerocross	120	static
../Application/Primus/Interface/Src/Sensor.c:1102:6:FFT	40	static
../Application/Primus/Interface/Src/Sensor.c:1132:6:Calibrate_Hann	24	static
../Application/Primus/Interface/Src/Sensor.c:1163:6:Acc_Calculation	40	static
../Application/Primus/Interface/Src/Sensor.c:824:6:wake_up_now_working	32	static
../Application/Primus/Interface/Src/Sensor.c:863:6:wake_up_working	72	static
../Application/Primus/Interface/Src/Sensor.c:1217:6:Sensor_Run	0	static
../Application/Primus/Interface/Src/Sensor.c:1223:6:Sensor_Log	8	static
../Application/Primus/Interface/Src/Sensor.c:1259:6:ACCELERO_GYRO_INT_RUN	32	static
