Archive member included to satisfy reference by file (symbol)

C:/ST/STM32CubeIDE_1.16.1/STM32CubeIDE/plugins/com.st.stm32cube.ide.mcu.externaltools.gnu-tools-for-stm32.12.3.rel1.win32_1.1.0.202410251130/tools/bin/../lib/gcc/arm-none-eabi/12.3.1/../../../../arm-none-eabi/lib/thumb/v7e-m/nofp\libc_nano.a(libc_a-exit.o)
                              C:/ST/STM32CubeIDE_1.16.1/STM32CubeIDE/plugins/com.st.stm32cube.ide.mcu.externaltools.gnu-tools-for-stm32.12.3.rel1.win32_1.1.0.202410251130/tools/bin/../lib/gcc/arm-none-eabi/12.3.1/../../../../arm-none-eabi/lib/thumb/v7e-m/nofp/crt0.o (exit)
C:/ST/STM32CubeIDE_1.16.1/STM32CubeIDE/plugins/com.st.stm32cube.ide.mcu.externaltools.gnu-tools-for-stm32.12.3.rel1.win32_1.1.0.202410251130/tools/bin/../lib/gcc/arm-none-eabi/12.3.1/../../../../arm-none-eabi/lib/thumb/v7e-m/nofp\libc_nano.a(libc_a-nano-vfprintf_float.o)
                              (_printf_float)
C:/ST/STM32CubeIDE_1.16.1/STM32CubeIDE/plugins/com.st.stm32cube.ide.mcu.externaltools.gnu-tools-for-stm32.12.3.rel1.win32_1.1.0.202410251130/tools/bin/../lib/gcc/arm-none-eabi/12.3.1/../../../../arm-none-eabi/lib/thumb/v7e-m/nofp\libc_nano.a(libc_a-nano-vfprintf_i.o)
                              C:/ST/STM32CubeIDE_1.16.1/STM32CubeIDE/plugins/com.st.stm32cube.ide.mcu.externaltools.gnu-tools-for-stm32.12.3.rel1.win32_1.1.0.202410251130/tools/bin/../lib/gcc/arm-none-eabi/12.3.1/../../../../arm-none-eabi/lib/thumb/v7e-m/nofp\libc_nano.a(libc_a-nano-vfprintf_float.o) (_printf_common)
C:/ST/STM32CubeIDE_1.16.1/STM32CubeIDE/plugins/com.st.stm32cube.ide.mcu.externaltools.gnu-tools-for-stm32.12.3.rel1.win32_1.1.0.202410251130/tools/bin/../lib/gcc/arm-none-eabi/12.3.1/../../../../arm-none-eabi/lib/thumb/v7e-m/nofp\libc_nano.a(libc_a-findfp.o)
                              C:/ST/STM32CubeIDE_1.16.1/STM32CubeIDE/plugins/com.st.stm32cube.ide.mcu.externaltools.gnu-tools-for-stm32.12.3.rel1.win32_1.1.0.202410251130/tools/bin/../lib/gcc/arm-none-eabi/12.3.1/../../../../arm-none-eabi/lib/thumb/v7e-m/nofp\libc_nano.a(libc_a-exit.o) (__stdio_exit_handler)
C:/ST/STM32CubeIDE_1.16.1/STM32CubeIDE/plugins/com.st.stm32cube.ide.mcu.externaltools.gnu-tools-for-stm32.12.3.rel1.win32_1.1.0.202410251130/tools/bin/../lib/gcc/arm-none-eabi/12.3.1/../../../../arm-none-eabi/lib/thumb/v7e-m/nofp\libc_nano.a(libc_a-fwalk.o)
                              C:/ST/STM32CubeIDE_1.16.1/STM32CubeIDE/plugins/com.st.stm32cube.ide.mcu.externaltools.gnu-tools-for-stm32.12.3.rel1.win32_1.1.0.202410251130/tools/bin/../lib/gcc/arm-none-eabi/12.3.1/../../../../arm-none-eabi/lib/thumb/v7e-m/nofp\libc_nano.a(libc_a-findfp.o) (_fwalk_sglue)
C:/ST/STM32CubeIDE_1.16.1/STM32CubeIDE/plugins/com.st.stm32cube.ide.mcu.externaltools.gnu-tools-for-stm32.12.3.rel1.win32_1.1.0.202410251130/tools/bin/../lib/gcc/arm-none-eabi/12.3.1/../../../../arm-none-eabi/lib/thumb/v7e-m/nofp\libc_nano.a(libc_a-printf.o)
                              ./Core/Src/main.o (printf)
C:/ST/STM32CubeIDE_1.16.1/STM32CubeIDE/plugins/com.st.stm32cube.ide.mcu.externaltools.gnu-tools-for-stm32.12.3.rel1.win32_1.1.0.202410251130/tools/bin/../lib/gcc/arm-none-eabi/12.3.1/../../../../arm-none-eabi/lib/thumb/v7e-m/nofp\libc_nano.a(libc_a-puts.o)
                              ./Core/Src/main.o (puts)
C:/ST/STM32CubeIDE_1.16.1/STM32CubeIDE/plugins/com.st.stm32cube.ide.mcu.externaltools.gnu-tools-for-stm32.12.3.rel1.win32_1.1.0.202410251130/tools/bin/../lib/gcc/arm-none-eabi/12.3.1/../../../../arm-none-eabi/lib/thumb/v7e-m/nofp\libc_nano.a(libc_a-stdio.o)
                              C:/ST/STM32CubeIDE_1.16.1/STM32CubeIDE/plugins/com.st.stm32cube.ide.mcu.externaltools.gnu-tools-for-stm32.12.3.rel1.win32_1.1.0.202410251130/tools/bin/../lib/gcc/arm-none-eabi/12.3.1/../../../../arm-none-eabi/lib/thumb/v7e-m/nofp\libc_nano.a(libc_a-findfp.o) (__sread)
C:/ST/STM32CubeIDE_1.16.1/STM32CubeIDE/plugins/com.st.stm32cube.ide.mcu.externaltools.gnu-tools-for-stm32.12.3.rel1.win32_1.1.0.202410251130/tools/bin/../lib/gcc/arm-none-eabi/12.3.1/../../../../arm-none-eabi/lib/thumb/v7e-m/nofp\libc_nano.a(libc_a-wbuf.o)
                              C:/ST/STM32CubeIDE_1.16.1/STM32CubeIDE/plugins/com.st.stm32cube.ide.mcu.externaltools.gnu-tools-for-stm32.12.3.rel1.win32_1.1.0.202410251130/tools/bin/../lib/gcc/arm-none-eabi/12.3.1/../../../../arm-none-eabi/lib/thumb/v7e-m/nofp\libc_nano.a(libc_a-puts.o) (__swbuf_r)
C:/ST/STM32CubeIDE_1.16.1/STM32CubeIDE/plugins/com.st.stm32cube.ide.mcu.externaltools.gnu-tools-for-stm32.12.3.rel1.win32_1.1.0.202410251130/tools/bin/../lib/gcc/arm-none-eabi/12.3.1/../../../../arm-none-eabi/lib/thumb/v7e-m/nofp\libc_nano.a(libc_a-wsetup.o)
                              C:/ST/STM32CubeIDE_1.16.1/STM32CubeIDE/plugins/com.st.stm32cube.ide.mcu.externaltools.gnu-tools-for-stm32.12.3.rel1.win32_1.1.0.202410251130/tools/bin/../lib/gcc/arm-none-eabi/12.3.1/../../../../arm-none-eabi/lib/thumb/v7e-m/nofp\libc_nano.a(libc_a-puts.o) (__swsetup_r)
[...]
Memory Configuration

Name             Origin             Length             Attributes
RAM              0x20000000         0x00010000         xrw
RAM2             0x10000000         0x00008000         xrw
FLASH            0x08000000         0x00040000         xr
*default*        0x00000000         0xffffffff

Linker script and memory map

LOAD C:/ST/STM32CubeIDE_1.16.1/STM32CubeIDE/plugins/com.st.stm32cube.ide.mcu.externaltools.gnu-tools-for-stm32.12.3.rel1.win32_1.1.0.202410251130/tools/bin/../lib/gcc/arm-none-eabi/12.3.1/thumb/v7e-m/nofp/crti.o
LOAD C:/ST/STM32CubeIDE_1.16.1/STM32CubeIDE/plugins/com.st.stm32cube.ide.mcu.externaltools.gnu-tools-for-stm32.12.3.rel1.win32_1.1.0.202410251130/tools/bin/../lib/gcc/arm-none-eabi/12.3.1/thumb/v7e-m/nofp/crtbegin.o
LOAD C:/ST/STM32CubeIDE_1.16.1/STM32CubeIDE/plugins/com.st.stm32cube.ide.mcu.externaltools.gnu-tools-for-stm32.12.3.rel1.win32_1.1.0.202410251130/tools/bin/../lib/gcc/arm-none-eabi/12.3.1/../../../../arm-none-eabi/lib/thumb/v7e-m/nofp/crt0.o
LOAD ./Core/Library/App/app_mems.o
LOAD ./Core/Src/bsp.o
LOAD ./Core/Src/custom_bus.o
LOAD ./Core/Src/gpio.o
LOAD ./Core/Src/main.o
LOAD ./Core/Src/stm32wlxx_hal_msp.o
LOAD ./Core/Src/stm32wlxx_it.o
LOAD ./Core/Src/syscalls.o
LOAD ./Core/Src/sysmem.o
LOAD ./Core/Src/system_stm32wlxx.o
LOAD ./Core/Src/tim.o
LOAD ./Core/Startup/startup_stm32wl55jcix.o
LOAD ./Drivers/BSP/Components/hts221/hts221.o
LOAD ./Drivers/BSP/Components/hts221/hts221_reg.o
LOAD ./Drivers/BSP/Components/lis2dw12/lis2dw12.o
LOAD ./Drivers/BSP/Components/lis2dw12/lis2dw12_reg.o
LOAD ./Drivers/BSP/Components/lis2mdl/lis2mdl.o
LOAD ./Drivers/BSP/Components/lis2mdl/lis2mdl_reg.o
LOAD ./Drivers/BSP/Components/lps22hh/lps22hh.o
LOAD ./Drivers/BSP/Components/lps22hh/lps22hh_reg.o
LOAD ./Drivers/BSP/Components/lsm6dso/lsm6dso.o
LOAD ./Drivers/BSP/Components/lsm6dso/lsm6dso_reg.o
LOAD ./Drivers/BSP/Components/stts751/stts751.o
LOAD ./Drivers/BSP/Components/stts751/stts751_reg.o
LOAD ./Drivers/BSP/IKS01A3/iks01a3_env_sensors.o
LOAD ./Drivers/BSP/IKS01A3/iks01a3_env_sensors_ex.o
LOAD ./Drivers/BSP/IKS01A3/iks01a3_motion_sensors.o
LOAD ./Drivers/BSP/IKS01A3/iks01a3_motion_sensors_ex.o
LOAD ./Drivers/BSP/custom/custom.o
LOAD ./Drivers/STM32WLxx_HAL_Driver/Src/stm32wlxx_hal.o
LOAD ./Drivers/STM32WLxx_HAL_Driver/Src/stm32wlxx_hal_cortex.o
LOAD ./Drivers/STM32WLxx_HAL_Driver/Src/stm32wlxx_hal_dma.o
LOAD ./Drivers/STM32WLxx_HAL_Driver/Src/stm32wlxx_hal_dma_ex.o
LOAD ./Drivers/STM32WLxx_HAL_Driver/Src/stm32wlxx_hal_exti.o
LOAD ./Drivers/STM32WLxx_HAL_Driver/Src/stm32wlxx_hal_flash.o
LOAD ./Drivers/STM32WLxx_HAL_Driver/Src/stm32wlxx_hal_flash_ex.o
LOAD ./Drivers/STM32WLxx_HAL_Driver/Src/stm32wlxx_hal_gpio.o
LOAD ./Drivers/STM32WLxx_HAL_Driver/Src/stm32wlxx_hal_i2c.o
LOAD ./Drivers/STM32WLxx_HAL_Driver/Src/stm32wlxx_hal_i2c_ex.o
LOAD ./Drivers/STM32WLxx_HAL_Driver/Src/stm32wlxx_hal_pwr.o
LOAD ./Drivers/STM32WLxx_HAL_Driver/Src/stm32wlxx_hal_pwr_ex.o
LOAD ./Drivers/STM32WLxx_HAL_Driver/Src/stm32wlxx_hal_rcc.o
LOAD ./Drivers/STM32WLxx_HAL_Driver/Src/stm32wlxx_hal_rcc_ex.o
LOAD ./Drivers/STM32WLxx_HAL_Driver/Src/stm32wlxx_hal_tim.o
LOAD ./Drivers/STM32WLxx_HAL_Driver/Src/stm32wlxx_hal_tim_ex.o
LOAD ./Drivers/STM32WLxx_HAL_Driver/Src/stm32wlxx_hal_uart.o
LOAD ./Drivers/STM32WLxx_HAL_Driver/Src/stm32wlxx_hal_uart_ex.o
LOAD ./MEMS/App/app_mems.o
LOAD D:\vibration_sensor (1)\test_sleep_mode 1\Core\Library\libarm_cortexM4l_math.a
START GROUP
LOAD C:/ST/STM32CubeIDE_1.16.1/STM32CubeIDE/plugins/com.st.stm32cube.ide.mcu.externaltools.gnu-tools-for-stm32.12.3.rel1.win32_1.1.0.202410251130/tools/bin/../lib/gcc/arm-none-eabi/12.3.1/../../../../arm-none-eabi/lib/thumb/v7e-m/nofp\libc_nano.a
LOAD C:/ST/STM32CubeIDE_1.16.1/STM32CubeIDE/plugins/com.st.stm32cube.ide.mcu.externaltools.gnu-tools-for-stm32.12.3.rel1.win32_1.1.0.202410251130/tools/bin/../lib/gcc/arm-none-eabi/12.3.1/../../../../arm-none-eabi/lib/thumb/v7e-m/nofp\libm.a
END GROUP
START GROUP
LOAD C:/ST/STM32CubeIDE_1.16.1/STM32CubeIDE/plugins/com.st.stm32cube.ide.mcu.externaltools.gnu-tools-for-stm32.12.3.rel1.win32_1.1.0.202410251130/tools/bin/../lib/gcc/arm-none-eabi/12.3.1/thumb/v7e-m/nofp\libgcc.a
LOAD C:/ST/STM32CubeIDE_1.16.1/STM32CubeIDE/plugins/com.st.stm32cube.ide.mcu.externaltools.gnu-tools-for-stm32.12.3.rel1.win32_1.1.0.202410251130/tools/bin/../lib/gcc/arm-none-eabi/12.3.1/../../../../arm-none-eabi/lib/thumb/v7e-m/nofp\libc_nano.a
END GROUP
START GROUP
LOAD C:/ST/STM32CubeIDE_1.16.1/STM32CubeIDE/plugins/com.st.stm32cube.ide.mcu.externaltools.gnu-tools-for-stm32.12.3.rel1.win32_1.1.0.202410251130/tools/bin/../lib/gcc/arm-none-eabi/12.3.1/thumb/v7e-m/nofp\libgcc.a
LOAD C:/ST/STM32CubeIDE_1.16.1/STM32CubeIDE/plugins/com.st.stm32cube.ide.mcu.externaltools.gnu-tools-for-stm32.12.3.rel1.win32_1.1.0.202410251130/tools/bin/../lib/gcc/arm-none-eabi/12.3.1/../../../../arm-none-eabi/lib/thumb/v7e-m/nofp\libc_nano.a
LOAD C:/ST/STM32CubeIDE_1.16.1/STM32CubeIDE/plugins/com.st.stm32cube.ide.mcu.externaltools.gnu-tools-for-stm32.12.3.rel1.win32_1.1.0.202410251130/tools/bin/../lib/gcc/arm-none-eabi/12.3.1/../../../../arm-none-eabi/lib/thumb/v7e-m/nofp\libnosys.a
END GROUP
START GROUP
LOAD C:/ST/STM32CubeIDE_1.16.1/STM32CubeIDE/plugins/com.st.stm32cube.ide.mcu.externaltools.gnu-tools-for-stm32.12.3.rel1.win32_1.1.0.202410251130/tools/bin/../lib/gcc/arm-none-eabi/12.3.1/thumb/v7e-m/nofp\libgcc.a
LOAD C:/ST/STM32CubeIDE_1.16.1/STM32CubeIDE/plugins/com.st.stm32cube.ide.mcu.externaltools.gnu-tools-for-stm32.12.3.rel1.win32_1.1.0.202410251130/tools/bin/../lib/gcc/arm-none-eabi/12.3.1/../../../../arm-none-eabi/lib/thumb/v7e-m/nofp\libc_nano.a
LOAD C:/ST/STM32CubeIDE_1.16.1/STM32CubeIDE/plugins/com.st.stm32cube.ide.mcu.externaltools.gnu-tools-for-stm32.12.3.rel1.win32_1.1.0.202410251130/tools/bin/../lib/gcc/arm-none-eabi/12.3.1/../../../../arm-none-eabi/lib/thumb/v7e-m/nofp\libnosys.a
END GROUP
LOAD C:/ST/STM32CubeIDE_1.16.1/STM32CubeIDE/plugins/com.st.stm32cube.ide.mcu.externaltools.gnu-tools-for-stm32.12.3.rel1.win32_1.1.0.202410251130/tools/bin/../lib/gcc/arm-none-eabi/12.3.1/thumb/v7e-m/nofp/crtend.o
LOAD C:/ST/STM32CubeIDE_1.16.1/STM32CubeIDE/plugins/com.st.stm32cube.ide.mcu.externaltools.gnu-tools-for-stm32.12.3.rel1.win32_1.1.0.202410251130/tools/bin/../lib/gcc/arm-none-eabi/12.3.1/thumb/v7e-m/nofp/crtn.o
                0x20010000                        _estack = (ORIGIN (RAM) + LENGTH (RAM))
                0x00000200                        _Min_Heap_Size = 0x200
                0x00000400                        _Min_Stack_Size = 0x400

.isr_vector     0x08000000      0x138
                0x08000000                        . = ALIGN (0x4)
 *(.isr_vector)
 .isr_vector    0x08000000      0x138 ./Core/Startup/startup_stm32wl55jcix.o
                0x08000000                g_pfnVectors
                0x08000138                        . = ALIGN (0x4)

.text           0x08000140     0xd66c
                0x08000140                        . = ALIGN (0x4)
 *(.text)
 .text          0x08000140       0x40 C:/ST/STM32CubeIDE_1.16.1/STM32CubeIDE/plugins/com.st.stm32cube.ide.mcu.externaltools.gnu-tools-for-stm32.12.3.rel1.win32_1.1.0.202410251130/tools/bin/../lib/gcc/arm-none-eabi/12.3.1/thumb/v7e-m/nofp/crtbegin.o
 .text          0x08000180       0xa0 C:/ST/STM32CubeIDE_1.16.1/STM32CubeIDE/plugins/com.st.stm32cube.ide.mcu.externaltools.gnu-tools-for-stm32.12.3.rel1.win32_1.1.0.202410251130/tools/bin/../lib/gcc/arm-none-eabi/12.3.1/../../../../arm-none-eabi/lib/thumb/v7e-m/nofp\libc_nano.a(libc_a-memchr.o)
                0x08000180                memchr
 .text          0x08000220       0x10 C:/ST/STM32CubeIDE_1.16.1/STM32CubeIDE/plugins/com.st.stm32cube.ide.mcu.externaltools.gnu-tools-for-stm32.12.3.rel1.win32_1.1.0.202410251130/tools/bin/../lib/gcc/arm-none-eabi/12.3.1/../../../../arm-none-eabi/lib/thumb/v7e-m/nofp\libc_nano.a(libc_a-strlen.o)
                0x08000220                strlen
 .text          0x08000230      0x378 C:/ST/STM32CubeIDE_1.16.1/STM32CubeIDE/plugins/com.st.stm32cube.ide.mcu.externaltools.gnu-tools-for-stm32.12.3.rel1.win32_1.1.0.202410251130/tools/bin/../lib/gcc/arm-none-eabi/12.3.1/thumb/v7e-m/nofp\libgcc.a(_arm_addsubdf3.o)
                0x08000230                __aeabi_drsub
                0x08000238                __aeabi_dsub
                0x08000238                __subdf3
                0x0800023c                __aeabi_dadd
                0x0800023c                __adddf3
                0x080004b4                __floatunsidf
                0x080004b4                __aeabi_ui2d
                0x080004d4                __floatsidf
                0x080004d4                __aeabi_i2d
                0x080004f8                __aeabi_f2d
                0x080004f8                __extendsfdf2
                0x0800053c                __floatundidf
                0x0800053c                __aeabi_ul2d
                0x0800054c                __floatdidf
                0x0800054c                __aeabi_l2d
 .text          0x080005a8      0x424 C:/ST/STM32CubeIDE_1.16.1/STM32CubeIDE/plugins/com.st.stm32cube.ide.mcu.externaltools.gnu-tools-for-stm32.12.3.rel1.win32_1.1.0.202410251130/tools/bin/../lib/gcc/arm-none-eabi/12.3.1/thumb/v7e-m/nofp\libgcc.a(_arm_muldivdf3.o)
                0x080005a8                __aeabi_dmul
                0x080005a8                __muldf3
                0x080007fc                __divdf3
                0x080007fc                __aeabi_ddiv
 .text          0x080009cc      0x110 C:/ST/STM32CubeIDE_1.16.1/STM32CubeIDE/plugins/com.st.stm32cube.ide.mcu.externaltools.gnu-tools-for-stm32.12.3.rel1.win32_1.1.0.202410251130/tools/bin/../lib/gcc/arm-none-eabi/12.3.1/thumb/v7e-m/nofp\libgcc.a(_arm_cmpdf2.o)
                0x080009cc                __gtdf2
                0x080009cc                __gedf2
                0x080009d4                __ltdf2
                0x080009d4                __ledf2
                0x080009dc                __nedf2
                0x080009dc                __eqdf2
                0x080009dc                __cmpdf2
                0x08000a58                __aeabi_cdrcmple
                0x08000a68                __aeabi_cdcmpeq
                0x08000a68                __aeabi_cdcmple
                0x08000a78                __aeabi_dcmpeq
                0x08000a8c                __aeabi_dcmplt
                0x08000aa0                __aeabi_dcmple
                0x08000ab4                __aeabi_dcmpge
                0x08000ac8                __aeabi_dcmpgt
 .text          0x08000adc       0x2c C:/ST/STM32CubeIDE_1.16.1/STM32CubeIDE/plugins/com.st.stm32cube.ide.mcu.externaltools.gnu-tools-for-stm32.12.3.rel1.win32_1.1.0.202410251130/tools/bin/../lib/gcc/arm-none-eabi/12.3.1/thumb/v7e-m/nofp\libgcc.a(_arm_unorddf2.o)
                0x08000adc                __unorddf2
                0x08000adc                __aeabi_dcmpun
 .text          0x08000b08       0x50 C:/ST/STM32CubeIDE_1.16.1/STM32CubeIDE/plugins/com.st.stm32cube.ide.mcu.externaltools.gnu-tools-for-stm32.12.3.rel1.win32_1.1.0.202410251130/tools/bin/../lib/gcc/arm-none-eabi/12.3.1/thumb/v7e-m/nofp\libgcc.a(_arm_fixdfsi.o)
                0x08000b08                __aeabi_d2iz
                0x08000b08                __fixdfsi
 .text          0x08000b58      0x21c C:/ST/STM32CubeIDE_1.16.1/STM32CubeIDE/plugins/com.st.stm32cube.ide.mcu.externaltools.gnu-tools-for-stm32.12.3.rel1.win32_1.1.0.202410251130/tools/bin/../lib/gcc/arm-none-eabi/12.3.1/thumb/v7e-m/nofp\libgcc.a(_arm_addsubsf3.o)
                0x08000b58                __aeabi_frsub
                0x08000b60                __subsf3
                0x08000b60                __aeabi_fsub
                0x08000b64                __aeabi_fadd
                0x08000b64                __addsf3
                0x08000cc4                __aeabi_ui2f
                0x08000cc4                __floatunsisf
                0x08000ccc                __aeabi_i2f
                0x08000ccc                __floatsisf
                0x08000ce8                __aeabi_ul2f
                0x08000ce8                __floatundisf
                0x08000cf8                __aeabi_l2f
                0x08000cf8                __floatdisf
 .text          0x08000d74      0x2a0 C:/ST/STM32CubeIDE_1.16.1/STM32CubeIDE/plugins/com.st.stm32cube.ide.mcu.externaltools.gnu-tools-for-stm32.12.3.rel1.win32_1.1.0.202410251130/tools/bin/../lib/gcc/arm-none-eabi/12.3.1/thumb/v7e-m/nofp\libgcc.a(_arm_muldivsf3.o)
                0x08000d74                __mulsf3
                0x08000d74                __aeabi_fmul
                0x08000edc                __aeabi_fdiv
                0x08000edc                __divsf3
 .text          0x08001014       0xec C:/ST/STM32CubeIDE_1.16.1/STM32CubeIDE/plugins/com.st.stm32cube.ide.mcu.externaltools.gnu-tools-for-stm32.12.3.rel1.win32_1.1.0.202410251130/tools/bin/../lib/gcc/arm-none-eabi/12.3.1/thumb/v7e-m/nofp\libgcc.a(_arm_cmpsf2.o)
                0x08001014                __gesf2
                0x08001014                __gtsf2
                0x0800101c                __lesf2
                0x0800101c                __ltsf2
                0x08001024                __nesf2
                0x08001024                __eqsf2
                0x08001024                __cmpsf2
                0x08001084                __aeabi_cfrcmple
                0x0800108c                __aeabi_cfcmpeq
                0x0800108c                __aeabi_cfcmple
                0x0800109c                __aeabi_fcmpeq
                0x080010b0                __aeabi_fcmplt
                0x080010c4                __aeabi_fcmple
                0x080010d8                __aeabi_fcmpge
                0x080010ec                __aeabi_fcmpgt
 .text          0x08001100       0x4c C:/ST/STM32CubeIDE_1.16.1/STM32CubeIDE/plugins/com.st.stm32cube.ide.mcu.externaltools.gnu-tools-for-stm32.12.3.rel1.win32_1.1.0.202410251130/tools/bin/../lib/gcc/arm-none-eabi/12.3.1/thumb/v7e-m/nofp\libgcc.a(_arm_fixsfsi.o)
                0x08001100                __aeabi_f2iz
                0x08001100                __fixsfsi
 .text          0x0800114c       0x30 C:/ST/STM32CubeIDE_1.16.1/STM32CubeIDE/plugins/com.st.stm32cube.ide.mcu.externaltools.gnu-tools-for-stm32.12.3.rel1.win32_1.1.0.202410251130/tools/bin/../lib/gcc/arm-none-eabi/12.3.1/thumb/v7e-m/nofp\libgcc.a(_aeabi_uldivmod.o)
                0x0800114c                __aeabi_uldivmod
 .text          0x0800117c      0x2bc C:/ST/STM32CubeIDE_1.16.1/STM32CubeIDE/plugins/com.st.stm32cube.ide.mcu.externaltools.gnu-tools-for-stm32.12.3.rel1.win32_1.1.0.202410251130/tools/bin/../lib/gcc/arm-none-eabi/12.3.1/thumb/v7e-m/nofp\libgcc.a(_udivmoddi4.o)
                0x0800117c                __udivmoddi4
 .text          0x08001438        0x4 C:/ST/STM32CubeIDE_1.16.1/STM32CubeIDE/plugins/com.st.stm32cube.ide.mcu.externaltools.gnu-tools-for-stm32.12.3.rel1.win32_1.1.0.202410251130/tools/bin/../lib/gcc/arm-none-eabi/12.3.1/thumb/v7e-m/nofp\libgcc.a(_dvmd_tls.o)
                0x08001438                __aeabi_idiv0
                0x08001438                __aeabi_ldiv0
 *(.text*)
 .text.MX_MEMS_Init
                0x0800143c       0xd4 ./Core/Library/App/app_mems.o
                0x0800143c                MX_MEMS_Init
 .text.LL_AHB2_GRP1_EnableClock
                0x08001510       0x30 ./Core/Src/custom_bus.o
 .text.LL_APB1_GRP1_EnableClock
                0x08001540       0x30 ./Core/Src/custom_bus.o
 .text.LL_APB1_GRP1_DisableClock
                0x08001570       0x24 ./Core/Src/custom_bus.o
 .text.BSP_I2C2_Init
                0x08001594       0x7c ./Core/Src/custom_bus.o
                0x08001594                BSP_I2C2_Init
 .text.BSP_I2C2_DeInit
                0x08001610       0x50 ./Core/Src/custom_bus.o
                0x08001610                BSP_I2C2_DeInit
 .text.BSP_I2C2_WriteReg
                0x08001660       0x64 ./Core/Src/custom_bus.o
                0x08001660                BSP_I2C2_WriteReg
 .text.BSP_I2C2_ReadReg
                0x080016c4       0x64 ./Core/Src/custom_bus.o
                0x080016c4                BSP_I2C2_ReadReg
 .text.BSP_GetTick
                0x08001728        0xe ./Core/Src/custom_bus.o
                0x08001728                BSP_GetTick
 *fill*         0x08001736        0x2 
 .text.MX_I2C2_Init
                0x08001738       0x88 ./Core/Src/custom_bus.o
                0x08001738                MX_I2C2_Init
 .text.I2C2_MspInit
                0x080017c0       0x88 ./Core/Src/custom_bus.o
 .text.I2C2_MspDeInit
                0x08001848       0x30 ./Core/Src/custom_bus.o
 .text.LL_AHB2_GRP1_EnableClock
                0x08001878       0x30 ./Core/Src/gpio.o
 .text.MX_GPIO_Init
                0x080018a8       0x6c ./Core/Src/gpio.o
                0x080018a8                MX_GPIO_Init
 .text.main     0x08001914       0x30 ./Core/Src/main.o
                0x08001914                main
 .text.SystemClock_Config
                0x08001944       0xa4 ./Core/Src/main.o
                0x08001944                SystemClock_Config
 .text.HAL_GPIO_EXTI_Callback
                0x080019e8       0x64 ./Core/Src/main.o
                0x080019e8                HAL_GPIO_EXTI_Callback
 .text.HAL_TIM_PeriodElapsedCallback
                0x08001a4c       0xa4 ./Core/Src/main.o
                0x08001a4c                HAL_TIM_PeriodElapsedCallback
 .text.Error_Handler
                0x08001af0        0xc ./Core/Src/main.o
                0x08001af0                Error_Handler
 .text.HAL_MspInit
                0x08001afc        0xc ./Core/Src/stm32wlxx_hal_msp.o
                0x08001afc                HAL_MspInit
 .text.NMI_Handler
                0x08001b08        0x8 ./Core/Src/stm32wlxx_it.o
                0x08001b08                NMI_Handler
 .text.HardFault_Handler
                0x08001b10        0x8 ./Core/Src/stm32wlxx_it.o
                0x08001b10                HardFault_Handler
 .text.MemManage_Handler
                0x08001b18        0x8 ./Core/Src/stm32wlxx_it.o
                0x08001b18                MemManage_Handler
 .text.BusFault_Handler
                0x08001b20        0x8 ./Core/Src/stm32wlxx_it.o
                0x08001b20                BusFault_Handler
 .text.UsageFault_Handler
                0x08001b28        0x8 ./Core/Src/stm32wlxx_it.o
                0x08001b28                UsageFault_Handler
 .text.SVC_Handler
                0x08001b30        0xc ./Core/Src/stm32wlxx_it.o
                0x08001b30                SVC_Handler
 .text.DebugMon_Handler
                0x08001b3c        0xc ./Core/Src/stm32wlxx_it.o
                0x08001b3c                DebugMon_Handler
 .text.PendSV_Handler
                0x08001b48        0xc ./Core/Src/stm32wlxx_it.o
                0x08001b48                PendSV_Handler
 .text.SysTick_Handler
                0x08001b54        0xc ./Core/Src/stm32wlxx_it.o
                0x08001b54                SysTick_Handler
 .text.EXTI9_5_IRQHandler
                0x08001b60        0xe ./Core/Src/stm32wlxx_it.o
                0x08001b60                EXTI9_5_IRQHandler
 *fill*         0x08001b6e        0x2 
 .text.TIM1_BRK_IRQHandler
                0x08001b70       0x14 ./Core/Src/stm32wlxx_it.o
                0x08001b70                TIM1_BRK_IRQHandler
 .text.TIM1_UP_IRQHandler
                0x08001b84       0x14 ./Core/Src/stm32wlxx_it.o
                0x08001b84                TIM1_UP_IRQHandler
 .text.TIM1_TRG_COM_IRQHandler
                0x08001b98       0x14 ./Core/Src/stm32wlxx_it.o
                0x08001b98                TIM1_TRG_COM_IRQHandler
 .text.TIM1_CC_IRQHandler
                0x08001bac       0x14 ./Core/Src/stm32wlxx_it.o
                0x08001bac                TIM1_CC_IRQHandler
 .text.TIM2_IRQHandler
                0x08001bc0       0x14 ./Core/Src/stm32wlxx_it.o
                0x08001bc0                TIM2_IRQHandler
 .text.TIM16_IRQHandler
                0x08001bd4       0x14 ./Core/Src/stm32wlxx_it.o
                0x08001bd4                TIM16_IRQHandler
 .text.EXTI15_10_IRQHandler
                0x08001be8       0x14 ./Core/Src/stm32wlxx_it.o
                0x08001be8                EXTI15_10_IRQHandler
 .text._getpid  0x08001bfc        0xe ./Core/Src/syscalls.o
                0x08001bfc                _getpid
 .text._kill    0x08001c0a       0x20 ./Core/Src/syscalls.o
                0x08001c0a                _kill
 .text._exit    0x08001c2a       0x16 ./Core/Src/syscalls.o
                0x08001c2a                _exit
 .text._read    0x08001c40       0x3a ./Core/Src/syscalls.o
                0x08001c40                _read
 .text._write   0x08001c7a       0x38 ./Core/Src/syscalls.o
                0x08001c7a                _write
 .text._close   0x08001cb2       0x16 ./Core/Src/syscalls.o
                0x08001cb2                _close
 .text._fstat   0x08001cc8       0x1e ./Core/Src/syscalls.o
                0x08001cc8                _fstat
 .text._isatty  0x08001ce6       0x14 ./Core/Src/syscalls.o
                0x08001ce6                _isatty
 .text._lseek   0x08001cfa       0x18 ./Core/Src/syscalls.o
                0x08001cfa                _lseek
 *fill*         0x08001d12        0x2 
 .text._sbrk    0x08001d14       0x6c ./Core/Src/sysmem.o
                0x08001d14                _sbrk
 .text.SystemInit
                0x08001d80        0xc ./Core/Src/system_stm32wlxx.o
                0x08001d80                SystemInit
 .text.LL_APB1_GRP1_EnableClock
                0x08001d8c       0x30 ./Core/Src/tim.o
 .text.LL_APB2_GRP1_EnableClock
                0x08001dbc       0x30 ./Core/Src/tim.o
 .text.MX_TIM1_Init
                0x08001dec       0xa8 ./Core/Src/tim.o
                0x08001dec                MX_TIM1_Init
 .text.MX_TIM2_Init
                0x08001e94       0x9c ./Core/Src/tim.o
                0x08001e94                MX_TIM2_Init
 .text.MX_TIM16_Init
                0x08001f30       0x4c ./Core/Src/tim.o
                0x08001f30                MX_TIM16_Init
 .text.HAL_TIM_Base_MspInit
                0x08001f7c       0xb0 ./Core/Src/tim.o
                0x08001f7c                HAL_TIM_Base_MspInit
 .text.Reset_Handler
                0x0800202c       0x50 ./Core/Startup/startup_stm32wl55jcix.o
                0x0800202c                Reset_Handler
 .text.Default_Handler
                0x0800207c        0x2 ./Core/Startup/startup_stm32wl55jcix.o
                0x0800207c                RTC_Alarm_IRQHandler
                0x0800207c                EXTI2_IRQHandler
                0x0800207c                EXTI3_IRQHandler
                0x0800207c                LPTIM2_IRQHandler
                0x0800207c                I2C3_ER_IRQHandler
                0x0800207c                LPTIM3_IRQHandler
                0x0800207c                EXTI0_IRQHandler
                0x0800207c                I2C2_EV_IRQHandler
                0x0800207c                TAMP_STAMP_LSECSS_SSRU_IRQHandler
                0x0800207c                SPI1_IRQHandler
                0x0800207c                DMA2_Channel2_IRQHandler
                0x0800207c                DMA1_Channel4_IRQHandler
                0x0800207c                PKA_IRQHandler
                0x0800207c                TIM17_IRQHandler
                0x0800207c                DMA1_Channel7_IRQHandler
                0x0800207c                SUBGHZSPI_IRQHandler
                0x0800207c                IPCC_C1_TX_IRQHandler
                0x0800207c                DMA2_Channel1_IRQHandler
                0x0800207c                I2C1_EV_IRQHandler
                0x0800207c                SUBGHZ_Radio_IRQHandler
                0x0800207c                DMAMUX1_OVR_IRQHandler
                0x0800207c                DMA1_Channel6_IRQHandler
                0x0800207c                DMA2_Channel4_IRQHandler
                0x0800207c                RCC_IRQHandler
                0x0800207c                DMA1_Channel1_IRQHandler
                0x0800207c                Default_Handler
                0x0800207c                DMA2_Channel7_IRQHandler
                0x0800207c                IPCC_C1_RX_IRQHandler
                0x0800207c                ADC_IRQHandler
                0x0800207c                C2SEV_PWR_C2H_IRQHandler
                0x0800207c                I2C3_EV_IRQHandler
                0x0800207c                RTC_WKUP_IRQHandler
                0x0800207c                PVD_PVM_IRQHandler
                0x0800207c                SPI2_IRQHandler
                0x0800207c                DMA2_Channel5_IRQHandler
                0x0800207c                DMA1_Channel5_IRQHandler
                0x0800207c                EXTI4_IRQHandler
                0x0800207c                RNG_IRQHandler
                0x0800207c                DMA1_Channel3_IRQHandler
                0x0800207c                COMP_IRQHandler
                0x0800207c                HSEM_IRQHandler
                0x0800207c                WWDG_IRQHandler
                0x0800207c                LPUART1_IRQHandler
                0x0800207c                DMA2_Channel6_IRQHandler
                0x0800207c                DAC_IRQHandler
                0x0800207c                EXTI1_IRQHandler
                0x0800207c                AES_IRQHandler
                0x0800207c                USART2_IRQHandler
                0x0800207c                I2C2_ER_IRQHandler
                0x0800207c                DMA1_Channel2_IRQHandler
                0x0800207c                FLASH_IRQHandler
                0x0800207c                USART1_IRQHandler
                0x0800207c                I2C1_ER_IRQHandler
                0x0800207c                LPTIM1_IRQHandler
                0x0800207c                DMA2_Channel3_IRQHandler
 *fill*         0x0800207e        0x2 
 .text.LIS2DW12_RegisterBusIO
                0x08002080       0xd4 ./Drivers/BSP/Components/lis2dw12/lis2dw12.o
                0x08002080                LIS2DW12_RegisterBusIO
 .text.LIS2DW12_Init
                0x08002154       0xc4 ./Drivers/BSP/Components/lis2dw12/lis2dw12.o
                0x08002154                LIS2DW12_Init
 .text.LIS2DW12_DeInit
                0x08002218       0x44 ./Drivers/BSP/Components/lis2dw12/lis2dw12.o
                0x08002218                LIS2DW12_DeInit
 .text.LIS2DW12_ReadID
                0x0800225c       0x2c ./Drivers/BSP/Components/lis2dw12/lis2dw12.o
                0x0800225c                LIS2DW12_ReadID
 .text.LIS2DW12_GetCapabilities
                0x08002288       0x5c ./Drivers/BSP/Components/lis2dw12/lis2dw12.o
                0x08002288                LIS2DW12_GetCapabilities
 .text.LIS2DW12_ACC_Enable
                0x080022e4       0x4a ./Drivers/BSP/Components/lis2dw12/lis2dw12.o
                0x080022e4                LIS2DW12_ACC_Enable
 .text.LIS2DW12_ACC_Disable
                0x0800232e       0x40 ./Drivers/BSP/Components/lis2dw12/lis2dw12.o
                0x0800232e                LIS2DW12_ACC_Disable
 *fill*         0x0800236e        0x2 
 .text.LIS2DW12_ACC_GetSensitivity
                0x08002370      0x150 ./Drivers/BSP/Components/lis2dw12/lis2dw12.o
                0x08002370                LIS2DW12_ACC_GetSensitivity
 .text.LIS2DW12_ACC_GetOutputDataRate
                0x080024c0      0x2fc ./Drivers/BSP/Components/lis2dw12/lis2dw12.o
                0x080024c0                LIS2DW12_ACC_GetOutputDataRate
 .text.LIS2DW12_ACC_SetOutputDataRate
                0x080027bc       0x20 ./Drivers/BSP/Components/lis2dw12/lis2dw12.o
                0x080027bc                LIS2DW12_ACC_SetOutputDataRate
 .text.LIS2DW12_ACC_SetOutputDataRate_With_Mode
                0x080027dc       0x46 ./Drivers/BSP/Components/lis2dw12/lis2dw12.o
                0x080027dc                LIS2DW12_ACC_SetOutputDataRate_With_Mode
 *fill*         0x08002822        0x2 
 .text.LIS2DW12_ACC_GetFullScale
                0x08002824       0x84 ./Drivers/BSP/Components/lis2dw12/lis2dw12.o
                0x08002824                LIS2DW12_ACC_GetFullScale
 .text.LIS2DW12_ACC_SetFullScale
                0x080028a8       0x50 ./Drivers/BSP/Components/lis2dw12/lis2dw12.o
                0x080028a8                LIS2DW12_ACC_SetFullScale
 .text.LIS2DW12_ACC_GetAxesRaw
                0x080028f8      0x104 ./Drivers/BSP/Components/lis2dw12/lis2dw12.o
                0x080028f8                LIS2DW12_ACC_GetAxesRaw
 .text.LIS2DW12_ACC_GetAxes
                0x080029fc       0xb6 ./Drivers/BSP/Components/lis2dw12/lis2dw12.o
                0x080029fc                LIS2DW12_ACC_GetAxes
 .text.LIS2DW12_Write_Reg
                0x08002ab2       0x36 ./Drivers/BSP/Components/lis2dw12/lis2dw12.o
                0x08002ab2                LIS2DW12_Write_Reg
 .text.LIS2DW12_ACC_SetOutputDataRate_When_Enabled
                0x08002ae8      0x204 ./Drivers/BSP/Components/lis2dw12/lis2dw12.o
 .text.LIS2DW12_ACC_SetOutputDataRate_When_Disabled
                0x08002cec       0xec ./Drivers/BSP/Components/lis2dw12/lis2dw12.o
 .text.ReadRegWrap
                0x08002dd8       0x36 ./Drivers/BSP/Components/lis2dw12/lis2dw12.o
 .text.WriteRegWrap
                0x08002e0e       0x36 ./Drivers/BSP/Components/lis2dw12/lis2dw12.o
 .text.lis2dw12_read_reg
                0x08002e44       0x3c ./Drivers/BSP/Components/lis2dw12/lis2dw12_reg.o
                0x08002e44                lis2dw12_read_reg
 .text.lis2dw12_write_reg
                0x08002e80       0x3c ./Drivers/BSP/Components/lis2dw12/lis2dw12_reg.o
                0x08002e80                lis2dw12_write_reg
 .text.lis2dw12_power_mode_set
                0x08002ebc       0x9c ./Drivers/BSP/Components/lis2dw12/lis2dw12_reg.o
                0x08002ebc                lis2dw12_power_mode_set
 .text.lis2dw12_power_mode_get
                0x08002f58      0x174 ./Drivers/BSP/Components/lis2dw12/lis2dw12_reg.o
                0x08002f58                lis2dw12_power_mode_get
 .text.lis2dw12_data_rate_set
                0x080030cc       0x8a ./Drivers/BSP/Components/lis2dw12/lis2dw12_reg.o
                0x080030cc                lis2dw12_data_rate_set
 *fill*         0x08003156        0x2 
 .text.lis2dw12_data_rate_get
                0x08003158      0x194 ./Drivers/BSP/Components/lis2dw12/lis2dw12_reg.o
                0x08003158                lis2dw12_data_rate_get
 .text.lis2dw12_block_data_update_set
                0x080032ec       0x4c ./Drivers/BSP/Components/lis2dw12/lis2dw12_reg.o
                0x080032ec                lis2dw12_block_data_update_set
 .text.lis2dw12_full_scale_set
                0x08003338       0x4c ./Drivers/BSP/Components/lis2dw12/lis2dw12_reg.o
                0x08003338                lis2dw12_full_scale_set
 .text.lis2dw12_full_scale_get
                0x08003384       0x70 ./Drivers/BSP/Components/lis2dw12/lis2dw12_reg.o
                0x08003384                lis2dw12_full_scale_get
 .text.lis2dw12_acceleration_raw_get
                0x080033f4       0x90 ./Drivers/BSP/Components/lis2dw12/lis2dw12_reg.o
                0x080033f4                lis2dw12_acceleration_raw_get
 .text.lis2dw12_device_id_get
                0x08003484       0x22 ./Drivers/BSP/Components/lis2dw12/lis2dw12_reg.o
                0x08003484                lis2dw12_device_id_get
 .text.lis2dw12_auto_increment_set
                0x080034a6       0x4c ./Drivers/BSP/Components/lis2dw12/lis2dw12_reg.o
                0x080034a6                lis2dw12_auto_increment_set
 .text.lis2dw12_fifo_mode_set
                0x080034f2       0x4c ./Drivers/BSP/Components/lis2dw12/lis2dw12_reg.o
                0x080034f2                lis2dw12_fifo_mode_set
 *fill*         0x0800353e        0x2 
 .text.LIS2MDL_RegisterBusIO
                0x08003540      0x100 ./Drivers/BSP/Components/lis2mdl/lis2mdl.o
                0x08003540                LIS2MDL_RegisterBusIO
 .text.LIS2MDL_Init
                0x08003640      0x10c ./Drivers/BSP/Components/lis2mdl/lis2mdl.o
                0x08003640                LIS2MDL_Init
 .text.LIS2MDL_DeInit
                0x0800374c       0x2c ./Drivers/BSP/Components/lis2mdl/lis2mdl.o
                0x0800374c                LIS2MDL_DeInit
 .text.LIS2MDL_ReadID
                0x08003778       0x4c ./Drivers/BSP/Components/lis2mdl/lis2mdl.o
                0x08003778                LIS2MDL_ReadID
 .text.LIS2MDL_GetCapabilities
                0x080037c4       0x5c ./Drivers/BSP/Components/lis2mdl/lis2mdl.o
                0x080037c4                LIS2MDL_GetCapabilities
 .text.LIS2MDL_MAG_Enable
                0x08003820       0x84 ./Drivers/BSP/Components/lis2mdl/lis2mdl.o
                0x08003820                LIS2MDL_MAG_Enable
 .text.LIS2MDL_MAG_Disable
                0x080038a4       0x86 ./Drivers/BSP/Components/lis2mdl/lis2mdl.o
                0x080038a4                LIS2MDL_MAG_Disable
 .text.LIS2MDL_MAG_GetSensitivity
                0x0800392a       0x1e ./Drivers/BSP/Components/lis2mdl/lis2mdl.o
                0x0800392a                LIS2MDL_MAG_GetSensitivity
 .text.LIS2MDL_MAG_GetOutputDataRate
                0x08003948       0x8c ./Drivers/BSP/Components/lis2mdl/lis2mdl.o
                0x08003948                LIS2MDL_MAG_GetOutputDataRate
 .text.LIS2MDL_MAG_SetOutputDataRate
                0x080039d4       0xc0 ./Drivers/BSP/Components/lis2mdl/lis2mdl.o
                0x080039d4                LIS2MDL_MAG_SetOutputDataRate
 .text.LIS2MDL_MAG_GetFullScale
                0x08003a94       0x1c ./Drivers/BSP/Components/lis2mdl/lis2mdl.o
                0x08003a94                LIS2MDL_MAG_GetFullScale
 .text.LIS2MDL_MAG_SetFullScale
                0x08003ab0       0x16 ./Drivers/BSP/Components/lis2mdl/lis2mdl.o
                0x08003ab0                LIS2MDL_MAG_SetFullScale
 .text.LIS2MDL_MAG_GetAxesRaw
                0x08003ac6       0x48 ./Drivers/BSP/Components/lis2mdl/lis2mdl.o
                0x08003ac6                LIS2MDL_MAG_GetAxesRaw
 .text.LIS2MDL_MAG_GetAxes
                0x08003b0e      0x120 ./Drivers/BSP/Components/lis2mdl/lis2mdl.o
                0x08003b0e                LIS2MDL_MAG_GetAxes
 .text.LIS2MDL_Write_Reg
                0x08003c2e       0x56 ./Drivers/BSP/Components/lis2mdl/lis2mdl.o
                0x08003c2e                LIS2MDL_Write_Reg
 .text.ReadMagRegWrap
                0x08003c84       0x82 ./Drivers/BSP/Components/lis2mdl/lis2mdl.o
 .text.WriteMagRegWrap
                0x08003d06       0x82 ./Drivers/BSP/Components/lis2mdl/lis2mdl.o
 .text.LSM6DSOX_SENSORHUB_LIS2MDL_ReadShData
                0x08003d88      0x27e ./Drivers/BSP/Components/lis2mdl/lis2mdl.o
 .text.LSM6DSOX_SENSORHUB_LIS2MDL_WriteShData
                0x08004006      0x23c ./Drivers/BSP/Components/lis2mdl/lis2mdl.o
 .text.lis2mdl_read_reg
                0x08004242       0x3c ./Drivers/BSP/Components/lis2mdl/lis2mdl_reg.o
                0x08004242                lis2mdl_read_reg
 .text.lis2mdl_write_reg
                0x0800427e       0x3c ./Drivers/BSP/Components/lis2mdl/lis2mdl_reg.o
                0x0800427e                lis2mdl_write_reg
 .text.lis2mdl_operating_mode_set
                0x080042ba       0x4c ./Drivers/BSP/Components/lis2mdl/lis2mdl_reg.o
                0x080042ba                lis2mdl_operating_mode_set
 .text.lis2mdl_data_rate_set
                0x08004306       0x4c ./Drivers/BSP/Components/lis2mdl/lis2mdl_reg.o
                0x08004306                lis2mdl_data_rate_set
 *fill*         0x08004352        0x2 
 .text.lis2mdl_data_rate_get
                0x08004354       0x70 ./Drivers/BSP/Components/lis2mdl/lis2mdl_reg.o
                0x08004354                lis2mdl_data_rate_get
 .text.lis2mdl_block_data_update_set
                0x080043c4       0x4c ./Drivers/BSP/Components/lis2mdl/lis2mdl_reg.o
                0x080043c4                lis2mdl_block_data_update_set
 .text.lis2mdl_magnetic_raw_get
                0x08004410       0x90 ./Drivers/BSP/Components/lis2mdl/lis2mdl_reg.o
                0x08004410                lis2mdl_magnetic_raw_get
 .text.lis2mdl_device_id_get
                0x080044a0       0x22 ./Drivers/BSP/Components/lis2mdl/lis2mdl_reg.o
                0x080044a0                lis2mdl_device_id_get
 .text.lis2mdl_self_test_set
                0x080044c2       0x4c ./Drivers/BSP/Components/lis2mdl/lis2mdl_reg.o
                0x080044c2                lis2mdl_self_test_set
 .text.lis2mdl_i2c_interface_set
                0x0800450e       0x4c ./Drivers/BSP/Components/lis2mdl/lis2mdl_reg.o
                0x0800450e                lis2mdl_i2c_interface_set
 *fill*         0x0800455a        0x2 
 .text.LSM6DSO_RegisterBusIO
                0x0800455c       0xd4 ./Drivers/BSP/Components/lsm6dso/lsm6dso.o
                0x0800455c                LSM6DSO_RegisterBusIO
 .text.LSM6DSO_Init
                0x08004630      0x106 ./Drivers/BSP/Components/lsm6dso/lsm6dso.o
                0x08004630                LSM6DSO_Init
 .text.LSM6DSO_DeInit
                0x08004736       0x4e ./Drivers/BSP/Components/lsm6dso/lsm6dso.o
                0x08004736                LSM6DSO_DeInit
 .text.LSM6DSO_ReadID
                0x08004784       0x2c ./Drivers/BSP/Components/lsm6dso/lsm6dso.o
                0x08004784                LSM6DSO_ReadID
 .text.LSM6DSO_GetCapabilities
                0x080047b0       0x5c ./Drivers/BSP/Components/lsm6dso/lsm6dso.o
                0x080047b0                LSM6DSO_GetCapabilities
 .text.LSM6DSO_ACC_Enable
                0x0800480c       0x48 ./Drivers/BSP/Components/lsm6dso/lsm6dso.o
                0x0800480c                LSM6DSO_ACC_Enable
 .text.LSM6DSO_ACC_Disable
                0x08004854       0x5e ./Drivers/BSP/Components/lsm6dso/lsm6dso.o
                0x08004854                LSM6DSO_ACC_Disable
 *fill*         0x080048b2        0x2 
 .text.LSM6DSO_ACC_GetSensitivity
                0x080048b4       0x8c ./Drivers/BSP/Components/lsm6dso/lsm6dso.o
                0x080048b4                LSM6DSO_ACC_GetSensitivity
 .text.LSM6DSO_ACC_GetOutputDataRate
                0x08004940      0x108 ./Drivers/BSP/Components/lsm6dso/lsm6dso.o
                0x08004940                LSM6DSO_ACC_GetOutputDataRate
 .text.LSM6DSO_ACC_SetOutputDataRate
                0x08004a48       0x1e ./Drivers/BSP/Components/lsm6dso/lsm6dso.o
                0x08004a48                LSM6DSO_ACC_SetOutputDataRate
 *fill*         0x08004a66        0x2 
 .text.LSM6DSO_ACC_SetOutputDataRate_With_Mode
                0x08004a68      0x328 ./Drivers/BSP/Components/lsm6dso/lsm6dso.o
                0x08004a68                LSM6DSO_ACC_SetOutputDataRate_With_Mode
 .text.LSM6DSO_ACC_GetFullScale
                0x08004d90       0x7c ./Drivers/BSP/Components/lsm6dso/lsm6dso.o
                0x08004d90                LSM6DSO_ACC_GetFullScale
 .text.LSM6DSO_ACC_SetFullScale
                0x08004e0c       0x50 ./Drivers/BSP/Components/lsm6dso/lsm6dso.o
                0x08004e0c                LSM6DSO_ACC_SetFullScale
 .text.LSM6DSO_ACC_GetAxesRaw
                0x08004e5c       0x48 ./Drivers/BSP/Components/lsm6dso/lsm6dso.o
                0x08004e5c                LSM6DSO_ACC_GetAxesRaw
 .text.LSM6DSO_ACC_GetAxes
                0x08004ea4       0xba ./Drivers/BSP/Components/lsm6dso/lsm6dso.o
                0x08004ea4                LSM6DSO_ACC_GetAxes
 .text.LSM6DSO_GYRO_Enable
                0x08004f5e       0x48 ./Drivers/BSP/Components/lsm6dso/lsm6dso.o
                0x08004f5e                LSM6DSO_GYRO_Enable
 .text.LSM6DSO_GYRO_Disable
                0x08004fa6       0x5e ./Drivers/BSP/Components/lsm6dso/lsm6dso.o
                0x08004fa6                LSM6DSO_GYRO_Disable
 .text.LSM6DSO_GYRO_GetSensitivity
                0x08005004       0xa4 ./Drivers/BSP/Components/lsm6dso/lsm6dso.o
                0x08005004                LSM6DSO_GYRO_GetSensitivity
 .text.LSM6DSO_GYRO_GetOutputDataRate
                0x080050a8       0xf8 ./Drivers/BSP/Components/lsm6dso/lsm6dso.o
                0x080050a8                LSM6DSO_GYRO_GetOutputDataRate
 .text.LSM6DSO_GYRO_SetOutputDataRate
                0x080051a0       0x1e ./Drivers/BSP/Components/lsm6dso/lsm6dso.o
                0x080051a0                LSM6DSO_GYRO_SetOutputDataRate
 *fill*         0x080051be        0x2 
 .text.LSM6DSO_GYRO_SetOutputDataRate_With_Mode
                0x080051c0      0x120 ./Drivers/BSP/Components/lsm6dso/lsm6dso.o
                0x080051c0                LSM6DSO_GYRO_SetOutputDataRate_With_Mode
 .text.LSM6DSO_GYRO_GetFullScale
                0x080052e0       0x94 ./Drivers/BSP/Components/lsm6dso/lsm6dso.o
                0x080052e0                LSM6DSO_GYRO_GetFullScale
 .text.LSM6DSO_GYRO_SetFullScale
                0x08005374       0x5e ./Drivers/BSP/Components/lsm6dso/lsm6dso.o
                0x08005374                LSM6DSO_GYRO_SetFullScale
 .text.LSM6DSO_GYRO_GetAxesRaw
                0x080053d2       0x48 ./Drivers/BSP/Components/lsm6dso/lsm6dso.o
                0x080053d2                LSM6DSO_GYRO_GetAxesRaw
 .text.LSM6DSO_GYRO_GetAxes
                0x0800541a       0xba ./Drivers/BSP/Components/lsm6dso/lsm6dso.o
                0x0800541a                LSM6DSO_GYRO_GetAxes
 .text.LSM6DSO_Write_Reg
                0x080054d4       0x36 ./Drivers/BSP/Components/lsm6dso/lsm6dso.o
                0x080054d4                LSM6DSO_Write_Reg
 .text.LSM6DSO_Set_Mem_Bank
                0x0800550a       0x4c ./Drivers/BSP/Components/lsm6dso/lsm6dso.o
                0x0800550a                LSM6DSO_Set_Mem_Bank
 *fill*         0x08005556        0x2 
 .text.LSM6DSO_ACC_SetOutputDataRate_When_Enabled
                0x08005558      0x110 ./Drivers/BSP/Components/lsm6dso/lsm6dso.o
 .text.LSM6DSO_ACC_SetOutputDataRate_When_Disabled
                0x08005668       0xf8 ./Drivers/BSP/Components/lsm6dso/lsm6dso.o
 .text.LSM6DSO_GYRO_SetOutputDataRate_When_Enabled
                0x08005760       0xf8 ./Drivers/BSP/Components/lsm6dso/lsm6dso.o
 .text.LSM6DSO_GYRO_SetOutputDataRate_When_Disabled
                0x08005858       0xe4 ./Drivers/BSP/Components/lsm6dso/lsm6dso.o
 .text.ReadRegWrap
                0x0800593c       0x36 ./Drivers/BSP/Components/lsm6dso/lsm6dso.o
 .text.WriteRegWrap
                0x08005972       0x36 ./Drivers/BSP/Components/lsm6dso/lsm6dso.o
 .text.lsm6dso_read_reg
                0x080059a8       0x3c ./Drivers/BSP/Components/lsm6dso/lsm6dso_reg.o
                0x080059a8                lsm6dso_read_reg
 .text.lsm6dso_write_reg
                0x080059e4       0x3c ./Drivers/BSP/Components/lsm6dso/lsm6dso_reg.o
                0x080059e4                lsm6dso_write_reg
 .text.lsm6dso_xl_full_scale_set
                0x08005a20       0x4c ./Drivers/BSP/Components/lsm6dso/lsm6dso_reg.o
                0x08005a20                lsm6dso_xl_full_scale_set
 .text.lsm6dso_xl_full_scale_get
                0x08005a6c       0x70 ./Drivers/BSP/Components/lsm6dso/lsm6dso_reg.o
                0x08005a6c                lsm6dso_xl_full_scale_get
 .text.lsm6dso_xl_data_rate_set
                0x08005adc      0x1f4 ./Drivers/BSP/Components/lsm6dso/lsm6dso_reg.o
                0x08005adc                lsm6dso_xl_data_rate_set
 .text.lsm6dso_xl_data_rate_get
                0x08005cd0       0xd0 ./Drivers/BSP/Components/lsm6dso/lsm6dso_reg.o
                0x08005cd0                lsm6dso_xl_data_rate_get
 .text.lsm6dso_gy_full_scale_set
                0x08005da0       0x4c ./Drivers/BSP/Components/lsm6dso/lsm6dso_reg.o
                0x08005da0                lsm6dso_gy_full_scale_set
 .text.lsm6dso_gy_full_scale_get
                0x08005dec       0x84 ./Drivers/BSP/Components/lsm6dso/lsm6dso_reg.o
                0x08005dec                lsm6dso_gy_full_scale_get
 .text.lsm6dso_gy_data_rate_set
                0x08005e70      0x1f4 ./Drivers/BSP/Components/lsm6dso/lsm6dso_reg.o
                0x08005e70                lsm6dso_gy_data_rate_set
 .text.lsm6dso_gy_data_rate_get
                0x08006064       0xc4 ./Drivers/BSP/Components/lsm6dso/lsm6dso_reg.o
                0x08006064                lsm6dso_gy_data_rate_get
 .text.lsm6dso_block_data_update_set
                0x08006128       0x4c ./Drivers/BSP/Components/lsm6dso/lsm6dso_reg.o
                0x08006128                lsm6dso_block_data_update_set
 .text.lsm6dso_angular_rate_raw_get
                0x08006174       0x90 ./Drivers/BSP/Components/lsm6dso/lsm6dso_reg.o
                0x08006174                lsm6dso_angular_rate_raw_get
 .text.lsm6dso_acceleration_raw_get
                0x08006204       0x90 ./Drivers/BSP/Components/lsm6dso/lsm6dso_reg.o
                0x08006204                lsm6dso_acceleration_raw_get
 .text.lsm6dso_mem_bank_set
                0x08006294       0x3a ./Drivers/BSP/Components/lsm6dso/lsm6dso_reg.o
                0x08006294                lsm6dso_mem_bank_set
 .text.lsm6dso_device_id_get
                0x080062ce       0x22 ./Drivers/BSP/Components/lsm6dso/lsm6dso_reg.o
                0x080062ce                lsm6dso_device_id_get
 .text.lsm6dso_auto_increment_set
                0x080062f0       0x4c ./Drivers/BSP/Components/lsm6dso/lsm6dso_reg.o
                0x080062f0                lsm6dso_auto_increment_set
 .text.lsm6dso_i3c_disable_set
                0x0800633c       0x90 ./Drivers/BSP/Components/lsm6dso/lsm6dso_reg.o
                0x0800633c                lsm6dso_i3c_disable_set
 .text.lsm6dso_fifo_mode_set
                0x080063cc       0x4c ./Drivers/BSP/Components/lsm6dso/lsm6dso_reg.o
                0x080063cc                lsm6dso_fifo_mode_set
 .text.lsm6dso_fsm_enable_get
                0x08006418       0x42 ./Drivers/BSP/Components/lsm6dso/lsm6dso_reg.o
                0x08006418                lsm6dso_fsm_enable_get
 *fill*         0x0800645a        0x2 
 .text.lsm6dso_fsm_data_rate_get
                0x0800645c       0x9c ./Drivers/BSP/Components/lsm6dso/lsm6dso_reg.o
                0x0800645c                lsm6dso_fsm_data_rate_get
 .text.IKS01A3_MOTION_SENSOR_Init
                0x080064f8      0x1f8 ./Drivers/BSP/IKS01A3/iks01a3_motion_sensors.o
                0x080064f8                IKS01A3_MOTION_SENSOR_Init
 .text.LSM6DSO_0_Probe
                0x080066f0      0x194 ./Drivers/BSP/IKS01A3/iks01a3_motion_sensors.o
 .text.LIS2DW12_0_Probe
                0x08006884      0x150 ./Drivers/BSP/IKS01A3/iks01a3_motion_sensors.o
 .text.LIS2MDL_0_Probe
                0x080069d4      0x150 ./Drivers/BSP/IKS01A3/iks01a3_motion_sensors.o
 .text.LL_AHB2_GRP1_EnableClock
                0x08006b24       0x30 ./Drivers/BSP/custom/custom.o
 .text.LL_APB1_GRP1_EnableClock
                0x08006b54       0x30 ./Drivers/BSP/custom/custom.o
 .text.BSP_COM_Init
                0x08006b84       0x74 ./Drivers/BSP/custom/custom.o
                0x08006b84                BSP_COM_Init
 .text.MX_USART2_UART_Init
                0x08006bf8       0xa4 ./Drivers/BSP/custom/custom.o
                0x08006bf8                MX_USART2_UART_Init
 .text.__io_putchar
                0x08006c9c       0x38 ./Drivers/BSP/custom/custom.o
                0x08006c9c                __io_putchar
 .text.USART2_MspInit
                0x08006cd4       0x84 ./Drivers/BSP/custom/custom.o
 .text.HAL_Init
                0x08006d58       0x40 ./Drivers/STM32WLxx_HAL_Driver/Src/stm32wlxx_hal.o
                0x08006d58                HAL_Init
 .text.HAL_InitTick
                0x08006d98       0x74 ./Drivers/STM32WLxx_HAL_Driver/Src/stm32wlxx_hal.o
                0x08006d98                HAL_InitTick
 .text.HAL_IncTick
                0x08006e0c       0x24 ./Drivers/STM32WLxx_HAL_Driver/Src/stm32wlxx_hal.o
                0x08006e0c                HAL_IncTick
 .text.HAL_GetTick
                0x08006e30       0x14 ./Drivers/STM32WLxx_HAL_Driver/Src/stm32wlxx_hal.o
                0x08006e30                HAL_GetTick
 .text.HAL_Delay
                0x08006e44       0x48 ./Drivers/STM32WLxx_HAL_Driver/Src/stm32wlxx_hal.o
                0x08006e44                HAL_Delay
 .text.__NVIC_SetPriorityGrouping
                0x08006e8c       0x48 ./Drivers/STM32WLxx_HAL_Driver/Src/stm32wlxx_hal_cortex.o
 .text.__NVIC_GetPriorityGrouping
                0x08006ed4       0x1c ./Drivers/STM32WLxx_HAL_Driver/Src/stm32wlxx_hal_cortex.o
 .text.__NVIC_EnableIRQ
                0x08006ef0       0x38 ./Drivers/STM32WLxx_HAL_Driver/Src/stm32wlxx_hal_cortex.o
 .text.__NVIC_SetPriority
                0x08006f28       0x54 ./Drivers/STM32WLxx_HAL_Driver/Src/stm32wlxx_hal_cortex.o
 .text.NVIC_EncodePriority
                0x08006f7c       0x64 ./Drivers/STM32WLxx_HAL_Driver/Src/stm32wlxx_hal_cortex.o
 .text.SysTick_Config
                0x08006fe0       0x44 ./Drivers/STM32WLxx_HAL_Driver/Src/stm32wlxx_hal_cortex.o
 .text.HAL_NVIC_SetPriorityGrouping
                0x08007024       0x16 ./Drivers/STM32WLxx_HAL_Driver/Src/stm32wlxx_hal_cortex.o
                0x08007024                HAL_NVIC_SetPriorityGrouping
 .text.HAL_NVIC_SetPriority
                0x0800703a       0x34 ./Drivers/STM32WLxx_HAL_Driver/Src/stm32wlxx_hal_cortex.o
                0x0800703a                HAL_NVIC_SetPriority
 .text.HAL_NVIC_EnableIRQ
                0x0800706e       0x1c ./Drivers/STM32WLxx_HAL_Driver/Src/stm32wlxx_hal_cortex.o
                0x0800706e                HAL_NVIC_EnableIRQ
 .text.HAL_SYSTICK_Config
                0x0800708a       0x18 ./Drivers/STM32WLxx_HAL_Driver/Src/stm32wlxx_hal_cortex.o
                0x0800708a                HAL_SYSTICK_Config
 .text.HAL_EXTI_IRQHandler
                0x080070a2       0x5e ./Drivers/STM32WLxx_HAL_Driver/Src/stm32wlxx_hal_exti.o
                0x080070a2                HAL_EXTI_IRQHandler
 .text.HAL_GPIO_Init
                0x08007100      0x2c0 ./Drivers/STM32WLxx_HAL_Driver/Src/stm32wlxx_hal_gpio.o
                0x08007100                HAL_GPIO_Init
 .text.HAL_GPIO_DeInit
                0x080073c0      0x19c ./Drivers/STM32WLxx_HAL_Driver/Src/stm32wlxx_hal_gpio.o
                0x080073c0                HAL_GPIO_DeInit
 .text.HAL_GPIO_EXTI_IRQHandler
                0x0800755c       0x30 ./Drivers/STM32WLxx_HAL_Driver/Src/stm32wlxx_hal_gpio.o
                0x0800755c                HAL_GPIO_EXTI_IRQHandler
 .text.HAL_I2C_Init
                0x0800758c      0x136 ./Drivers/STM32WLxx_HAL_Driver/Src/stm32wlxx_hal_i2c.o
                0x0800758c                HAL_I2C_Init
 .text.HAL_I2C_DeInit
                0x080076c2       0x5e ./Drivers/STM32WLxx_HAL_Driver/Src/stm32wlxx_hal_i2c.o
                0x080076c2                HAL_I2C_DeInit
 .text.HAL_I2C_MspInit
                0x08007720       0x12 ./Drivers/STM32WLxx_HAL_Driver/Src/stm32wlxx_hal_i2c.o
                0x08007720                HAL_I2C_MspInit
 .text.HAL_I2C_MspDeInit
                0x08007732       0x12 ./Drivers/STM32WLxx_HAL_Driver/Src/stm32wlxx_hal_i2c.o
                0x08007732                HAL_I2C_MspDeInit
 .text.HAL_I2C_Mem_Write
                0x08007744      0x228 ./Drivers/STM32WLxx_HAL_Driver/Src/stm32wlxx_hal_i2c.o
                0x08007744                HAL_I2C_Mem_Write
 .text.HAL_I2C_Mem_Read
                0x0800796c      0x234 ./Drivers/STM32WLxx_HAL_Driver/Src/stm32wlxx_hal_i2c.o
                0x0800796c                HAL_I2C_Mem_Read
 .text.HAL_I2C_GetState
                0x08007ba0       0x1a ./Drivers/STM32WLxx_HAL_Driver/Src/stm32wlxx_hal_i2c.o
                0x08007ba0                HAL_I2C_GetState
 .text.HAL_I2C_GetError
                0x08007bba       0x16 ./Drivers/STM32WLxx_HAL_Driver/Src/stm32wlxx_hal_i2c.o
                0x08007bba                HAL_I2C_GetError
 .text.I2C_RequestMemoryWrite
                0x08007bd0       0xa8 ./Drivers/STM32WLxx_HAL_Driver/Src/stm32wlxx_hal_i2c.o
 .text.I2C_RequestMemoryRead
                0x08007c78       0xa8 ./Drivers/STM32WLxx_HAL_Driver/Src/stm32wlxx_hal_i2c.o
 .text.I2C_Flush_TXDR
                0x08007d20       0x46 ./Drivers/STM32WLxx_HAL_Driver/Src/stm32wlxx_hal_i2c.o
 .text.I2C_WaitOnFlagUntilTimeout
                0x08007d66       0xb2 ./Drivers/STM32WLxx_HAL_Driver/Src/stm32wlxx_hal_i2c.o
 .text.I2C_WaitOnTXISFlagUntilTimeout
                0x08007e18       0x8e ./Drivers/STM32WLxx_HAL_Driver/Src/stm32wlxx_hal_i2c.o
 .text.I2C_WaitOnSTOPFlagUntilTimeout
                0x08007ea6       0x86 ./Drivers/STM32WLxx_HAL_Driver/Src/stm32wlxx_hal_i2c.o
 .text.I2C_IsErrorOccurred
                0x08007f2c      0x1c0 ./Drivers/STM32WLxx_HAL_Driver/Src/stm32wlxx_hal_i2c.o
 .text.I2C_TransferConfig
                0x080080ec       0x60 ./Drivers/STM32WLxx_HAL_Driver/Src/stm32wlxx_hal_i2c.o
 .text.HAL_I2CEx_ConfigAnalogFilter
                0x0800814c       0x94 ./Drivers/STM32WLxx_HAL_Driver/Src/stm32wlxx_hal_i2c_ex.o
                0x0800814c                HAL_I2CEx_ConfigAnalogFilter
 .text.HAL_I2CEx_ConfigDigitalFilter
                0x080081e0       0x96 ./Drivers/STM32WLxx_HAL_Driver/Src/stm32wlxx_hal_i2c_ex.o
                0x080081e0                HAL_I2CEx_ConfigDigitalFilter
 *fill*         0x08008276        0x2 
 .text.HAL_PWR_EnableBkUpAccess
                0x08008278       0x1c ./Drivers/STM32WLxx_HAL_Driver/Src/stm32wlxx_hal_pwr.o
                0x08008278                HAL_PWR_EnableBkUpAccess
 .text.HAL_PWREx_GetVoltageRange
                0x08008294       0x18 ./Drivers/STM32WLxx_HAL_Driver/Src/stm32wlxx_hal_pwr_ex.o
                0x08008294                HAL_PWREx_GetVoltageRange
 .text.LL_PWR_IsEnabledBkUpAccess
                0x080082ac       0x24 ./Drivers/STM32WLxx_HAL_Driver/Src/stm32wlxx_hal_rcc.o
 .text.LL_RCC_HSE_EnableTcxo
                0x080082d0       0x1c ./Drivers/STM32WLxx_HAL_Driver/Src/stm32wlxx_hal_rcc.o
 .text.LL_RCC_HSE_DisableTcxo
                0x080082ec       0x1c ./Drivers/STM32WLxx_HAL_Driver/Src/stm32wlxx_hal_rcc.o
 .text.LL_RCC_HSE_IsEnabledDiv2
                0x08008308       0x22 ./Drivers/STM32WLxx_HAL_Driver/Src/stm32wlxx_hal_rcc.o
 .text.LL_RCC_HSE_Enable
                0x0800832a       0x1c ./Drivers/STM32WLxx_HAL_Driver/Src/stm32wlxx_hal_rcc.o
 .text.LL_RCC_HSE_Disable
                0x08008346       0x1c ./Drivers/STM32WLxx_HAL_Driver/Src/stm32wlxx_hal_rcc.o
 .text.LL_RCC_HSE_IsReady
                0x08008362       0x22 ./Drivers/STM32WLxx_HAL_Driver/Src/stm32wlxx_hal_rcc.o
 .text.LL_RCC_HSI_Enable
                0x08008384       0x1c ./Drivers/STM32WLxx_HAL_Driver/Src/stm32wlxx_hal_rcc.o
 .text.LL_RCC_HSI_Disable
                0x080083a0       0x1c ./Drivers/STM32WLxx_HAL_Driver/Src/stm32wlxx_hal_rcc.o
 .text.LL_RCC_HSI_IsReady
                0x080083bc       0x22 ./Drivers/STM32WLxx_HAL_Driver/Src/stm32wlxx_hal_rcc.o
 .text.LL_RCC_HSI_SetCalibTrimming
                0x080083de       0x28 ./Drivers/STM32WLxx_HAL_Driver/Src/stm32wlxx_hal_rcc.o
 .text.LL_RCC_LSE_IsReady
                0x08008406       0x22 ./Drivers/STM32WLxx_HAL_Driver/Src/stm32wlxx_hal_rcc.o
 .text.LL_RCC_LSI_Enable
                0x08008428       0x20 ./Drivers/STM32WLxx_HAL_Driver/Src/stm32wlxx_hal_rcc.o
 .text.LL_RCC_LSI_Disable
                0x08008448       0x20 ./Drivers/STM32WLxx_HAL_Driver/Src/stm32wlxx_hal_rcc.o
 .text.LL_RCC_LSI_IsReady
                0x08008468       0x22 ./Drivers/STM32WLxx_HAL_Driver/Src/stm32wlxx_hal_rcc.o
 .text.LL_RCC_MSI_Enable
                0x0800848a       0x1c ./Drivers/STM32WLxx_HAL_Driver/Src/stm32wlxx_hal_rcc.o
 .text.LL_RCC_MSI_Disable
                0x080084a6       0x1c ./Drivers/STM32WLxx_HAL_Driver/Src/stm32wlxx_hal_rcc.o
 .text.LL_RCC_MSI_IsReady
                0x080084c2       0x20 ./Drivers/STM32WLxx_HAL_Driver/Src/stm32wlxx_hal_rcc.o
 .text.LL_RCC_MSI_IsEnabledRangeSelect
                0x080084e2       0x20 ./Drivers/STM32WLxx_HAL_Driver/Src/stm32wlxx_hal_rcc.o
 .text.LL_RCC_MSI_GetRange
                0x08008502       0x16 ./Drivers/STM32WLxx_HAL_Driver/Src/stm32wlxx_hal_rcc.o
 .text.LL_RCC_MSI_GetRangeAfterStandby
                0x08008518       0x18 ./Drivers/STM32WLxx_HAL_Driver/Src/stm32wlxx_hal_rcc.o
 .text.LL_RCC_MSI_SetCalibTrimming
                0x08008530       0x28 ./Drivers/STM32WLxx_HAL_Driver/Src/stm32wlxx_hal_rcc.o
 .text.LL_RCC_SetSysClkSource
                0x08008558       0x26 ./Drivers/STM32WLxx_HAL_Driver/Src/stm32wlxx_hal_rcc.o
 .text.LL_RCC_GetSysClkSource
                0x0800857e       0x16 ./Drivers/STM32WLxx_HAL_Driver/Src/stm32wlxx_hal_rcc.o
 .text.LL_RCC_SetAHBPrescaler
                0x08008594       0x26 ./Drivers/STM32WLxx_HAL_Driver/Src/stm32wlxx_hal_rcc.o
 .text.LL_C2_RCC_SetAHBPrescaler
                0x080085ba       0x2a ./Drivers/STM32WLxx_HAL_Driver/Src/stm32wlxx_hal_rcc.o
 .text.LL_RCC_SetAHB3Prescaler
                0x080085e4       0x2c ./Drivers/STM32WLxx_HAL_Driver/Src/stm32wlxx_hal_rcc.o
 .text.LL_RCC_SetAPB1Prescaler
                0x08008610       0x26 ./Drivers/STM32WLxx_HAL_Driver/Src/stm32wlxx_hal_rcc.o
 .text.LL_RCC_SetAPB2Prescaler
                0x08008636       0x26 ./Drivers/STM32WLxx_HAL_Driver/Src/stm32wlxx_hal_rcc.o
 .text.LL_RCC_GetAHBPrescaler
                0x0800865c       0x16 ./Drivers/STM32WLxx_HAL_Driver/Src/stm32wlxx_hal_rcc.o
 .text.LL_RCC_GetAHB3Prescaler
                0x08008672       0x1a ./Drivers/STM32WLxx_HAL_Driver/Src/stm32wlxx_hal_rcc.o
 .text.LL_RCC_GetAPB1Prescaler
                0x0800868c       0x16 ./Drivers/STM32WLxx_HAL_Driver/Src/stm32wlxx_hal_rcc.o
 .text.LL_RCC_GetAPB2Prescaler
                0x080086a2       0x16 ./Drivers/STM32WLxx_HAL_Driver/Src/stm32wlxx_hal_rcc.o
 .text.LL_RCC_PLL_Enable
                0x080086b8       0x1c ./Drivers/STM32WLxx_HAL_Driver/Src/stm32wlxx_hal_rcc.o
 .text.LL_RCC_PLL_Disable
                0x080086d4       0x1c ./Drivers/STM32WLxx_HAL_Driver/Src/stm32wlxx_hal_rcc.o
 .text.LL_RCC_PLL_IsReady
                0x080086f0       0x22 ./Drivers/STM32WLxx_HAL_Driver/Src/stm32wlxx_hal_rcc.o
 .text.LL_RCC_PLL_GetN
                0x08008712       0x18 ./Drivers/STM32WLxx_HAL_Driver/Src/stm32wlxx_hal_rcc.o
 .text.LL_RCC_PLL_GetR
                0x0800872a       0x16 ./Drivers/STM32WLxx_HAL_Driver/Src/stm32wlxx_hal_rcc.o
 .text.LL_RCC_PLL_GetDivider
                0x08008740       0x16 ./Drivers/STM32WLxx_HAL_Driver/Src/stm32wlxx_hal_rcc.o
 .text.LL_RCC_PLL_GetMainSource
                0x08008756       0x16 ./Drivers/STM32WLxx_HAL_Driver/Src/stm32wlxx_hal_rcc.o
 .text.LL_RCC_IsActiveFlag_HPRE
                0x0800876c       0x22 ./Drivers/STM32WLxx_HAL_Driver/Src/stm32wlxx_hal_rcc.o
 .text.LL_RCC_IsActiveFlag_C2HPRE
                0x0800878e       0x24 ./Drivers/STM32WLxx_HAL_Driver/Src/stm32wlxx_hal_rcc.o
 .text.LL_RCC_IsActiveFlag_SHDHPRE
                0x080087b2       0x24 ./Drivers/STM32WLxx_HAL_Driver/Src/stm32wlxx_hal_rcc.o
 .text.LL_RCC_IsActiveFlag_PPRE1
                0x080087d6       0x22 ./Drivers/STM32WLxx_HAL_Driver/Src/stm32wlxx_hal_rcc.o
 .text.LL_RCC_IsActiveFlag_PPRE2
                0x080087f8       0x22 ./Drivers/STM32WLxx_HAL_Driver/Src/stm32wlxx_hal_rcc.o
 *fill*         0x0800881a        0x2 
 .text.HAL_RCC_OscConfig
                0x0800881c      0x704 ./Drivers/STM32WLxx_HAL_Driver/Src/stm32wlxx_hal_rcc.o
                0x0800881c                HAL_RCC_OscConfig
 .text.HAL_RCC_ClockConfig
                0x08008f20      0x284 ./Drivers/STM32WLxx_HAL_Driver/Src/stm32wlxx_hal_rcc.o
                0x08008f20                HAL_RCC_ClockConfig
 .text.HAL_RCC_GetSysClockFreq
                0x080091a4      0x140 ./Drivers/STM32WLxx_HAL_Driver/Src/stm32wlxx_hal_rcc.o
                0x080091a4                HAL_RCC_GetSysClockFreq
 .text.HAL_RCC_GetHCLKFreq
                0x080092e4       0x28 ./Drivers/STM32WLxx_HAL_Driver/Src/stm32wlxx_hal_rcc.o
                0x080092e4                HAL_RCC_GetHCLKFreq
 .text.HAL_RCC_GetPCLK1Freq
                0x0800930c       0x24 ./Drivers/STM32WLxx_HAL_Driver/Src/stm32wlxx_hal_rcc.o
                0x0800930c                HAL_RCC_GetPCLK1Freq
 .text.HAL_RCC_GetPCLK2Freq
                0x08009330       0x24 ./Drivers/STM32WLxx_HAL_Driver/Src/stm32wlxx_hal_rcc.o
                0x08009330                HAL_RCC_GetPCLK2Freq
 .text.RCC_SetFlashLatencyFromMSIRange
                0x08009354       0x60 ./Drivers/STM32WLxx_HAL_Driver/Src/stm32wlxx_hal_rcc.o
 .text.RCC_SetFlashLatency
                0x080093b4      0x104 ./Drivers/STM32WLxx_HAL_Driver/Src/stm32wlxx_hal_rcc.o
 .text.LL_RCC_LSE_IsReady
                0x080094b8       0x22 ./Drivers/STM32WLxx_HAL_Driver/Src/stm32wlxx_hal_rcc_ex.o
 .text.LL_RCC_SetUSARTClockSource
                0x080094da       0x30 ./Drivers/STM32WLxx_HAL_Driver/Src/stm32wlxx_hal_rcc_ex.o
 .text.LL_RCC_SetI2SClockSource
                0x0800950a       0x2a ./Drivers/STM32WLxx_HAL_Driver/Src/stm32wlxx_hal_rcc_ex.o
 .text.LL_RCC_SetLPUARTClockSource
                0x08009534       0x2a ./Drivers/STM32WLxx_HAL_Driver/Src/stm32wlxx_hal_rcc_ex.o
 .text.LL_RCC_SetI2CClockSource
                0x0800955e       0x38 ./Drivers/STM32WLxx_HAL_Driver/Src/stm32wlxx_hal_rcc_ex.o
 .text.LL_RCC_SetLPTIMClockSource
                0x08009596       0x32 ./Drivers/STM32WLxx_HAL_Driver/Src/stm32wlxx_hal_rcc_ex.o
 .text.LL_RCC_SetRNGClockSource
                0x080095c8       0x2a ./Drivers/STM32WLxx_HAL_Driver/Src/stm32wlxx_hal_rcc_ex.o
 .text.LL_RCC_SetADCClockSource
                0x080095f2       0x2a ./Drivers/STM32WLxx_HAL_Driver/Src/stm32wlxx_hal_rcc_ex.o
 .text.LL_RCC_SetRTCClockSource
                0x0800961c       0x2a ./Drivers/STM32WLxx_HAL_Driver/Src/stm32wlxx_hal_rcc_ex.o
 .text.LL_RCC_GetRTCClockSource
                0x08009646       0x18 ./Drivers/STM32WLxx_HAL_Driver/Src/stm32wlxx_hal_rcc_ex.o
 .text.LL_RCC_ForceBackupDomainReset
                0x0800965e       0x20 ./Drivers/STM32WLxx_HAL_Driver/Src/stm32wlxx_hal_rcc_ex.o
 .text.LL_RCC_ReleaseBackupDomainReset
                0x0800967e       0x20 ./Drivers/STM32WLxx_HAL_Driver/Src/stm32wlxx_hal_rcc_ex.o
 *fill*         0x0800969e        0x2 
 .text.HAL_RCCEx_PeriphCLKConfig
                0x080096a0      0x234 ./Drivers/STM32WLxx_HAL_Driver/Src/stm32wlxx_hal_rcc_ex.o
                0x080096a0                HAL_RCCEx_PeriphCLKConfig
 .text.HAL_TIM_Base_Init
                0x080098d4       0xae ./Drivers/STM32WLxx_HAL_Driver/Src/stm32wlxx_hal_tim.o
                0x080098d4                HAL_TIM_Base_Init
 *fill*         0x08009982        0x2 
 .text.HAL_TIM_Base_Start_IT
                0x08009984       0x98 ./Drivers/STM32WLxx_HAL_Driver/Src/stm32wlxx_hal_tim.o
                0x08009984                HAL_TIM_Base_Start_IT
 .text.HAL_TIM_Base_Stop_IT
                0x08009a1c       0x5c ./Drivers/STM32WLxx_HAL_Driver/Src/stm32wlxx_hal_tim.o
                0x08009a1c                HAL_TIM_Base_Stop_IT
 .text.HAL_TIM_IRQHandler
                0x08009a78      0x204 ./Drivers/STM32WLxx_HAL_Driver/Src/stm32wlxx_hal_tim.o
                0x08009a78                HAL_TIM_IRQHandler
 .text.HAL_TIM_ConfigClockSource
                0x08009c7c      0x192 ./Drivers/STM32WLxx_HAL_Driver/Src/stm32wlxx_hal_tim.o
                0x08009c7c                HAL_TIM_ConfigClockSource
 .text.HAL_TIM_OC_DelayElapsedCallback
                0x08009e0e       0x12 ./Drivers/STM32WLxx_HAL_Driver/Src/stm32wlxx_hal_tim.o
                0x08009e0e                HAL_TIM_OC_DelayElapsedCallback
 .text.HAL_TIM_IC_CaptureCallback
                0x08009e20       0x12 ./Drivers/STM32WLxx_HAL_Driver/Src/stm32wlxx_hal_tim.o
                0x08009e20                HAL_TIM_IC_CaptureCallback
 .text.HAL_TIM_PWM_PulseFinishedCallback
                0x08009e32       0x12 ./Drivers/STM32WLxx_HAL_Driver/Src/stm32wlxx_hal_tim.o
                0x08009e32                HAL_TIM_PWM_PulseFinishedCallback
 .text.HAL_TIM_TriggerCallback
                0x08009e44       0x12 ./Drivers/STM32WLxx_HAL_Driver/Src/stm32wlxx_hal_tim.o
                0x08009e44                HAL_TIM_TriggerCallback
 *fill*         0x08009e56        0x2 
 .text.TIM_Base_SetConfig
                0x08009e58       0xdc ./Drivers/STM32WLxx_HAL_Driver/Src/stm32wlxx_hal_tim.o
                0x08009e58                TIM_Base_SetConfig
 .text.TIM_TI1_ConfigInputStage
                0x08009f34       0x5c ./Drivers/STM32WLxx_HAL_Driver/Src/stm32wlxx_hal_tim.o
 .text.TIM_TI2_ConfigInputStage
                0x08009f90       0x5e ./Drivers/STM32WLxx_HAL_Driver/Src/stm32wlxx_hal_tim.o
 .text.TIM_ITRx_SetConfig
                0x08009fee       0x38 ./Drivers/STM32WLxx_HAL_Driver/Src/stm32wlxx_hal_tim.o
 .text.TIM_ETR_SetConfig
                0x0800a026       0x3e ./Drivers/STM32WLxx_HAL_Driver/Src/stm32wlxx_hal_tim.o
                0x0800a026                TIM_ETR_SetConfig
 .text.HAL_TIMEx_MasterConfigSynchronization
                0x0800a064       0xbc ./Drivers/STM32WLxx_HAL_Driver/Src/stm32wlxx_hal_tim_ex.o
                0x0800a064                HAL_TIMEx_MasterConfigSynchronization
 .text.HAL_TIMEx_CommutCallback
                0x0800a120       0x12 ./Drivers/STM32WLxx_HAL_Driver/Src/stm32wlxx_hal_tim_ex.o
                0x0800a120                HAL_TIMEx_CommutCallback
 .text.HAL_TIMEx_BreakCallback
                0x0800a132       0x12 ./Drivers/STM32WLxx_HAL_Driver/Src/stm32wlxx_hal_tim_ex.o
                0x0800a132                HAL_TIMEx_BreakCallback
 .text.HAL_TIMEx_Break2Callback
                0x0800a144       0x12 ./Drivers/STM32WLxx_HAL_Driver/Src/stm32wlxx_hal_tim_ex.o
                0x0800a144                HAL_TIMEx_Break2Callback
 .text.LL_RCC_GetUSARTClockSource
                0x0800a156       0x24 ./Drivers/STM32WLxx_HAL_Driver/Src/stm32wlxx_hal_uart.o
 .text.LL_RCC_GetLPUARTClockSource
                0x0800a17a       0x1e ./Drivers/STM32WLxx_HAL_Driver/Src/stm32wlxx_hal_uart.o
 .text.HAL_UART_Init
                0x0800a198       0xa0 ./Drivers/STM32WLxx_HAL_Driver/Src/stm32wlxx_hal_uart.o
                0x0800a198                HAL_UART_Init
 .text.HAL_UART_MspInit
                0x0800a238       0x12 ./Drivers/STM32WLxx_HAL_Driver/Src/stm32wlxx_hal_uart.o
                0x0800a238                HAL_UART_MspInit
 .text.HAL_UART_Transmit
                0x0800a24a      0x10c ./Drivers/STM32WLxx_HAL_Driver/Src/stm32wlxx_hal_uart.o
                0x0800a24a                HAL_UART_Transmit
 *fill*         0x0800a356        0x2 
 .text.UART_SetConfig
                0x0800a358      0x4e8 ./Drivers/STM32WLxx_HAL_Driver/Src/stm32wlxx_hal_uart.o
                0x0800a358                UART_SetConfig
 .text.UART_AdvFeatureConfig
                0x0800a840      0x142 ./Drivers/STM32WLxx_HAL_Driver/Src/stm32wlxx_hal_uart.o
                0x0800a840                UART_AdvFeatureConfig
 .text.UART_CheckIdleState
                0x0800a982       0x9c ./Drivers/STM32WLxx_HAL_Driver/Src/stm32wlxx_hal_uart.o
                0x0800a982                UART_CheckIdleState
 .text.UART_WaitOnFlagUntilTimeout
                0x0800aa1e      0x19c ./Drivers/STM32WLxx_HAL_Driver/Src/stm32wlxx_hal_uart.o
                0x0800aa1e                UART_WaitOnFlagUntilTimeout
 .text.HAL_UARTEx_DisableFifoMode
                0x0800abba       0x70 ./Drivers/STM32WLxx_HAL_Driver/Src/stm32wlxx_hal_uart_ex.o
                0x0800abba                HAL_UARTEx_DisableFifoMode
 .text.HAL_UARTEx_SetTxFifoThreshold
                0x0800ac2a       0x7c ./Drivers/STM32WLxx_HAL_Driver/Src/stm32wlxx_hal_uart_ex.o
                0x0800ac2a                HAL_UARTEx_SetTxFifoThreshold
 .text.HAL_UARTEx_SetRxFifoThreshold
                0x0800aca6       0x7c ./Drivers/STM32WLxx_HAL_Driver/Src/stm32wlxx_hal_uart_ex.o
                0x0800aca6                HAL_UARTEx_SetRxFifoThreshold
 *fill*         0x0800ad22        0x2 
 .text.UARTEx_SetNbDataToProcess
                0x0800ad24       0x98 ./Drivers/STM32WLxx_HAL_Driver/Src/stm32wlxx_hal_uart_ex.o
 .text.__cvt    0x0800adbc       0xc8 C:/ST/STM32CubeIDE_1.16.1/STM32CubeIDE/plugins/com.st.stm32cube.ide.mcu.externaltools.gnu-tools-for-stm32.12.3.rel1.win32_1.1.0.202410251130/tools/bin/../lib/gcc/arm-none-eabi/12.3.1/../../../../arm-none-eabi/lib/thumb/v7e-m/nofp\libc_nano.a(libc_a-nano-vfprintf_float.o)
                0x0800adbc                __cvt
 .text.__exponent
                0x0800ae84       0x74 C:/ST/STM32CubeIDE_1.16.1/STM32CubeIDE/plugins/com.st.stm32cube.ide.mcu.externaltools.gnu-tools-for-stm32.12.3.rel1.win32_1.1.0.202410251130/tools/bin/../lib/gcc/arm-none-eabi/12.3.1/../../../../arm-none-eabi/lib/thumb/v7e-m/nofp\libc_nano.a(libc_a-nano-vfprintf_float.o)
                0x0800ae84                __exponent
 .text._printf_float
                0x0800aef8      0x458 C:/ST/STM32CubeIDE_1.16.1/STM32CubeIDE/plugins/com.st.stm32cube.ide.mcu.externaltools.gnu-tools-for-stm32.12.3.rel1.win32_1.1.0.202410251130/tools/bin/../lib/gcc/arm-none-eabi/12.3.1/../../../../arm-none-eabi/lib/thumb/v7e-m/nofp\libc_nano.a(libc_a-nano-vfprintf_float.o)
                0x0800aef8                _printf_float
 .text._printf_common
                0x0800b350       0xda C:/ST/STM32CubeIDE_1.16.1/STM32CubeIDE/plugins/com.st.stm32cube.ide.mcu.externaltools.gnu-tools-for-stm32.12.3.rel1.win32_1.1.0.202410251130/tools/bin/../lib/gcc/arm-none-eabi/12.3.1/../../../../arm-none-eabi/lib/thumb/v7e-m/nofp\libc_nano.a(libc_a-nano-vfprintf_i.o)
                0x0800b350                _printf_common
 *fill*         0x0800b42a        0x2 
 .text._printf_i
                0x0800b42c      0x240 C:/ST/STM32CubeIDE_1.16.1/STM32CubeIDE/plugins/com.st.stm32cube.ide.mcu.externaltools.gnu-tools-for-stm32.12.3.rel1.win32_1.1.0.202410251130/tools/bin/../lib/gcc/arm-none-eabi/12.3.1/../../../../arm-none-eabi/lib/thumb/v7e-m/nofp\libc_nano.a(libc_a-nano-vfprintf_i.o)
                0x0800b42c                _printf_i
 .text.std      0x0800b66c       0x6c C:/ST/STM32CubeIDE_1.16.1/STM32CubeIDE/plugins/com.st.stm32cube.ide.mcu.externaltools.gnu-tools-for-stm32.12.3.rel1.win32_1.1.0.202410251130/tools/bin/../lib/gcc/arm-none-eabi/12.3.1/../../../../arm-none-eabi/lib/thumb/v7e-m/nofp\libc_nano.a(libc_a-findfp.o)
 .text.stdio_exit_handler
                0x0800b6d8       0x18 C:/ST/STM32CubeIDE_1.16.1/STM32CubeIDE/plugins/com.st.stm32cube.ide.mcu.externaltools.gnu-tools-for-stm32.12.3.rel1.win32_1.1.0.202410251130/tools/bin/../lib/gcc/arm-none-eabi/12.3.1/../../../../arm-none-eabi/lib/thumb/v7e-m/nofp\libc_nano.a(libc_a-findfp.o)
 .text.cleanup_stdio
                0x0800b6f0       0x40 C:/ST/STM32CubeIDE_1.16.1/STM32CubeIDE/plugins/com.st.stm32cube.ide.mcu.externaltools.gnu-tools-for-stm32.12.3.rel1.win32_1.1.0.202410251130/tools/bin/../lib/gcc/arm-none-eabi/12.3.1/../../../../arm-none-eabi/lib/thumb/v7e-m/nofp\libc_nano.a(libc_a-findfp.o)
 .text.global_stdio_init.part.0
                0x0800b730       0x3c C:/ST/STM32CubeIDE_1.16.1/STM32CubeIDE/plugins/com.st.stm32cube.ide.mcu.externaltools.gnu-tools-for-stm32.12.3.rel1.win32_1.1.0.202410251130/tools/bin/../lib/gcc/arm-none-eabi/12.3.1/../../../../arm-none-eabi/lib/thumb/v7e-m/nofp\libc_nano.a(libc_a-findfp.o)
 .text.__sfp_lock_acquire
                0x0800b76c        0xc C:/ST/STM32CubeIDE_1.16.1/STM32CubeIDE/plugins/com.st.stm32cube.ide.mcu.externaltools.gnu-tools-for-stm32.12.3.rel1.win32_1.1.0.202410251130/tools/bin/../lib/gcc/arm-none-eabi/12.3.1/../../../../arm-none-eabi/lib/thumb/v7e-m/nofp\libc_nano.a(libc_a-findfp.o)
                0x0800b76c                __sfp_lock_acquire
 .text.__sfp_lock_release
                0x0800b778        0xc C:/ST/STM32CubeIDE_1.16.1/STM32CubeIDE/plugins/com.st.stm32cube.ide.mcu.externaltools.gnu-tools-for-stm32.12.3.rel1.win32_1.1.0.202410251130/tools/bin/../lib/gcc/arm-none-eabi/12.3.1/../../../../arm-none-eabi/lib/thumb/v7e-m/nofp\libc_nano.a(libc_a-findfp.o)
                0x0800b778                __sfp_lock_release
 .text.__sinit  0x0800b784       0x30 C:/ST/STM32CubeIDE_1.16.1/STM32CubeIDE/plugins/com.st.stm32cube.ide.mcu.externaltools.gnu-tools-for-stm32.12.3.rel1.win32_1.1.0.202410251130/tools/bin/../lib/gcc/arm-none-eabi/12.3.1/../../../../arm-none-eabi/lib/thumb/v7e-m/nofp\libc_nano.a(libc_a-findfp.o)
                0x0800b784                __sinit
 .text._fwalk_sglue
                0x0800b7b4       0x3c C:/ST/STM32CubeIDE_1.16.1/STM32CubeIDE/plugins/com.st.stm32cube.ide.mcu.externaltools.gnu-tools-for-stm32.12.3.rel1.win32_1.1.0.202410251130/tools/bin/../lib/gcc/arm-none-eabi/12.3.1/../../../../arm-none-eabi/lib/thumb/v7e-m/nofp\libc_nano.a(libc_a-fwalk.o)
                0x0800b7b4                _fwalk_sglue
 .text.printf   0x0800b7f0       0x24 C:/ST/STM32CubeIDE_1.16.1/STM32CubeIDE/plugins/com.st.stm32cube.ide.mcu.externaltools.gnu-tools-for-stm32.12.3.rel1.win32_1.1.0.202410251130/tools/bin/../lib/gcc/arm-none-eabi/12.3.1/../../../../arm-none-eabi/lib/thumb/v7e-m/nofp\libc_nano.a(libc_a-printf.o)
                0x0800b7f0                iprintf
                0x0800b7f0                printf
 .text._puts_r  0x0800b814       0xaa C:/ST/STM32CubeIDE_1.16.1/STM32CubeIDE/plugins/com.st.stm32cube.ide.mcu.externaltools.gnu-tools-for-stm32.12.3.rel1.win32_1.1.0.202410251130/tools/bin/../lib/gcc/arm-none-eabi/12.3.1/../../../../arm-none-eabi/lib/thumb/v7e-m/nofp\libc_nano.a(libc_a-puts.o)
                0x0800b814                _puts_r
 *fill*         0x0800b8be        0x2 
 .text.puts     0x0800b8c0       0x10 C:/ST/STM32CubeIDE_1.16.1/STM32CubeIDE/plugins/com.st.stm32cube.ide.mcu.externaltools.gnu-tools-for-stm32.12.3.rel1.win32_1.1.0.202410251130/tools/bin/../lib/gcc/arm-none-eabi/12.3.1/../../../../arm-none-eabi/lib/thumb/v7e-m/nofp\libc_nano.a(libc_a-puts.o)
                0x0800b8c0                puts
 .text.__sread  0x0800b8d0       0x22 C:/ST/STM32CubeIDE_1.16.1/STM32CubeIDE/plugins/com.st.stm32cube.ide.mcu.externaltools.gnu-tools-for-stm32.12.3.rel1.win32_1.1.0.202410251130/tools/bin/../lib/gcc/arm-none-eabi/12.3.1/../../../../arm-none-eabi/lib/thumb/v7e-m/nofp\libc_nano.a(libc_a-stdio.o)
                0x0800b8d0                __sread
 .text.__swrite
                0x0800b8f2       0x38 C:/ST/STM32CubeIDE_1.16.1/STM32CubeIDE/plugins/com.st.stm32cube.ide.mcu.externaltools.gnu-tools-for-stm32.12.3.rel1.win32_1.1.0.202410251130/tools/bin/../lib/gcc/arm-none-eabi/12.3.1/../../../../arm-none-eabi/lib/thumb/v7e-m/nofp\libc_nano.a(libc_a-stdio.o)
                0x0800b8f2                __swrite
 .text.__sseek  0x0800b92a       0x24 C:/ST/STM32CubeIDE_1.16.1/STM32CubeIDE/plugins/com.st.stm32cube.ide.mcu.externaltools.gnu-tools-for-stm32.12.3.rel1.win32_1.1.0.202410251130/tools/bin/../lib/gcc/arm-none-eabi/12.3.1/../../../../arm-none-eabi/lib/thumb/v7e-m/nofp\libc_nano.a(libc_a-stdio.o)
                0x0800b92a                __sseek
 .text.__sclose
                0x0800b94e        0x8 C:/ST/STM32CubeIDE_1.16.1/STM32CubeIDE/plugins/com.st.stm32cube.ide.mcu.externaltools.gnu-tools-for-stm32.12.3.rel1.win32_1.1.0.202410251130/tools/bin/../lib/gcc/arm-none-eabi/12.3.1/../../../../arm-none-eabi/lib/thumb/v7e-m/nofp\libc_nano.a(libc_a-stdio.o)
                0x0800b94e                __sclose
 .text.__swbuf_r
                0x0800b956       0x7c C:/ST/STM32CubeIDE_1.16.1/STM32CubeIDE/plugins/com.st.stm32cube.ide.mcu.externaltools.gnu-tools-for-stm32.12.3.rel1.win32_1.1.0.202410251130/tools/bin/../lib/gcc/arm-none-eabi/12.3.1/../../../../arm-none-eabi/lib/thumb/v7e-m/nofp\libc_nano.a(libc_a-wbuf.o)
                0x0800b956                __swbuf_r
 *fill*         0x0800b9d2        0x2 
 .text.__swsetup_r
                0x0800b9d4       0xac C:/ST/STM32CubeIDE_1.16.1/STM32CubeIDE/plugins/com.st.stm32cube.ide.mcu.externaltools.gnu-tools-for-stm32.12.3.rel1.win32_1.1.0.202410251130/tools/bin/../lib/gcc/arm-none-eabi/12.3.1/../../../../arm-none-eabi/lib/thumb/v7e-m/nofp\libc_nano.a(libc_a-wsetup.o)
                0x0800b9d4                __swsetup_r
 .text.memset   0x0800ba80       0x10 C:/ST/STM32CubeIDE_1.16.1/STM32CubeIDE/plugins/com.st.stm32cube.ide.mcu.externaltools.gnu-tools-for-stm32.12.3.rel1.win32_1.1.0.202410251130/tools/bin/../lib/gcc/arm-none-eabi/12.3.1/../../../../arm-none-eabi/lib/thumb/v7e-m/nofp\libc_nano.a(libc_a-memset.o)
                0x0800ba80                memset
 .text._localeconv_r
                0x0800ba90        0x8 C:/ST/STM32CubeIDE_1.16.1/STM32CubeIDE/plugins/com.st.stm32cube.ide.mcu.externaltools.gnu-tools-for-stm32.12.3.rel1.win32_1.1.0.202410251130/tools/bin/../lib/gcc/arm-none-eabi/12.3.1/../../../../arm-none-eabi/lib/thumb/v7e-m/nofp\libc_nano.a(libc_a-localeconv.o)
                0x0800ba90                _localeconv_r
 .text._close_r
                0x0800ba98       0x20 C:/ST/STM32CubeIDE_1.16.1/STM32CubeIDE/plugins/com.st.stm32cube.ide.mcu.externaltools.gnu-tools-for-stm32.12.3.rel1.win32_1.1.0.202410251130/tools/bin/../lib/gcc/arm-none-eabi/12.3.1/../../../../arm-none-eabi/lib/thumb/v7e-m/nofp\libc_nano.a(libc_a-closer.o)
                0x0800ba98                _close_r
 .text._lseek_r
                0x0800bab8       0x24 C:/ST/STM32CubeIDE_1.16.1/STM32CubeIDE/plugins/com.st.stm32cube.ide.mcu.externaltools.gnu-tools-for-stm32.12.3.rel1.win32_1.1.0.202410251130/tools/bin/../lib/gcc/arm-none-eabi/12.3.1/../../../../arm-none-eabi/lib/thumb/v7e-m/nofp\libc_nano.a(libc_a-lseekr.o)
                0x0800bab8                _lseek_r
 .text._read_r  0x0800badc       0x24 C:/ST/STM32CubeIDE_1.16.1/STM32CubeIDE/plugins/com.st.stm32cube.ide.mcu.externaltools.gnu-tools-for-stm32.12.3.rel1.win32_1.1.0.202410251130/tools/bin/../lib/gcc/arm-none-eabi/12.3.1/../../../../arm-none-eabi/lib/thumb/v7e-m/nofp\libc_nano.a(libc_a-readr.o)
                0x0800badc                _read_r
 .text._write_r
                0x0800bb00       0x24 C:/ST/STM32CubeIDE_1.16.1/STM32CubeIDE/plugins/com.st.stm32cube.ide.mcu.externaltools.gnu-tools-for-stm32.12.3.rel1.win32_1.1.0.202410251130/tools/bin/../lib/gcc/arm-none-eabi/12.3.1/../../../../arm-none-eabi/lib/thumb/v7e-m/nofp\libc_nano.a(libc_a-writer.o)
                0x0800bb00                _write_r
 .text.__errno  0x0800bb24        0xc C:/ST/STM32CubeIDE_1.16.1/STM32CubeIDE/plugins/com.st.stm32cube.ide.mcu.externaltools.gnu-tools-for-stm32.12.3.rel1.win32_1.1.0.202410251130/tools/bin/../lib/gcc/arm-none-eabi/12.3.1/../../../../arm-none-eabi/lib/thumb/v7e-m/nofp\libc_nano.a(libc_a-errno.o)
                0x0800bb24                __errno
 .text.__libc_init_array
                0x0800bb30       0x48 C:/ST/STM32CubeIDE_1.16.1/STM32CubeIDE/plugins/com.st.stm32cube.ide.mcu.externaltools.gnu-tools-for-stm32.12.3.rel1.win32_1.1.0.202410251130/tools/bin/../lib/gcc/arm-none-eabi/12.3.1/../../../../arm-none-eabi/lib/thumb/v7e-m/nofp\libc_nano.a(libc_a-init.o)
                0x0800bb30                __libc_init_array
 .text.__retarget_lock_init_recursive
                0x0800bb78        0x2 C:/ST/STM32CubeIDE_1.16.1/STM32CubeIDE/plugins/com.st.stm32cube.ide.mcu.externaltools.gnu-tools-for-stm32.12.3.rel1.win32_1.1.0.202410251130/tools/bin/../lib/gcc/arm-none-eabi/12.3.1/../../../../arm-none-eabi/lib/thumb/v7e-m/nofp\libc_nano.a(libc_a-lock.o)
                0x0800bb78                __retarget_lock_init_recursive
 .text.__retarget_lock_acquire_recursive
                0x0800bb7a        0x2 C:/ST/STM32CubeIDE_1.16.1/STM32CubeIDE/plugins/com.st.stm32cube.ide.mcu.externaltools.gnu-tools-for-stm32.12.3.rel1.win32_1.1.0.202410251130/tools/bin/../lib/gcc/arm-none-eabi/12.3.1/../../../../arm-none-eabi/lib/thumb/v7e-m/nofp\libc_nano.a(libc_a-lock.o)
                0x0800bb7a                __retarget_lock_acquire_recursive
 .text.__retarget_lock_release_recursive
                0x0800bb7c        0x2 C:/ST/STM32CubeIDE_1.16.1/STM32CubeIDE/plugins/com.st.stm32cube.ide.mcu.externaltools.gnu-tools-for-stm32.12.3.rel1.win32_1.1.0.202410251130/tools/bin/../lib/gcc/arm-none-eabi/12.3.1/../../../../arm-none-eabi/lib/thumb/v7e-m/nofp\libc_nano.a(libc_a-lock.o)
                0x0800bb7c                __retarget_lock_release_recursive
 .text.quorem   0x0800bb7e      0x110 C:/ST/STM32CubeIDE_1.16.1/STM32CubeIDE/plugins/com.st.stm32cube.ide.mcu.externaltools.gnu-tools-for-stm32.12.3.rel1.win32_1.1.0.202410251130/tools/bin/../lib/gcc/arm-none-eabi/12.3.1/../../../../arm-none-eabi/lib/thumb/v7e-m/nofp\libc_nano.a(libc_a-dtoa.o)
 *fill*         0x0800bc8e        0x2 
 .text._dtoa_r  0x0800bc90      0xb90 C:/ST/STM32CubeIDE_1.16.1/STM32CubeIDE/plugins/com.st.stm32cube.ide.mcu.externaltools.gnu-tools-for-stm32.12.3.rel1.win32_1.1.0.202410251130/tools/bin/../lib/gcc/arm-none-eabi/12.3.1/../../../../arm-none-eabi/lib/thumb/v7e-m/nofp\libc_nano.a(libc_a-dtoa.o)
                0x0800bc90                _dtoa_r
 .text._free_r  0x0800c820       0x94 C:/ST/STM32CubeIDE_1.16.1/STM32CubeIDE/plugins/com.st.stm32cube.ide.mcu.externaltools.gnu-tools-for-stm32.12.3.rel1.win32_1.1.0.202410251130/tools/bin/../lib/gcc/arm-none-eabi/12.3.1/../../../../arm-none-eabi/lib/thumb/v7e-m/nofp\libc_nano.a(libc_a-freer.o)
                0x0800c820                _free_r
 .text.malloc   0x0800c8b4       0x10 C:/ST/STM32CubeIDE_1.16.1/STM32CubeIDE/plugins/com.st.stm32cube.ide.mcu.externaltools.gnu-tools-for-stm32.12.3.rel1.win32_1.1.0.202410251130/tools/bin/../lib/gcc/arm-none-eabi/12.3.1/../../../../arm-none-eabi/lib/thumb/v7e-m/nofp\libc_nano.a(libc_a-malloc.o)
                0x0800c8b4                malloc
 .text.sbrk_aligned
                0x0800c8c4       0x44 C:/ST/STM32CubeIDE_1.16.1/STM32CubeIDE/plugins/com.st.stm32cube.ide.mcu.externaltools.gnu-tools-for-stm32.12.3.rel1.win32_1.1.0.202410251130/tools/bin/../lib/gcc/arm-none-eabi/12.3.1/../../../../arm-none-eabi/lib/thumb/v7e-m/nofp\libc_nano.a(libc_a-mallocr.o)
 .text._malloc_r
                0x0800c908      0x100 C:/ST/STM32CubeIDE_1.16.1/STM32CubeIDE/plugins/com.st.stm32cube.ide.mcu.externaltools.gnu-tools-for-stm32.12.3.rel1.win32_1.1.0.202410251130/tools/bin/../lib/gcc/arm-none-eabi/12.3.1/../../../../arm-none-eabi/lib/thumb/v7e-m/nofp\libc_nano.a(libc_a-mallocr.o)
                0x0800c908                _malloc_r
 .text.__malloc_lock
                0x0800ca08        0xc C:/ST/STM32CubeIDE_1.16.1/STM32CubeIDE/plugins/com.st.stm32cube.ide.mcu.externaltools.gnu-tools-for-stm32.12.3.rel1.win32_1.1.0.202410251130/tools/bin/../lib/gcc/arm-none-eabi/12.3.1/../../../../arm-none-eabi/lib/thumb/v7e-m/nofp\libc_nano.a(libc_a-mlock.o)
                0x0800ca08                __malloc_lock
 .text.__malloc_unlock
                0x0800ca14        0xc C:/ST/STM32CubeIDE_1.16.1/STM32CubeIDE/plugins/com.st.stm32cube.ide.mcu.externaltools.gnu-tools-for-stm32.12.3.rel1.win32_1.1.0.202410251130/tools/bin/../lib/gcc/arm-none-eabi/12.3.1/../../../../arm-none-eabi/lib/thumb/v7e-m/nofp\libc_nano.a(libc_a-mlock.o)
                0x0800ca14                __malloc_unlock
 .text._Balloc  0x0800ca20       0x80 C:/ST/STM32CubeIDE_1.16.1/STM32CubeIDE/plugins/com.st.stm32cube.ide.mcu.externaltools.gnu-tools-for-stm32.12.3.rel1.win32_1.1.0.202410251130/tools/bin/../lib/gcc/arm-none-eabi/12.3.1/../../../../arm-none-eabi/lib/thumb/v7e-m/nofp\libc_nano.a(libc_a-mprec.o)
                0x0800ca20                _Balloc
 .text._Bfree   0x0800caa0       0x44 C:/ST/STM32CubeIDE_1.16.1/STM32CubeIDE/plugins/com.st.stm32cube.ide.mcu.externaltools.gnu-tools-for-stm32.12.3.rel1.win32_1.1.0.202410251130/tools/bin/../lib/gcc/arm-none-eabi/12.3.1/../../../../arm-none-eabi/lib/thumb/v7e-m/nofp\libc_nano.a(libc_a-mprec.o)
                0x0800caa0                _Bfree
 .text.__multadd
                0x0800cae4       0x8c C:/ST/STM32CubeIDE_1.16.1/STM32CubeIDE/plugins/com.st.stm32cube.ide.mcu.externaltools.gnu-tools-for-stm32.12.3.rel1.win32_1.1.0.202410251130/tools/bin/../lib/gcc/arm-none-eabi/12.3.1/../../../../arm-none-eabi/lib/thumb/v7e-m/nofp\libc_nano.a(libc_a-mprec.o)
                0x0800cae4                __multadd
 .text.__hi0bits
                0x0800cb70       0x3e C:/ST/STM32CubeIDE_1.16.1/STM32CubeIDE/plugins/com.st.stm32cube.ide.mcu.externaltools.gnu-tools-for-stm32.12.3.rel1.win32_1.1.0.202410251130/tools/bin/../lib/gcc/arm-none-eabi/12.3.1/../../../../arm-none-eabi/lib/thumb/v7e-m/nofp\libc_nano.a(libc_a-mprec.o)
                0x0800cb70                __hi0bits
 .text.__lo0bits
                0x0800cbae       0x5a C:/ST/STM32CubeIDE_1.16.1/STM32CubeIDE/plugins/com.st.stm32cube.ide.mcu.externaltools.gnu-tools-for-stm32.12.3.rel1.win32_1.1.0.202410251130/tools/bin/../lib/gcc/arm-none-eabi/12.3.1/../../../../arm-none-eabi/lib/thumb/v7e-m/nofp\libc_nano.a(libc_a-mprec.o)
                0x0800cbae                __lo0bits
 .text.__i2b    0x0800cc08       0x2c C:/ST/STM32CubeIDE_1.16.1/STM32CubeIDE/plugins/com.st.stm32cube.ide.mcu.externaltools.gnu-tools-for-stm32.12.3.rel1.win32_1.1.0.202410251130/tools/bin/../lib/gcc/arm-none-eabi/12.3.1/../../../../arm-none-eabi/lib/thumb/v7e-m/nofp\libc_nano.a(libc_a-mprec.o)
                0x0800cc08                __i2b
 .text.__multiply
                0x0800cc34      0x154 C:/ST/STM32CubeIDE_1.16.1/STM32CubeIDE/plugins/com.st.stm32cube.ide.mcu.externaltools.gnu-tools-for-stm32.12.3.rel1.win32_1.1.0.202410251130/tools/bin/../lib/gcc/arm-none-eabi/12.3.1/../../../../arm-none-eabi/lib/thumb/v7e-m/nofp\libc_nano.a(libc_a-mprec.o)
                0x0800cc34                __multiply
 .text.__pow5mult
                0x0800cd88       0xb4 C:/ST/STM32CubeIDE_1.16.1/STM32CubeIDE/plugins/com.st.stm32cube.ide.mcu.externaltools.gnu-tools-for-stm32.12.3.rel1.win32_1.1.0.202410251130/tools/bin/../lib/gcc/arm-none-eabi/12.3.1/../../../../arm-none-eabi/lib/thumb/v7e-m/nofp\libc_nano.a(libc_a-mprec.o)
                0x0800cd88                __pow5mult
 .text.__lshift
                0x0800ce3c       0xd8 C:/ST/STM32CubeIDE_1.16.1/STM32CubeIDE/plugins/com.st.stm32cube.ide.mcu.externaltools.gnu-tools-for-stm32.12.3.rel1.win32_1.1.0.202410251130/tools/bin/../lib/gcc/arm-none-eabi/12.3.1/../../../../arm-none-eabi/lib/thumb/v7e-m/nofp\libc_nano.a(libc_a-mprec.o)
                0x0800ce3c                __lshift
 .text.__mcmp   0x0800cf14       0x36 C:/ST/STM32CubeIDE_1.16.1/STM32CubeIDE/plugins/com.st.stm32cube.ide.mcu.externaltools.gnu-tools-for-stm32.12.3.rel1.win32_1.1.0.202410251130/tools/bin/../lib/gcc/arm-none-eabi/12.3.1/../../../../arm-none-eabi/lib/thumb/v7e-m/nofp\libc_nano.a(libc_a-mprec.o)
                0x0800cf14                __mcmp
 *fill*         0x0800cf4a        0x2 
 .text.__mdiff  0x0800cf4c      0x124 C:/ST/STM32CubeIDE_1.16.1/STM32CubeIDE/plugins/com.st.stm32cube.ide.mcu.externaltools.gnu-tools-for-stm32.12.3.rel1.win32_1.1.0.202410251130/tools/bin/../lib/gcc/arm-none-eabi/12.3.1/../../../../arm-none-eabi/lib/thumb/v7e-m/nofp\libc_nano.a(libc_a-mprec.o)
                0x0800cf4c                __mdiff
 .text.__d2b    0x0800d070       0xb0 C:/ST/STM32CubeIDE_1.16.1/STM32CubeIDE/plugins/com.st.stm32cube.ide.mcu.externaltools.gnu-tools-for-stm32.12.3.rel1.win32_1.1.0.202410251130/tools/bin/../lib/gcc/arm-none-eabi/12.3.1/../../../../arm-none-eabi/lib/thumb/v7e-m/nofp\libc_nano.a(libc_a-mprec.o)
                0x0800d070                __d2b
 .text.__sfputc_r
                0x0800d120       0x2a C:/ST/STM32CubeIDE_1.16.1/STM32CubeIDE/plugins/com.st.stm32cube.ide.mcu.externaltools.gnu-tools-for-stm32.12.3.rel1.win32_1.1.0.202410251130/tools/bin/../lib/gcc/arm-none-eabi/12.3.1/../../../../arm-none-eabi/lib/thumb/v7e-m/nofp\libc_nano.a(libc_a-nano-vfprintf.o)
 .text.__sfputs_r
                0x0800d14a       0x24 C:/ST/STM32CubeIDE_1.16.1/STM32CubeIDE/plugins/com.st.stm32cube.ide.mcu.externaltools.gnu-tools-for-stm32.12.3.rel1.win32_1.1.0.202410251130/tools/bin/../lib/gcc/arm-none-eabi/12.3.1/../../../../arm-none-eabi/lib/thumb/v7e-m/nofp\libc_nano.a(libc_a-nano-vfprintf.o)
                0x0800d14a                __sfputs_r
 *fill*         0x0800d16e        0x2 
 .text._vfprintf_r
                0x0800d170      0x230 C:/ST/STM32CubeIDE_1.16.1/STM32CubeIDE/plugins/com.st.stm32cube.ide.mcu.externaltools.gnu-tools-for-stm32.12.3.rel1.win32_1.1.0.202410251130/tools/bin/../lib/gcc/arm-none-eabi/12.3.1/../../../../arm-none-eabi/lib/thumb/v7e-m/nofp\libc_nano.a(libc_a-nano-vfprintf.o)
                0x0800d170                _vfprintf_r
                0x0800d170                _vfiprintf_r
 .text.__sflush_r
                0x0800d3a0      0x100 C:/ST/STM32CubeIDE_1.16.1/STM32CubeIDE/plugins/com.st.stm32cube.ide.mcu.externaltools.gnu-tools-for-stm32.12.3.rel1.win32_1.1.0.202410251130/tools/bin/../lib/gcc/arm-none-eabi/12.3.1/../../../../arm-none-eabi/lib/thumb/v7e-m/nofp\libc_nano.a(libc_a-fflush.o)
                0x0800d3a0                __sflush_r
 .text._fflush_r
                0x0800d4a0       0x50 C:/ST/STM32CubeIDE_1.16.1/STM32CubeIDE/plugins/com.st.stm32cube.ide.mcu.externaltools.gnu-tools-for-stm32.12.3.rel1.win32_1.1.0.202410251130/tools/bin/../lib/gcc/arm-none-eabi/12.3.1/../../../../arm-none-eabi/lib/thumb/v7e-m/nofp\libc_nano.a(libc_a-fflush.o)
                0x0800d4a0                _fflush_r
 .text.__swhatbuf_r
                0x0800d4f0       0x4c C:/ST/STM32CubeIDE_1.16.1/STM32CubeIDE/plugins/com.st.stm32cube.ide.mcu.externaltools.gnu-tools-for-stm32.12.3.rel1.win32_1.1.0.202410251130/tools/bin/../lib/gcc/arm-none-eabi/12.3.1/../../../../arm-none-eabi/lib/thumb/v7e-m/nofp\libc_nano.a(libc_a-makebuf.o)
                0x0800d4f0                __swhatbuf_r
 .text.__smakebuf_r
                0x0800d53c       0x78 C:/ST/STM32CubeIDE_1.16.1/STM32CubeIDE/plugins/com.st.stm32cube.ide.mcu.externaltools.gnu-tools-for-stm32.12.3.rel1.win32_1.1.0.202410251130/tools/bin/../lib/gcc/arm-none-eabi/12.3.1/../../../../arm-none-eabi/lib/thumb/v7e-m/nofp\libc_nano.a(libc_a-makebuf.o)
                0x0800d53c                __smakebuf_r
 .text._fstat_r
                0x0800d5b4       0x24 C:/ST/STM32CubeIDE_1.16.1/STM32CubeIDE/plugins/com.st.stm32cube.ide.mcu.externaltools.gnu-tools-for-stm32.12.3.rel1.win32_1.1.0.202410251130/tools/bin/../lib/gcc/arm-none-eabi/12.3.1/../../../../arm-none-eabi/lib/thumb/v7e-m/nofp\libc_nano.a(libc_a-fstatr.o)
                0x0800d5b4                _fstat_r
 .text._isatty_r
                0x0800d5d8       0x20 C:/ST/STM32CubeIDE_1.16.1/STM32CubeIDE/plugins/com.st.stm32cube.ide.mcu.externaltools.gnu-tools-for-stm32.12.3.rel1.win32_1.1.0.202410251130/tools/bin/../lib/gcc/arm-none-eabi/12.3.1/../../../../arm-none-eabi/lib/thumb/v7e-m/nofp\libc_nano.a(libc_a-isattyr.o)
                0x0800d5d8                _isatty_r
 .text._sbrk_r  0x0800d5f8       0x20 C:/ST/STM32CubeIDE_1.16.1/STM32CubeIDE/plugins/com.st.stm32cube.ide.mcu.externaltools.gnu-tools-for-stm32.12.3.rel1.win32_1.1.0.202410251130/tools/bin/../lib/gcc/arm-none-eabi/12.3.1/../../../../arm-none-eabi/lib/thumb/v7e-m/nofp\libc_nano.a(libc_a-sbrkr.o)
                0x0800d5f8                _sbrk_r
 .text.memcpy   0x0800d618       0x1c C:/ST/STM32CubeIDE_1.16.1/STM32CubeIDE/plugins/com.st.stm32cube.ide.mcu.externaltools.gnu-tools-for-stm32.12.3.rel1.win32_1.1.0.202410251130/tools/bin/../lib/gcc/arm-none-eabi/12.3.1/../../../../arm-none-eabi/lib/thumb/v7e-m/nofp\libc_nano.a(libc_a-memcpy-stub.o)
                0x0800d618                memcpy
 .text.__assert_func
                0x0800d634       0x3c C:/ST/STM32CubeIDE_1.16.1/STM32CubeIDE/plugins/com.st.stm32cube.ide.mcu.externaltools.gnu-tools-for-stm32.12.3.rel1.win32_1.1.0.202410251130/tools/bin/../lib/gcc/arm-none-eabi/12.3.1/../../../../arm-none-eabi/lib/thumb/v7e-m/nofp\libc_nano.a(libc_a-assert.o)
                0x0800d634                __assert_func
 .text._calloc_r
                0x0800d670       0x28 C:/ST/STM32CubeIDE_1.16.1/STM32CubeIDE/plugins/com.st.stm32cube.ide.mcu.externaltools.gnu-tools-for-stm32.12.3.rel1.win32_1.1.0.202410251130/tools/bin/../lib/gcc/arm-none-eabi/12.3.1/../../../../arm-none-eabi/lib/thumb/v7e-m/nofp\libc_nano.a(libc_a-callocr.o)
                0x0800d670                _calloc_r
 .text.__ascii_mbtowc
                0x0800d698       0x24 C:/ST/STM32CubeIDE_1.16.1/STM32CubeIDE/plugins/com.st.stm32cube.ide.mcu.externaltools.gnu-tools-for-stm32.12.3.rel1.win32_1.1.0.202410251130/tools/bin/../lib/gcc/arm-none-eabi/12.3.1/../../../../arm-none-eabi/lib/thumb/v7e-m/nofp\libc_nano.a(libc_a-mbtowc_r.o)
                0x0800d698                __ascii_mbtowc
 .text.__ascii_wctomb
                0x0800d6bc       0x1a C:/ST/STM32CubeIDE_1.16.1/STM32CubeIDE/plugins/com.st.stm32cube.ide.mcu.externaltools.gnu-tools-for-stm32.12.3.rel1.win32_1.1.0.202410251130/tools/bin/../lib/gcc/arm-none-eabi/12.3.1/../../../../arm-none-eabi/lib/thumb/v7e-m/nofp\libc_nano.a(libc_a-wctomb_r.o)
                0x0800d6bc                __ascii_wctomb
 *fill*         0x0800d6d6        0x2 
 .text.fprintf  0x0800d6d8       0x24 C:/ST/STM32CubeIDE_1.16.1/STM32CubeIDE/plugins/com.st.stm32cube.ide.mcu.externaltools.gnu-tools-for-stm32.12.3.rel1.win32_1.1.0.202410251130/tools/bin/../lib/gcc/arm-none-eabi/12.3.1/../../../../arm-none-eabi/lib/thumb/v7e-m/nofp\libc_nano.a(libc_a-fprintf.o)
                0x0800d6d8                fiprintf
                0x0800d6d8                fprintf
 .text.abort    0x0800d6fc        0xe C:/ST/STM32CubeIDE_1.16.1/STM32CubeIDE/plugins/com.st.stm32cube.ide.mcu.externaltools.gnu-tools-for-stm32.12.3.rel1.win32_1.1.0.202410251130/tools/bin/../lib/gcc/arm-none-eabi/12.3.1/../../../../arm-none-eabi/lib/thumb/v7e-m/nofp\libc_nano.a(libc_a-abort.o)
                0x0800d6fc                abort
 .text._raise_r
                0x0800d70a       0x50 C:/ST/STM32CubeIDE_1.16.1/STM32CubeIDE/plugins/com.st.stm32cube.ide.mcu.externaltools.gnu-tools-for-stm32.12.3.rel1.win32_1.1.0.202410251130/tools/bin/../lib/gcc/arm-none-eabi/12.3.1/../../../../arm-none-eabi/lib/thumb/v7e-m/nofp\libc_nano.a(libc_a-signal.o)
                0x0800d70a                _raise_r
 *fill*         0x0800d75a        0x2 
 .text.raise    0x0800d75c       0x10 C:/ST/STM32CubeIDE_1.16.1/STM32CubeIDE/plugins/com.st.stm32cube.ide.mcu.externaltools.gnu-tools-for-stm32.12.3.rel1.win32_1.1.0.202410251130/tools/bin/../lib/gcc/arm-none-eabi/12.3.1/../../../../arm-none-eabi/lib/thumb/v7e-m/nofp\libc_nano.a(libc_a-signal.o)
                0x0800d75c                raise
 .text._kill_r  0x0800d76c       0x24 C:/ST/STM32CubeIDE_1.16.1/STM32CubeIDE/plugins/com.st.stm32cube.ide.mcu.externaltools.gnu-tools-for-stm32.12.3.rel1.win32_1.1.0.202410251130/tools/bin/../lib/gcc/arm-none-eabi/12.3.1/../../../../arm-none-eabi/lib/thumb/v7e-m/nofp\libc_nano.a(libc_a-signalr.o)
                0x0800d76c                _kill_r
 .text._getpid_r