D:/vibration test123/Vibration_LoRa/Vibration_LoRa/Drivers/BSP/B-WL5M-SUBG1/b_wl5m_subg1_bus.c:147:9:BSP_I2C2_DeInit	8	static
D:/vibration test123/Vibration_LoRa/Vibration_LoRa/Drivers/BSP/B-WL5M-SUBG1/b_wl5m_subg1_bus.c:175:9:BSP_I2C2_IsReady	8	static
D:/vibration test123/Vibration_LoRa/Vibration_LoRa/Drivers/BSP/B-WL5M-SUBG1/b_wl5m_subg1_bus.c:196:9:BSP_I2C2_WriteReg	24	static
D:/vibration test123/Vibration_LoRa/Vibration_LoRa/Drivers/BSP/B-WL5M-SUBG1/b_wl5m_subg1_bus.c:222:10:BSP_I2C2_ReadReg	24	static
D:/vibration test123/Vibration_LoRa/Vibration_LoRa/Drivers/BSP/B-WL5M-SUBG1/b_wl5m_subg1_bus.c:250:9:BSP_I2C2_WriteReg16	24	static
D:/vibration test123/Vibration_LoRa/Vibration_LoRa/Drivers/BSP/B-WL5M-SUBG1/b_wl5m_subg1_bus.c:275:10:BSP_I2C2_ReadReg16	24	static
D:/vibration test123/Vibration_LoRa/Vibration_LoRa/Drivers/BSP/B-WL5M-SUBG1/b_wl5m_subg1_bus.c:300:9:BSP_I2C2_Send	16	static
D:/vibration test123/Vibration_LoRa/Vibration_LoRa/Drivers/BSP/B-WL5M-SUBG1/b_wl5m_subg1_bus.c:325:9:BSP_I2C2_Recv	16	static
D:/vibration test123/Vibration_LoRa/Vibration_LoRa/Drivers/BSP/B-WL5M-SUBG1/b_wl5m_subg1_bus.c:397:9:BSP_I2C3_DeInit	8	static
D:/vibration test123/Vibration_LoRa/Vibration_LoRa/Drivers/BSP/B-WL5M-SUBG1/b_wl5m_subg1_bus.c:425:9:BSP_I2C3_IsReady	8	static
D:/vibration test123/Vibration_LoRa/Vibration_LoRa/Drivers/BSP/B-WL5M-SUBG1/b_wl5m_subg1_bus.c:446:9:BSP_I2C3_WriteReg	24	static
D:/vibration test123/Vibration_LoRa/Vibration_LoRa/Drivers/BSP/B-WL5M-SUBG1/b_wl5m_subg1_bus.c:472:10:BSP_I2C3_ReadReg	24	static
D:/vibration test123/Vibration_LoRa/Vibration_LoRa/Drivers/BSP/B-WL5M-SUBG1/b_wl5m_subg1_bus.c:500:9:BSP_I2C3_WriteReg16	24	static
D:/vibration test123/Vibration_LoRa/Vibration_LoRa/Drivers/BSP/B-WL5M-SUBG1/b_wl5m_subg1_bus.c:525:10:BSP_I2C3_ReadReg16	24	static
D:/vibration test123/Vibration_LoRa/Vibration_LoRa/Drivers/BSP/B-WL5M-SUBG1/b_wl5m_subg1_bus.c:550:9:BSP_I2C3_Send	16	static
D:/vibration test123/Vibration_LoRa/Vibration_LoRa/Drivers/BSP/B-WL5M-SUBG1/b_wl5m_subg1_bus.c:575:9:BSP_I2C3_Recv	16	static
D:/vibration test123/Vibration_LoRa/Vibration_LoRa/Drivers/BSP/B-WL5M-SUBG1/b_wl5m_subg1_bus.c:703:9:BSP_GetTick	0	static
D:/vibration test123/Vibration_LoRa/Vibration_LoRa/Drivers/BSP/B-WL5M-SUBG1/b_wl5m_subg1_bus.c:709:26:MX_I2C2_Init	16	static
D:/vibration test123/Vibration_LoRa/Vibration_LoRa/Drivers/BSP/B-WL5M-SUBG1/b_wl5m_subg1_bus.c:99:9:BSP_I2C2_Init	120	static
D:/vibration test123/Vibration_LoRa/Vibration_LoRa/Drivers/BSP/B-WL5M-SUBG1/b_wl5m_subg1_bus.c:805:26:MX_I2C3_Init	16	static
D:/vibration test123/Vibration_LoRa/Vibration_LoRa/Drivers/BSP/B-WL5M-SUBG1/b_wl5m_subg1_bus.c:349:9:BSP_I2C3_Init	120	static
