D:/vibration test123/liclinometer/Drivers/BSP/IKS01A3/iks01a3_motion_sensors.c:226:9:IKS01A3_MOTION_SENSOR_Init	88	static
D:/vibration test123/liclinometer/Drivers/BSP/IKS01A3/iks01a3_motion_sensors.c:1166:9:IKS01A3_MOTION_SENSOR_DeInit	8	static
D:/vibration test123/liclinometer/Drivers/BSP/IKS01A3/iks01a3_motion_sensors.c:1192:9:IKS01A3_MOTION_SENSOR_GetCapabilities	8	static
D:/vibration test123/liclinometer/Drivers/BSP/IKS01A3/iks01a3_motion_sensors.c:1218:9:IKS01A3_MOTION_SENSOR_ReadID	8	static
D:/vibration test123/liclinometer/Drivers/BSP/IKS01A3/iks01a3_motion_sensors.c:1247:9:IKS01A3_MOTION_SENSOR_Enable	8	static
D:/vibration test123/liclinometer/Drivers/BSP/IKS01A3/iks01a3_motion_sensors.c:1286:9:IKS01A3_MOTION_SENSOR_Disable	8	static
D:/vibration test123/liclinometer/Drivers/BSP/IKS01A3/iks01a3_motion_sensors.c:1326:9:IKS01A3_MOTION_SENSOR_GetAxes	8	static
D:/vibration test123/liclinometer/Drivers/BSP/IKS01A3/iks01a3_motion_sensors.c:1366:9:IKS01A3_MOTION_SENSOR_GetAxesRaw	8	static
D:/vibration test123/liclinometer/Drivers/BSP/IKS01A3/iks01a3_motion_sensors.c:1406:9:IKS01A3_MOTION_SENSOR_GetSensitivity	8	static
D:/vibration test123/liclinometer/Drivers/BSP/IKS01A3/iks01a3_motion_sensors.c:1447:9:IKS01A3_MOTION_SENSOR_GetOutputDataRate	8	static
D:/vibration test123/liclinometer/Drivers/BSP/IKS01A3/iks01a3_motion_sensors.c:1487:9:IKS01A3_MOTION_SENSOR_GetFullScale	8	static
D:/vibration test123/liclinometer/Drivers/BSP/IKS01A3/iks01a3_motion_sensors.c:1528:9:IKS01A3_MOTION_SENSOR_SetOutputDataRate	8	static
D:/vibration test123/liclinometer/Drivers/BSP/IKS01A3/iks01a3_motion_sensors.c:1568:9:IKS01A3_MOTION_SENSOR_SetFullScale	8	static
